[2026-02-23 22:00:47,092][jit_analysis.py][line:499][WARNING] Unsupported operator aten::gelu encountered 141 time(s)
[2026-02-23 22:00:47,093][jit_analysis.py][line:499][WARNING] Unsupported operator aten::mean encountered 193 time(s)
[2026-02-23 22:00:47,093][jit_analysis.py][line:499][WARNING] Unsupported operator aten::sub encountered 192 time(s)
[2026-02-23 22:00:47,093][jit_analysis.py][line:499][WARNING] Unsupported operator aten::pow encountered 96 time(s)
[2026-02-23 22:00:47,093][jit_analysis.py][line:499][WARNING] Unsupported operator aten::add encountered 330 time(s)
[2026-02-23 22:00:47,093][jit_analysis.py][line:499][WARNING] Unsupported operator aten::sqrt encountered 96 time(s)
[2026-02-23 22:00:47,093][jit_analysis.py][line:499][WARNING] Unsupported operator aten::div encountered 96 time(s)
[2026-02-23 22:00:47,093][jit_analysis.py][line:499][WARNING] Unsupported operator aten::mul encountered 234 time(s)
[2026-02-23 22:03:40,642][main.py][line:179][INFO] [Run 0 | Epoch 0] Val Acc 0.5300, Val Precision 0.3023, Val Recall 0.3586, Val F1 0.3023
[2026-02-23 22:03:40,642][main.py][line:183][INFO] [Run 0 | Epoch 0] Train Acc 0.5345, Train Precision 0.3273, Train Recall 0.3455,Train F1 0.3110
[2026-02-23 22:07:17,462][main.py][line:179][INFO] [Run 0 | Epoch 1] Val Acc 0.4592, Val Precision 0.4135, Val Recall 0.3594, Val F1 0.3029
[2026-02-23 22:07:17,463][main.py][line:183][INFO] [Run 0 | Epoch 1] Train Acc 0.5019, Train Precision 0.5654, Train Recall 0.3561,Train F1 0.3144
[2026-02-23 22:11:17,196][main.py][line:179][INFO] [Run 0 | Epoch 2] Val Acc 0.5043, Val Precision 0.5677, Val Recall 0.3571, Val F1 0.3441
[2026-02-23 22:11:17,196][main.py][line:183][INFO] [Run 0 | Epoch 2] Train Acc 0.5484, Train Precision 0.5407, Train Recall 0.3377,Train F1 0.3180
[2026-02-23 22:15:15,715][main.py][line:179][INFO] [Run 0 | Epoch 3] Val Acc 0.4785, Val Precision 0.5777, Val Recall 0.3718, Val F1 0.3541
[2026-02-23 22:15:15,715][main.py][line:183][INFO] [Run 0 | Epoch 3] Train Acc 0.5575, Train Precision 0.3403, Train Recall 0.3643,Train F1 0.3455
[2026-02-23 22:19:17,234][main.py][line:179][INFO] [Run 0 | Epoch 4] Val Acc 0.5451, Val Precision 0.3269, Val Recall 0.3843, Val F1 0.3076
[2026-02-23 22:19:17,235][main.py][line:183][INFO] [Run 0 | Epoch 4] Train Acc 0.5623, Train Precision 0.3261, Train Recall 0.3479,Train F1 0.2948
[2026-02-23 22:23:14,268][main.py][line:179][INFO] [Run 0 | Epoch 5] Val Acc 0.4914, Val Precision 0.4200, Val Recall 0.4160, Val F1 0.3792
[2026-02-23 22:23:14,268][main.py][line:183][INFO] [Run 0 | Epoch 5] Train Acc 0.5773, Train Precision 0.4987, Train Recall 0.4211,Train F1 0.4019
[2026-02-23 22:27:14,418][main.py][line:179][INFO] [Run 0 | Epoch 6] Val Acc 0.5408, Val Precision 0.4361, Val Recall 0.4047, Val F1 0.3951
[2026-02-23 22:27:14,418][main.py][line:183][INFO] [Run 0 | Epoch 6] Train Acc 0.5420, Train Precision 0.3879, Train Recall 0.3353,Train F1 0.3216
[2026-02-23 22:31:10,759][main.py][line:179][INFO] [Run 0 | Epoch 7] Val Acc 0.5558, Val Precision 0.3725, Val Recall 0.4154, Val F1 0.3572
[2026-02-23 22:31:10,760][main.py][line:183][INFO] [Run 0 | Epoch 7] Train Acc 0.5762, Train Precision 0.4589, Train Recall 0.3773,Train F1 0.3479
[2026-02-23 22:35:06,510][main.py][line:179][INFO] [Run 0 | Epoch 8] Val Acc 0.5601, Val Precision 0.4523, Val Recall 0.4222, Val F1 0.3855
[2026-02-23 22:35:06,510][main.py][line:183][INFO] [Run 0 | Epoch 8] Train Acc 0.5655, Train Precision 0.4456, Train Recall 0.3680,Train F1 0.3570
[2026-02-23 22:39:04,791][main.py][line:179][INFO] [Run 0 | Epoch 9] Val Acc 0.5451, Val Precision 0.4287, Val Recall 0.4187, Val F1 0.4171
[2026-02-23 22:39:04,791][main.py][line:183][INFO] [Run 0 | Epoch 9] Train Acc 0.5671, Train Precision 0.4477, Train Recall 0.3783,Train F1 0.3723
[2026-02-23 22:43:03,679][main.py][line:179][INFO] [Run 0 | Epoch 10] Val Acc 0.5021, Val Precision 0.4332, Val Recall 0.4365, Val F1 0.4186
[2026-02-23 22:43:03,680][main.py][line:183][INFO] [Run 0 | Epoch 10] Train Acc 0.5773, Train Precision 0.4688, Train Recall 0.4427,Train F1 0.4468
[2026-02-23 22:47:02,860][main.py][line:179][INFO] [Run 0 | Epoch 11] Val Acc 0.4592, Val Precision 0.5297, Val Recall 0.3962, Val F1 0.3795
[2026-02-23 22:47:02,861][main.py][line:183][INFO] [Run 0 | Epoch 11] Train Acc 0.5650, Train Precision 0.5285, Train Recall 0.4171,Train F1 0.4165
[2026-02-23 22:50:54,685][main.py][line:179][INFO] [Run 0 | Epoch 12] Val Acc 0.4828, Val Precision 0.4428, Val Recall 0.4142, Val F1 0.3811
[2026-02-23 22:50:54,685][main.py][line:183][INFO] [Run 0 | Epoch 12] Train Acc 0.5720, Train Precision 0.4867, Train Recall 0.4142,Train F1 0.4205
[2026-02-23 22:54:51,998][main.py][line:179][INFO] [Run 0 | Epoch 13] Val Acc 0.4721, Val Precision 0.3323, Val Recall 0.4020, Val F1 0.3377
[2026-02-23 22:54:51,998][main.py][line:183][INFO] [Run 0 | Epoch 13] Train Acc 0.5500, Train Precision 0.4111, Train Recall 0.3985,Train F1 0.3973
[2026-02-23 22:58:44,843][main.py][line:179][INFO] [Run 0 | Epoch 14] Val Acc 0.5150, Val Precision 0.4044, Val Recall 0.3991, Val F1 0.3962
[2026-02-23 22:58:44,843][main.py][line:183][INFO] [Run 0 | Epoch 14] Train Acc 0.5661, Train Precision 0.4652, Train Recall 0.4041,Train F1 0.3798
[2026-02-23 23:02:25,943][main.py][line:179][INFO] [Run 0 | Epoch 15] Val Acc 0.5322, Val Precision 0.3767, Val Recall 0.4335, Val F1 0.3673
[2026-02-23 23:02:25,943][main.py][line:183][INFO] [Run 0 | Epoch 15] Train Acc 0.5784, Train Precision 0.5319, Train Recall 0.4079,Train F1 0.4047
[2026-02-23 23:06:16,045][main.py][line:179][INFO] [Run 0 | Epoch 16] Val Acc 0.4914, Val Precision 0.3974, Val Recall 0.4025, Val F1 0.3767
[2026-02-23 23:06:16,046][main.py][line:183][INFO] [Run 0 | Epoch 16] Train Acc 0.5832, Train Precision 0.4660, Train Recall 0.4316,Train F1 0.4382
[2026-02-23 23:10:13,842][main.py][line:179][INFO] [Run 0 | Epoch 17] Val Acc 0.5300, Val Precision 0.4268, Val Recall 0.4212, Val F1 0.3991
[2026-02-23 23:10:13,842][main.py][line:183][INFO] [Run 0 | Epoch 17] Train Acc 0.6030, Train Precision 0.5249, Train Recall 0.4286,Train F1 0.4227
[2026-02-23 23:14:11,674][main.py][line:179][INFO] [Run 0 | Epoch 18] Val Acc 0.5665, Val Precision 0.4646, Val Recall 0.4482, Val F1 0.3978
[2026-02-23 23:14:11,675][main.py][line:183][INFO] [Run 0 | Epoch 18] Train Acc 0.5955, Train Precision 0.5022, Train Recall 0.4240,Train F1 0.4274
[2026-02-23 23:18:06,616][main.py][line:179][INFO] [Run 0 | Epoch 19] Val Acc 0.5601, Val Precision 0.4525, Val Recall 0.4191, Val F1 0.4104
[2026-02-23 23:18:06,616][main.py][line:183][INFO] [Run 0 | Epoch 19] Train Acc 0.5752, Train Precision 0.4856, Train Recall 0.3829,Train F1 0.3902
[2026-02-23 23:22:04,491][main.py][line:179][INFO] [Run 0 | Epoch 20] Val Acc 0.5515, Val Precision 0.4770, Val Recall 0.4489, Val F1 0.4052
[2026-02-23 23:22:04,491][main.py][line:183][INFO] [Run 0 | Epoch 20] Train Acc 0.6003, Train Precision 0.4887, Train Recall 0.4310,Train F1 0.4339
[2026-02-23 23:26:00,864][main.py][line:179][INFO] [Run 0 | Epoch 21] Val Acc 0.5622, Val Precision 0.5943, Val Recall 0.4181, Val F1 0.4163
[2026-02-23 23:26:00,864][main.py][line:183][INFO] [Run 0 | Epoch 21] Train Acc 0.5869, Train Precision 0.4766, Train Recall 0.4081,Train F1 0.4128
[2026-02-23 23:29:55,643][main.py][line:179][INFO] [Run 0 | Epoch 22] Val Acc 0.5322, Val Precision 0.4711, Val Recall 0.4396, Val F1 0.4419
[2026-02-23 23:29:55,643][main.py][line:183][INFO] [Run 0 | Epoch 22] Train Acc 0.6105, Train Precision 0.5211, Train Recall 0.4666,Train F1 0.4777
[2026-02-23 23:33:54,400][main.py][line:179][INFO] [Run 0 | Epoch 23] Val Acc 0.5172, Val Precision 0.4124, Val Recall 0.3988, Val F1 0.3590
[2026-02-23 23:33:54,400][main.py][line:183][INFO] [Run 0 | Epoch 23] Train Acc 0.5912, Train Precision 0.4757, Train Recall 0.4327,Train F1 0.4350
[2026-02-23 23:37:49,338][main.py][line:179][INFO] [Run 0 | Epoch 24] Val Acc 0.5751, Val Precision 0.4984, Val Recall 0.4600, Val F1 0.4551
[2026-02-23 23:37:49,338][main.py][line:183][INFO] [Run 0 | Epoch 24] Train Acc 0.5993, Train Precision 0.5262, Train Recall 0.4123,Train F1 0.4186
[2026-02-23 23:41:44,355][main.py][line:179][INFO] [Run 0 | Epoch 25] Val Acc 0.5944, Val Precision 0.4978, Val Recall 0.4607, Val F1 0.4667
[2026-02-23 23:41:44,355][main.py][line:183][INFO] [Run 0 | Epoch 25] Train Acc 0.5960, Train Precision 0.4923, Train Recall 0.4134,Train F1 0.4220
[2026-02-23 23:45:42,040][main.py][line:179][INFO] [Run 0 | Epoch 26] Val Acc 0.4635, Val Precision 0.3942, Val Recall 0.4036, Val F1 0.3852
[2026-02-23 23:45:42,040][main.py][line:183][INFO] [Run 0 | Epoch 26] Train Acc 0.5441, Train Precision 0.4167, Train Recall 0.4001,Train F1 0.3961
[2026-02-23 23:49:37,751][main.py][line:179][INFO] [Run 0 | Epoch 27] Val Acc 0.5215, Val Precision 0.4532, Val Recall 0.4341, Val F1 0.3746
[2026-02-23 23:49:37,752][main.py][line:183][INFO] [Run 0 | Epoch 27] Train Acc 0.6073, Train Precision 0.5128, Train Recall 0.4607,Train F1 0.4633
[2026-02-23 23:53:36,165][main.py][line:179][INFO] [Run 0 | Epoch 28] Val Acc 0.5794, Val Precision 0.5848, Val Recall 0.4422, Val F1 0.3970
[2026-02-23 23:53:36,165][main.py][line:183][INFO] [Run 0 | Epoch 28] Train Acc 0.6132, Train Precision 0.5302, Train Recall 0.4459,Train F1 0.4369
[2026-02-23 23:57:28,774][main.py][line:179][INFO] [Run 0 | Epoch 29] Val Acc 0.5773, Val Precision 0.4646, Val Recall 0.4323, Val F1 0.4238
[2026-02-23 23:57:28,775][main.py][line:183][INFO] [Run 0 | Epoch 29] Train Acc 0.6041, Train Precision 0.4859, Train Recall 0.4258,Train F1 0.4302
[2026-02-24 00:01:16,354][main.py][line:179][INFO] [Run 0 | Epoch 30] Val Acc 0.5279, Val Precision 0.4365, Val Recall 0.4394, Val F1 0.4344
[2026-02-24 00:01:16,355][main.py][line:183][INFO] [Run 0 | Epoch 30] Train Acc 0.6174, Train Precision 0.5113, Train Recall 0.5138,Train F1 0.5117
[2026-02-24 00:04:49,980][main.py][line:179][INFO] [Run 0 | Epoch 31] Val Acc 0.5880, Val Precision 0.4775, Val Recall 0.4414, Val F1 0.4327
[2026-02-24 00:04:49,981][main.py][line:183][INFO] [Run 0 | Epoch 31] Train Acc 0.6185, Train Precision 0.5084, Train Recall 0.4602,Train F1 0.4680
[2026-02-24 00:08:25,283][main.py][line:179][INFO] [Run 0 | Epoch 32] Val Acc 0.5536, Val Precision 0.4816, Val Recall 0.4490, Val F1 0.4501
[2026-02-24 00:08:25,283][main.py][line:183][INFO] [Run 0 | Epoch 32] Train Acc 0.6319, Train Precision 0.5317, Train Recall 0.4927,Train F1 0.5033
[2026-02-24 00:12:33,094][main.py][line:179][INFO] [Run 0 | Epoch 33] Val Acc 0.6674, Val Precision 0.6592, Val Recall 0.5099, Val F1 0.5258
[2026-02-24 00:12:33,094][main.py][line:183][INFO] [Run 0 | Epoch 33] Train Acc 0.6549, Train Precision 0.5691, Train Recall 0.5107,Train F1 0.5202
[2026-02-24 00:17:06,822][main.py][line:179][INFO] [Run 0 | Epoch 34] Val Acc 0.6180, Val Precision 0.5544, Val Recall 0.4645, Val F1 0.4699
[2026-02-24 00:17:06,822][main.py][line:183][INFO] [Run 0 | Epoch 34] Train Acc 0.6565, Train Precision 0.5608, Train Recall 0.4973,Train F1 0.5086
[2026-02-24 00:21:47,577][main.py][line:179][INFO] [Run 0 | Epoch 35] Val Acc 0.5966, Val Precision 0.4904, Val Recall 0.4652, Val F1 0.4523
[2026-02-24 00:21:47,577][main.py][line:183][INFO] [Run 0 | Epoch 35] Train Acc 0.6351, Train Precision 0.5398, Train Recall 0.4790,Train F1 0.4767
[2026-02-24 00:26:26,122][main.py][line:179][INFO] [Run 0 | Epoch 36] Val Acc 0.5923, Val Precision 0.4883, Val Recall 0.3948, Val F1 0.4020
[2026-02-24 00:26:26,122][main.py][line:183][INFO] [Run 0 | Epoch 36] Train Acc 0.6244, Train Precision 0.5036, Train Recall 0.4674,Train F1 0.4763
[2026-02-24 00:31:07,959][main.py][line:179][INFO] [Run 0 | Epoch 37] Val Acc 0.6588, Val Precision 0.6446, Val Recall 0.5090, Val F1 0.5168
[2026-02-24 00:31:07,959][main.py][line:183][INFO] [Run 0 | Epoch 37] Train Acc 0.6619, Train Precision 0.5937, Train Recall 0.5144,Train F1 0.5258
[2026-02-24 00:35:48,105][main.py][line:179][INFO] [Run 0 | Epoch 38] Val Acc 0.6695, Val Precision 0.6060, Val Recall 0.5181, Val F1 0.5204
[2026-02-24 00:35:48,105][main.py][line:183][INFO] [Run 0 | Epoch 38] Train Acc 0.6688, Train Precision 0.6028, Train Recall 0.4926,Train F1 0.5082
[2026-02-24 00:40:28,555][main.py][line:179][INFO] [Run 0 | Epoch 39] Val Acc 0.6137, Val Precision 0.5768, Val Recall 0.4640, Val F1 0.4645
[2026-02-24 00:40:28,555][main.py][line:183][INFO] [Run 0 | Epoch 39] Train Acc 0.6715, Train Precision 0.5828, Train Recall 0.5222,Train F1 0.5343
[2026-02-24 00:45:07,745][main.py][line:179][INFO] [Run 0 | Epoch 40] Val Acc 0.6545, Val Precision 0.6034, Val Recall 0.4974, Val F1 0.4783
[2026-02-24 00:45:07,746][main.py][line:183][INFO] [Run 0 | Epoch 40] Train Acc 0.6726, Train Precision 0.5900, Train Recall 0.5021,Train F1 0.5125
[2026-02-24 00:49:47,351][main.py][line:179][INFO] [Run 0 | Epoch 41] Val Acc 0.6137, Val Precision 0.6348, Val Recall 0.4994, Val F1 0.4897
[2026-02-24 00:49:47,351][main.py][line:183][INFO] [Run 0 | Epoch 41] Train Acc 0.6651, Train Precision 0.5707, Train Recall 0.5288,Train F1 0.5372
[2026-02-24 00:54:30,793][main.py][line:179][INFO] [Run 0 | Epoch 42] Val Acc 0.6524, Val Precision 0.5915, Val Recall 0.4747, Val F1 0.4659
[2026-02-24 00:54:30,793][main.py][line:183][INFO] [Run 0 | Epoch 42] Train Acc 0.6597, Train Precision 0.5996, Train Recall 0.4897,Train F1 0.5049
[2026-02-24 00:59:10,612][main.py][line:179][INFO] [Run 0 | Epoch 43] Val Acc 0.6996, Val Precision 0.6677, Val Recall 0.5369, Val F1 0.5553
[2026-02-24 00:59:10,612][main.py][line:183][INFO] [Run 0 | Epoch 43] Train Acc 0.6747, Train Precision 0.5783, Train Recall 0.5092,Train F1 0.5239
[2026-02-24 01:03:54,827][main.py][line:179][INFO] [Run 0 | Epoch 44] Val Acc 0.6459, Val Precision 0.5395, Val Recall 0.5100, Val F1 0.4886
[2026-02-24 01:03:54,828][main.py][line:183][INFO] [Run 0 | Epoch 44] Train Acc 0.6731, Train Precision 0.5833, Train Recall 0.5383,Train F1 0.5303
[2026-02-24 01:08:34,824][main.py][line:179][INFO] [Run 0 | Epoch 45] Val Acc 0.6974, Val Precision 0.6936, Val Recall 0.5508, Val F1 0.5604
[2026-02-24 01:08:34,825][main.py][line:183][INFO] [Run 0 | Epoch 45] Train Acc 0.6988, Train Precision 0.6049, Train Recall 0.5562,Train F1 0.5649
[2026-02-24 01:13:17,748][main.py][line:179][INFO] [Run 0 | Epoch 46] Val Acc 0.6502, Val Precision 0.5999, Val Recall 0.5233, Val F1 0.5337
[2026-02-24 01:13:17,748][main.py][line:183][INFO] [Run 0 | Epoch 46] Train Acc 0.7014, Train Precision 0.6122, Train Recall 0.5599,Train F1 0.5740
[2026-02-24 01:17:59,963][main.py][line:179][INFO] [Run 0 | Epoch 47] Val Acc 0.6288, Val Precision 0.5124, Val Recall 0.4600, Val F1 0.4692
[2026-02-24 01:17:59,963][main.py][line:183][INFO] [Run 0 | Epoch 47] Train Acc 0.6378, Train Precision 0.5268, Train Recall 0.5162,Train F1 0.4968
[2026-02-24 01:22:37,069][main.py][line:179][INFO] [Run 0 | Epoch 48] Val Acc 0.6717, Val Precision 0.5859, Val Recall 0.4942, Val F1 0.4774
[2026-02-24 01:22:37,069][main.py][line:183][INFO] [Run 0 | Epoch 48] Train Acc 0.6859, Train Precision 0.6261, Train Recall 0.5293,Train F1 0.5280
[2026-02-24 01:27:17,199][main.py][line:179][INFO] [Run 0 | Epoch 49] Val Acc 0.6910, Val Precision 0.5966, Val Recall 0.5540, Val F1 0.5417
[2026-02-24 01:27:17,200][main.py][line:183][INFO] [Run 0 | Epoch 49] Train Acc 0.6897, Train Precision 0.6042, Train Recall 0.5459,Train F1 0.5449
[2026-02-24 01:31:56,693][main.py][line:179][INFO] [Run 0 | Epoch 50] Val Acc 0.6910, Val Precision 0.6330, Val Recall 0.5288, Val F1 0.5440
[2026-02-24 01:31:56,693][main.py][line:183][INFO] [Run 0 | Epoch 50] Train Acc 0.6827, Train Precision 0.6421, Train Recall 0.5108,Train F1 0.5233
[2026-02-24 01:36:35,102][main.py][line:179][INFO] [Run 0 | Epoch 51] Val Acc 0.6781, Val Precision 0.5523, Val Recall 0.5147, Val F1 0.5151
[2026-02-24 01:36:35,102][main.py][line:183][INFO] [Run 0 | Epoch 51] Train Acc 0.6913, Train Precision 0.5745, Train Recall 0.5585,Train F1 0.5631
[2026-02-24 01:41:12,917][main.py][line:179][INFO] [Run 0 | Epoch 52] Val Acc 0.6803, Val Precision 0.5863, Val Recall 0.5067, Val F1 0.4830
[2026-02-24 01:41:12,918][main.py][line:183][INFO] [Run 0 | Epoch 52] Train Acc 0.7004, Train Precision 0.6411, Train Recall 0.5454,Train F1 0.5491
[2026-02-24 01:45:51,525][main.py][line:179][INFO] [Run 0 | Epoch 53] Val Acc 0.5987, Val Precision 0.5379, Val Recall 0.4951, Val F1 0.4897
[2026-02-24 01:45:51,526][main.py][line:183][INFO] [Run 0 | Epoch 53] Train Acc 0.6560, Train Precision 0.5733, Train Recall 0.5454,Train F1 0.5447
[2026-02-24 01:50:29,113][main.py][line:179][INFO] [Run 0 | Epoch 54] Val Acc 0.6717, Val Precision 0.6089, Val Recall 0.4954, Val F1 0.5098
[2026-02-24 01:50:29,114][main.py][line:183][INFO] [Run 0 | Epoch 54] Train Acc 0.6816, Train Precision 0.5925, Train Recall 0.5236,Train F1 0.5417
[2026-02-24 01:55:07,794][main.py][line:179][INFO] [Run 0 | Epoch 55] Val Acc 0.6545, Val Precision 0.5368, Val Recall 0.5270, Val F1 0.5279
[2026-02-24 01:55:07,794][main.py][line:183][INFO] [Run 0 | Epoch 55] Train Acc 0.6956, Train Precision 0.5843, Train Recall 0.5813,Train F1 0.5813
[2026-02-24 01:59:47,350][main.py][line:179][INFO] [Run 0 | Epoch 56] Val Acc 0.6609, Val Precision 0.6082, Val Recall 0.5096, Val F1 0.5207
[2026-02-24 01:59:47,350][main.py][line:183][INFO] [Run 0 | Epoch 56] Train Acc 0.6950, Train Precision 0.6380, Train Recall 0.5311,Train F1 0.5464
[2026-02-24 02:04:29,593][main.py][line:179][INFO] [Run 0 | Epoch 57] Val Acc 0.6824, Val Precision 0.6363, Val Recall 0.5346, Val F1 0.5137
[2026-02-24 02:04:29,593][main.py][line:183][INFO] [Run 0 | Epoch 57] Train Acc 0.6972, Train Precision 0.6150, Train Recall 0.5508,Train F1 0.5470
[2026-02-24 02:09:09,997][main.py][line:179][INFO] [Run 0 | Epoch 58] Val Acc 0.6824, Val Precision 0.6006, Val Recall 0.5130, Val F1 0.4823
[2026-02-24 02:09:09,997][main.py][line:183][INFO] [Run 0 | Epoch 58] Train Acc 0.6747, Train Precision 0.5765, Train Recall 0.5124,Train F1 0.5047
[2026-02-24 02:13:50,440][main.py][line:179][INFO] [Run 0 | Epoch 59] Val Acc 0.6931, Val Precision 0.6328, Val Recall 0.5375, Val F1 0.5397
[2026-02-24 02:13:50,440][main.py][line:183][INFO] [Run 0 | Epoch 59] Train Acc 0.7047, Train Precision 0.6300, Train Recall 0.5432,Train F1 0.5498
[2026-02-24 02:18:28,551][main.py][line:179][INFO] [Run 0 | Epoch 60] Val Acc 0.7017, Val Precision 0.6259, Val Recall 0.5391, Val F1 0.5444
[2026-02-24 02:18:28,552][main.py][line:183][INFO] [Run 0 | Epoch 60] Train Acc 0.7143, Train Precision 0.6158, Train Recall 0.5764,Train F1 0.5893
[2026-02-24 02:23:12,899][main.py][line:179][INFO] [Run 0 | Epoch 61] Val Acc 0.6760, Val Precision 0.5843, Val Recall 0.5364, Val F1 0.5354
[2026-02-24 02:23:12,899][main.py][line:183][INFO] [Run 0 | Epoch 61] Train Acc 0.6993, Train Precision 0.6045, Train Recall 0.5539,Train F1 0.5695
[2026-02-24 02:27:51,681][main.py][line:179][INFO] [Run 0 | Epoch 62] Val Acc 0.7232, Val Precision 0.6683, Val Recall 0.5781, Val F1 0.5814
[2026-02-24 02:27:51,682][main.py][line:183][INFO] [Run 0 | Epoch 62] Train Acc 0.7036, Train Precision 0.6235, Train Recall 0.5624,Train F1 0.5667
[2026-02-24 02:32:37,016][main.py][line:179][INFO] [Run 0 | Epoch 63] Val Acc 0.7017, Val Precision 0.6022, Val Recall 0.5702, Val F1 0.5536
[2026-02-24 02:32:37,016][main.py][line:183][INFO] [Run 0 | Epoch 63] Train Acc 0.7057, Train Precision 0.6025, Train Recall 0.5898,Train F1 0.5890
[2026-02-24 02:37:15,968][main.py][line:179][INFO] [Run 0 | Epoch 64] Val Acc 0.6545, Val Precision 0.5579, Val Recall 0.5069, Val F1 0.5118
[2026-02-24 02:37:15,968][main.py][line:183][INFO] [Run 0 | Epoch 64] Train Acc 0.7100, Train Precision 0.6319, Train Recall 0.5597,Train F1 0.5693
[2026-02-24 02:41:57,237][main.py][line:179][INFO] [Run 0 | Epoch 65] Val Acc 0.6717, Val Precision 0.6272, Val Recall 0.5103, Val F1 0.5186
[2026-02-24 02:41:57,237][main.py][line:183][INFO] [Run 0 | Epoch 65] Train Acc 0.7239, Train Precision 0.6630, Train Recall 0.5810,Train F1 0.5967
[2026-02-24 02:46:43,726][main.py][line:179][INFO] [Run 0 | Epoch 66] Val Acc 0.6781, Val Precision 0.6409, Val Recall 0.5403, Val F1 0.5459
[2026-02-24 02:46:43,727][main.py][line:183][INFO] [Run 0 | Epoch 66] Train Acc 0.7121, Train Precision 0.6514, Train Recall 0.5690,Train F1 0.5726
[2026-02-24 02:51:22,086][main.py][line:179][INFO] [Run 0 | Epoch 67] Val Acc 0.6738, Val Precision 0.5605, Val Recall 0.5393, Val F1 0.5237
[2026-02-24 02:51:22,086][main.py][line:183][INFO] [Run 0 | Epoch 67] Train Acc 0.7068, Train Precision 0.6203, Train Recall 0.5705,Train F1 0.5763
[2026-02-24 02:55:59,308][main.py][line:179][INFO] [Run 0 | Epoch 68] Val Acc 0.6888, Val Precision 0.6443, Val Recall 0.5254, Val F1 0.5369
[2026-02-24 02:55:59,309][main.py][line:183][INFO] [Run 0 | Epoch 68] Train Acc 0.7079, Train Precision 0.6315, Train Recall 0.5438,Train F1 0.5583
[2026-02-24 03:00:38,841][main.py][line:179][INFO] [Run 0 | Epoch 69] Val Acc 0.6738, Val Precision 0.5523, Val Recall 0.5504, Val F1 0.5484
[2026-02-24 03:00:38,841][main.py][line:183][INFO] [Run 0 | Epoch 69] Train Acc 0.7148, Train Precision 0.6081, Train Recall 0.5738,Train F1 0.5848
[2026-02-24 03:05:17,805][main.py][line:179][INFO] [Run 0 | Epoch 70] Val Acc 0.7060, Val Precision 0.6289, Val Recall 0.6015, Val F1 0.6000
[2026-02-24 03:05:17,806][main.py][line:183][INFO] [Run 0 | Epoch 70] Train Acc 0.6961, Train Precision 0.5824, Train Recall 0.5784,Train F1 0.5770
[2026-02-24 03:09:57,734][main.py][line:179][INFO] [Run 0 | Epoch 71] Val Acc 0.6845, Val Precision 0.5608, Val Recall 0.5723, Val F1 0.5649
[2026-02-24 03:09:57,735][main.py][line:183][INFO] [Run 0 | Epoch 71] Train Acc 0.7186, Train Precision 0.6000, Train Recall 0.5883,Train F1 0.5920
[2026-02-24 03:14:40,180][main.py][line:179][INFO] [Run 0 | Epoch 72] Val Acc 0.7039, Val Precision 0.6162, Val Recall 0.5390, Val F1 0.5483
[2026-02-24 03:14:40,180][main.py][line:183][INFO] [Run 0 | Epoch 72] Train Acc 0.7255, Train Precision 0.6461, Train Recall 0.5777,Train F1 0.5955
[2026-02-24 03:19:23,853][main.py][line:179][INFO] [Run 0 | Epoch 73] Val Acc 0.6996, Val Precision 0.5945, Val Recall 0.5437, Val F1 0.5542
[2026-02-24 03:19:23,853][main.py][line:183][INFO] [Run 0 | Epoch 73] Train Acc 0.7127, Train Precision 0.6087, Train Recall 0.5766,Train F1 0.5876
[2026-02-24 03:24:02,628][main.py][line:179][INFO] [Run 0 | Epoch 74] Val Acc 0.7275, Val Precision 0.6495, Val Recall 0.5994, Val F1 0.5930
[2026-02-24 03:24:02,628][main.py][line:183][INFO] [Run 0 | Epoch 74] Train Acc 0.7341, Train Precision 0.6394, Train Recall 0.6115,Train F1 0.6184
[2026-02-24 03:28:39,884][main.py][line:179][INFO] [Run 0 | Epoch 75] Val Acc 0.6867, Val Precision 0.5610, Val Recall 0.5478, Val F1 0.5447
[2026-02-24 03:28:39,885][main.py][line:183][INFO] [Run 0 | Epoch 75] Train Acc 0.7127, Train Precision 0.6075, Train Recall 0.5906,Train F1 0.5920
[2026-02-24 03:33:20,078][main.py][line:179][INFO] [Run 0 | Epoch 76] Val Acc 0.6674, Val Precision 0.5619, Val Recall 0.5684, Val F1 0.5575
[2026-02-24 03:33:20,078][main.py][line:183][INFO] [Run 0 | Epoch 76] Train Acc 0.7309, Train Precision 0.6324, Train Recall 0.6045,Train F1 0.6135
[2026-02-24 03:37:59,737][main.py][line:179][INFO] [Run 0 | Epoch 77] Val Acc 0.7339, Val Precision 0.6889, Val Recall 0.5824, Val F1 0.6090
[2026-02-24 03:37:59,737][main.py][line:183][INFO] [Run 0 | Epoch 77] Train Acc 0.6934, Train Precision 0.6240, Train Recall 0.5327,Train F1 0.5574
[2026-02-24 03:42:40,966][main.py][line:179][INFO] [Run 0 | Epoch 78] Val Acc 0.7425, Val Precision 0.6798, Val Recall 0.6156, Val F1 0.6334
[2026-02-24 03:42:40,966][main.py][line:183][INFO] [Run 0 | Epoch 78] Train Acc 0.7266, Train Precision 0.6403, Train Recall 0.5906,Train F1 0.6048
[2026-02-24 03:47:23,260][main.py][line:179][INFO] [Run 0 | Epoch 79] Val Acc 0.7446, Val Precision 0.6550, Val Recall 0.6218, Val F1 0.6352
[2026-02-24 03:47:23,261][main.py][line:183][INFO] [Run 0 | Epoch 79] Train Acc 0.7218, Train Precision 0.6576, Train Recall 0.5716,Train F1 0.5953
[2026-02-24 03:52:00,671][main.py][line:179][INFO] [Run 0 | Epoch 80] Val Acc 0.7554, Val Precision 0.7295, Val Recall 0.6234, Val F1 0.6402
[2026-02-24 03:52:00,672][main.py][line:183][INFO] [Run 0 | Epoch 80] Train Acc 0.7335, Train Precision 0.6771, Train Recall 0.5906,Train F1 0.6118
[2026-02-24 03:56:41,962][main.py][line:179][INFO] [Run 0 | Epoch 81] Val Acc 0.7468, Val Precision 0.6965, Val Recall 0.6347, Val F1 0.6430
[2026-02-24 03:56:41,962][main.py][line:183][INFO] [Run 0 | Epoch 81] Train Acc 0.7421, Train Precision 0.6574, Train Recall 0.6339,Train F1 0.6379
[2026-02-24 04:01:23,022][main.py][line:179][INFO] [Run 0 | Epoch 82] Val Acc 0.7060, Val Precision 0.5870, Val Recall 0.5997, Val F1 0.5906
[2026-02-24 04:01:23,022][main.py][line:183][INFO] [Run 0 | Epoch 82] Train Acc 0.7207, Train Precision 0.6112, Train Recall 0.6116,Train F1 0.6076
[2026-02-24 04:06:01,101][main.py][line:179][INFO] [Run 0 | Epoch 83] Val Acc 0.7339, Val Precision 0.6704, Val Recall 0.6104, Val F1 0.6190
[2026-02-24 04:06:01,102][main.py][line:183][INFO] [Run 0 | Epoch 83] Train Acc 0.7352, Train Precision 0.6622, Train Recall 0.6036,Train F1 0.6116
[2026-02-24 04:10:44,246][main.py][line:179][INFO] [Run 0 | Epoch 84] Val Acc 0.7318, Val Precision 0.6496, Val Recall 0.5960, Val F1 0.6010
[2026-02-24 04:10:44,247][main.py][line:183][INFO] [Run 0 | Epoch 84] Train Acc 0.7025, Train Precision 0.6215, Train Recall 0.5540,Train F1 0.5696
[2026-02-24 04:15:28,043][main.py][line:179][INFO] [Run 0 | Epoch 85] Val Acc 0.7103, Val Precision 0.6155, Val Recall 0.5888, Val F1 0.5816
[2026-02-24 04:15:28,043][main.py][line:183][INFO] [Run 0 | Epoch 85] Train Acc 0.7341, Train Precision 0.6612, Train Recall 0.6038,Train F1 0.6189
[2026-02-24 04:20:06,589][main.py][line:179][INFO] [Run 0 | Epoch 86] Val Acc 0.6867, Val Precision 0.6208, Val Recall 0.5613, Val F1 0.5602
[2026-02-24 04:20:06,589][main.py][line:183][INFO] [Run 0 | Epoch 86] Train Acc 0.7330, Train Precision 0.6316, Train Recall 0.6154,Train F1 0.6223
[2026-02-24 04:24:48,428][main.py][line:179][INFO] [Run 0 | Epoch 87] Val Acc 0.7210, Val Precision 0.6435, Val Recall 0.5791, Val F1 0.5939
[2026-02-24 04:24:48,429][main.py][line:183][INFO] [Run 0 | Epoch 87] Train Acc 0.7111, Train Precision 0.6313, Train Recall 0.5735,Train F1 0.5897
[2026-02-24 04:29:30,244][main.py][line:179][INFO] [Run 0 | Epoch 88] Val Acc 0.7210, Val Precision 0.6439, Val Recall 0.6061, Val F1 0.6208
[2026-02-24 04:29:30,244][main.py][line:183][INFO] [Run 0 | Epoch 88] Train Acc 0.7298, Train Precision 0.6465, Train Recall 0.6034,Train F1 0.6184
[2026-02-24 04:34:10,767][main.py][line:179][INFO] [Run 0 | Epoch 89] Val Acc 0.6867, Val Precision 0.6060, Val Recall 0.5279, Val F1 0.5358
[2026-02-24 04:34:10,767][main.py][line:183][INFO] [Run 0 | Epoch 89] Train Acc 0.7245, Train Precision 0.6432, Train Recall 0.5900,Train F1 0.5959
[2026-02-24 04:38:49,434][main.py][line:179][INFO] [Run 0 | Epoch 90] Val Acc 0.7361, Val Precision 0.6673, Val Recall 0.6161, Val F1 0.6184
[2026-02-24 04:38:49,434][main.py][line:183][INFO] [Run 0 | Epoch 90] Train Acc 0.7475, Train Precision 0.6595, Train Recall 0.6371,Train F1 0.6441
[2026-02-24 04:43:28,825][main.py][line:179][INFO] [Run 0 | Epoch 91] Val Acc 0.7253, Val Precision 0.6487, Val Recall 0.6035, Val F1 0.6163
[2026-02-24 04:43:28,825][main.py][line:183][INFO] [Run 0 | Epoch 91] Train Acc 0.7319, Train Precision 0.6329, Train Recall 0.5998,Train F1 0.6127
[2026-02-24 04:48:11,383][main.py][line:179][INFO] [Run 0 | Epoch 92] Val Acc 0.7124, Val Precision 0.6495, Val Recall 0.5807, Val F1 0.5886
[2026-02-24 04:48:11,384][main.py][line:183][INFO] [Run 0 | Epoch 92] Train Acc 0.7549, Train Precision 0.6865, Train Recall 0.6358,Train F1 0.6529
[2026-02-24 04:52:49,913][main.py][line:179][INFO] [Run 0 | Epoch 93] Val Acc 0.7403, Val Precision 0.6802, Val Recall 0.6067, Val F1 0.6240
[2026-02-24 04:52:49,913][main.py][line:183][INFO] [Run 0 | Epoch 93] Train Acc 0.7341, Train Precision 0.6587, Train Recall 0.6015,Train F1 0.6163
[2026-02-24 04:57:30,476][main.py][line:179][INFO] [Run 0 | Epoch 94] Val Acc 0.7060, Val Precision 0.6149, Val Recall 0.5952, Val F1 0.5967
[2026-02-24 04:57:30,476][main.py][line:183][INFO] [Run 0 | Epoch 94] Train Acc 0.7282, Train Precision 0.6397, Train Recall 0.6102,Train F1 0.6218
[2026-02-24 05:02:09,996][main.py][line:179][INFO] [Run 0 | Epoch 95] Val Acc 0.7275, Val Precision 0.6331, Val Recall 0.6003, Val F1 0.6123
[2026-02-24 05:02:09,996][main.py][line:183][INFO] [Run 0 | Epoch 95] Train Acc 0.7191, Train Precision 0.6308, Train Recall 0.5886,Train F1 0.5975
[2026-02-24 05:06:52,256][main.py][line:179][INFO] [Run 0 | Epoch 96] Val Acc 0.7210, Val Precision 0.6612, Val Recall 0.5950, Val F1 0.6053
[2026-02-24 05:06:52,256][main.py][line:183][INFO] [Run 0 | Epoch 96] Train Acc 0.7469, Train Precision 0.6643, Train Recall 0.6361,Train F1 0.6456
[2026-02-24 05:11:27,783][main.py][line:179][INFO] [Run 0 | Epoch 97] Val Acc 0.7318, Val Precision 0.6436, Val Recall 0.6081, Val F1 0.6204
[2026-02-24 05:11:27,784][main.py][line:183][INFO] [Run 0 | Epoch 97] Train Acc 0.7389, Train Precision 0.6392, Train Recall 0.6289,Train F1 0.6306
[2026-02-24 05:16:09,282][main.py][line:179][INFO] [Run 0 | Epoch 98] Val Acc 0.7232, Val Precision 0.6779, Val Recall 0.6006, Val F1 0.5980
[2026-02-24 05:16:09,282][main.py][line:183][INFO] [Run 0 | Epoch 98] Train Acc 0.7394, Train Precision 0.6899, Train Recall 0.6156,Train F1 0.6275
[2026-02-24 05:20:46,640][main.py][line:179][INFO] [Run 0 | Epoch 99] Val Acc 0.7318, Val Precision 0.6420, Val Recall 0.6261, Val F1 0.6330
[2026-02-24 05:20:46,640][main.py][line:183][INFO] [Run 0 | Epoch 99] Train Acc 0.7389, Train Precision 0.6340, Train Recall 0.6264,Train F1 0.6224
[2026-02-24 05:25:26,772][main.py][line:179][INFO] [Run 0 | Epoch 100] Val Acc 0.7532, Val Precision 0.6960, Val Recall 0.6398, Val F1 0.6567
[2026-02-24 05:25:26,772][main.py][line:183][INFO] [Run 0 | Epoch 100] Train Acc 0.7410, Train Precision 0.6778, Train Recall 0.6237,Train F1 0.6370
[2026-02-24 05:30:04,980][main.py][line:179][INFO] [Run 0 | Epoch 101] Val Acc 0.7361, Val Precision 0.6661, Val Recall 0.6209, Val F1 0.6319
[2026-02-24 05:30:04,980][main.py][line:183][INFO] [Run 0 | Epoch 101] Train Acc 0.7485, Train Precision 0.6644, Train Recall 0.6473,Train F1 0.6549
[2026-02-24 05:34:46,716][main.py][line:179][INFO] [Run 0 | Epoch 102] Val Acc 0.7361, Val Precision 0.7200, Val Recall 0.5866, Val F1 0.6050
[2026-02-24 05:34:46,717][main.py][line:183][INFO] [Run 0 | Epoch 102] Train Acc 0.7330, Train Precision 0.6866, Train Recall 0.5999,Train F1 0.6145
[2026-02-24 05:39:28,622][main.py][line:179][INFO] [Run 0 | Epoch 103] Val Acc 0.7425, Val Precision 0.6639, Val Recall 0.6241, Val F1 0.6350
[2026-02-24 05:39:28,623][main.py][line:183][INFO] [Run 0 | Epoch 103] Train Acc 0.7352, Train Precision 0.6408, Train Recall 0.6267,Train F1 0.6322
[2026-02-24 05:44:11,000][main.py][line:179][INFO] [Run 0 | Epoch 104] Val Acc 0.7167, Val Precision 0.6297, Val Recall 0.6048, Val F1 0.6085
[2026-02-24 05:44:11,000][main.py][line:183][INFO] [Run 0 | Epoch 104] Train Acc 0.7533, Train Precision 0.6634, Train Recall 0.6518,Train F1 0.6541
[2026-02-24 05:48:50,494][main.py][line:179][INFO] [Run 0 | Epoch 105] Val Acc 0.7060, Val Precision 0.6535, Val Recall 0.5517, Val F1 0.5611
[2026-02-24 05:48:50,494][main.py][line:183][INFO] [Run 0 | Epoch 105] Train Acc 0.7528, Train Precision 0.7140, Train Recall 0.6108,Train F1 0.6308
[2026-02-24 05:53:29,450][main.py][line:179][INFO] [Run 0 | Epoch 106] Val Acc 0.7210, Val Precision 0.6504, Val Recall 0.6225, Val F1 0.6231
[2026-02-24 05:53:29,451][main.py][line:183][INFO] [Run 0 | Epoch 106] Train Acc 0.7507, Train Precision 0.6817, Train Recall 0.6578,Train F1 0.6563
[2026-02-24 05:58:10,344][main.py][line:179][INFO] [Run 0 | Epoch 107] Val Acc 0.7425, Val Precision 0.6520, Val Recall 0.6347, Val F1 0.6414
[2026-02-24 05:58:10,345][main.py][line:183][INFO] [Run 0 | Epoch 107] Train Acc 0.7608, Train Precision 0.6947, Train Recall 0.6568,Train F1 0.6720
[2026-02-24 06:02:48,082][main.py][line:179][INFO] [Run 0 | Epoch 108] Val Acc 0.7296, Val Precision 0.6448, Val Recall 0.6414, Val F1 0.6384
[2026-02-24 06:02:48,082][main.py][line:183][INFO] [Run 0 | Epoch 108] Train Acc 0.7212, Train Precision 0.6448, Train Recall 0.6477,Train F1 0.6276
[2026-02-24 06:07:26,017][main.py][line:179][INFO] [Run 0 | Epoch 109] Val Acc 0.7253, Val Precision 0.6896, Val Recall 0.5907, Val F1 0.5892
[2026-02-24 06:07:26,017][main.py][line:183][INFO] [Run 0 | Epoch 109] Train Acc 0.7373, Train Precision 0.6662, Train Recall 0.6238,Train F1 0.6234
[2026-02-24 06:11:57,548][main.py][line:179][INFO] [Run 0 | Epoch 110] Val Acc 0.7124, Val Precision 0.6348, Val Recall 0.5946, Val F1 0.6019
[2026-02-24 06:11:57,549][main.py][line:183][INFO] [Run 0 | Epoch 110] Train Acc 0.7566, Train Precision 0.6764, Train Recall 0.6521,Train F1 0.6615
[2026-02-24 06:16:04,846][main.py][line:179][INFO] [Run 0 | Epoch 111] Val Acc 0.7339, Val Precision 0.6770, Val Recall 0.6334, Val F1 0.6443
[2026-02-24 06:16:04,847][main.py][line:183][INFO] [Run 0 | Epoch 111] Train Acc 0.7603, Train Precision 0.6719, Train Recall 0.6677,Train F1 0.6694
[2026-02-24 06:20:15,550][main.py][line:179][INFO] [Run 0 | Epoch 112] Val Acc 0.7382, Val Precision 0.6962, Val Recall 0.6096, Val F1 0.6356
[2026-02-24 06:20:15,551][main.py][line:183][INFO] [Run 0 | Epoch 112] Train Acc 0.7459, Train Precision 0.6754, Train Recall 0.6184,Train F1 0.6368
[2026-02-24 06:24:25,571][main.py][line:179][INFO] [Run 0 | Epoch 113] Val Acc 0.7060, Val Precision 0.6714, Val Recall 0.6150, Val F1 0.6272
[2026-02-24 06:24:25,571][main.py][line:183][INFO] [Run 0 | Epoch 113] Train Acc 0.7517, Train Precision 0.6821, Train Recall 0.6604,Train F1 0.6670
[2026-02-24 06:28:35,571][main.py][line:179][INFO] [Run 0 | Epoch 114] Val Acc 0.7253, Val Precision 0.6836, Val Recall 0.6090, Val F1 0.6185
[2026-02-24 06:28:35,572][main.py][line:183][INFO] [Run 0 | Epoch 114] Train Acc 0.7646, Train Precision 0.6697, Train Recall 0.6686,Train F1 0.6687
[2026-02-24 06:32:46,119][main.py][line:179][INFO] [Run 0 | Epoch 115] Val Acc 0.7511, Val Precision 0.7102, Val Recall 0.6191, Val F1 0.6393
[2026-02-24 06:32:46,119][main.py][line:183][INFO] [Run 0 | Epoch 115] Train Acc 0.7544, Train Precision 0.6949, Train Recall 0.6400,Train F1 0.6576
[2026-02-24 06:36:55,750][main.py][line:179][INFO] [Run 0 | Epoch 116] Val Acc 0.7082, Val Precision 0.6673, Val Recall 0.5942, Val F1 0.5941
[2026-02-24 06:36:55,750][main.py][line:183][INFO] [Run 0 | Epoch 116] Train Acc 0.7560, Train Precision 0.6891, Train Recall 0.6474,Train F1 0.6597
[2026-02-24 06:41:07,678][main.py][line:179][INFO] [Run 0 | Epoch 117] Val Acc 0.7532, Val Precision 0.6664, Val Recall 0.6490, Val F1 0.6547
[2026-02-24 06:41:07,678][main.py][line:183][INFO] [Run 0 | Epoch 117] Train Acc 0.7630, Train Precision 0.6798, Train Recall 0.6621,Train F1 0.6645
[2026-02-24 06:45:16,167][main.py][line:179][INFO] [Run 0 | Epoch 118] Val Acc 0.7618, Val Precision 0.6945, Val Recall 0.6559, Val F1 0.6696
[2026-02-24 06:45:16,167][main.py][line:183][INFO] [Run 0 | Epoch 118] Train Acc 0.7523, Train Precision 0.6706, Train Recall 0.6466,Train F1 0.6560
[2026-02-24 06:49:24,913][main.py][line:179][INFO] [Run 0 | Epoch 119] Val Acc 0.7039, Val Precision 0.6854, Val Recall 0.5976, Val F1 0.6094
[2026-02-24 06:49:24,914][main.py][line:183][INFO] [Run 0 | Epoch 119] Train Acc 0.7485, Train Precision 0.6980, Train Recall 0.6178,Train F1 0.6281
[2026-02-24 06:53:33,989][main.py][line:179][INFO] [Run 0 | Epoch 120] Val Acc 0.7618, Val Precision 0.6990, Val Recall 0.6407, Val F1 0.6519
[2026-02-24 06:53:33,989][main.py][line:183][INFO] [Run 0 | Epoch 120] Train Acc 0.7662, Train Precision 0.6826, Train Recall 0.6769,Train F1 0.6784
[2026-02-24 06:57:45,430][main.py][line:179][INFO] [Run 0 | Epoch 121] Val Acc 0.7661, Val Precision 0.7271, Val Recall 0.6421, Val F1 0.6622
[2026-02-24 06:57:45,431][main.py][line:183][INFO] [Run 0 | Epoch 121] Train Acc 0.7689, Train Precision 0.6984, Train Recall 0.6651,Train F1 0.6790
[2026-02-24 07:01:52,271][main.py][line:179][INFO] [Run 0 | Epoch 122] Val Acc 0.7382, Val Precision 0.6872, Val Recall 0.6068, Val F1 0.6215
[2026-02-24 07:01:52,272][main.py][line:183][INFO] [Run 0 | Epoch 122] Train Acc 0.7539, Train Precision 0.6751, Train Recall 0.6501,Train F1 0.6597
[2026-02-24 07:05:59,818][main.py][line:179][INFO] [Run 0 | Epoch 123] Val Acc 0.7124, Val Precision 0.6379, Val Recall 0.6005, Val F1 0.6137
[2026-02-24 07:05:59,818][main.py][line:183][INFO] [Run 0 | Epoch 123] Train Acc 0.7555, Train Precision 0.6890, Train Recall 0.6683,Train F1 0.6759
[2026-02-24 07:10:09,841][main.py][line:179][INFO] [Run 0 | Epoch 124] Val Acc 0.7275, Val Precision 0.6834, Val Recall 0.5999, Val F1 0.5886
[2026-02-24 07:10:09,842][main.py][line:183][INFO] [Run 0 | Epoch 124] Train Acc 0.7475, Train Precision 0.6861, Train Recall 0.6393,Train F1 0.6392
[2026-02-24 07:14:19,651][main.py][line:179][INFO] [Run 0 | Epoch 125] Val Acc 0.7725, Val Precision 0.7057, Val Recall 0.6588, Val F1 0.6734
[2026-02-24 07:14:19,651][main.py][line:183][INFO] [Run 0 | Epoch 125] Train Acc 0.7699, Train Precision 0.6846, Train Recall 0.6720,Train F1 0.6778
[2026-02-24 07:18:27,421][main.py][line:179][INFO] [Run 0 | Epoch 126] Val Acc 0.6760, Val Precision 0.5837, Val Recall 0.5821, Val F1 0.5772
[2026-02-24 07:18:27,422][main.py][line:183][INFO] [Run 0 | Epoch 126] Train Acc 0.7624, Train Precision 0.6897, Train Recall 0.6775,Train F1 0.6798
[2026-02-24 07:22:36,428][main.py][line:179][INFO] [Run 0 | Epoch 127] Val Acc 0.7768, Val Precision 0.7467, Val Recall 0.6569, Val F1 0.6794
[2026-02-24 07:22:36,429][main.py][line:183][INFO] [Run 0 | Epoch 127] Train Acc 0.7539, Train Precision 0.7027, Train Recall 0.6261,Train F1 0.6474
[2026-02-24 07:26:45,491][main.py][line:179][INFO] [Run 0 | Epoch 128] Val Acc 0.7361, Val Precision 0.7516, Val Recall 0.6074, Val F1 0.5947
[2026-02-24 07:26:45,491][main.py][line:183][INFO] [Run 0 | Epoch 128] Train Acc 0.7517, Train Precision 0.7343, Train Recall 0.6197,Train F1 0.6308
[2026-02-24 07:30:55,382][main.py][line:179][INFO] [Run 0 | Epoch 129] Val Acc 0.7639, Val Precision 0.7042, Val Recall 0.6636, Val F1 0.6728
[2026-02-24 07:30:55,383][main.py][line:183][INFO] [Run 0 | Epoch 129] Train Acc 0.7731, Train Precision 0.7137, Train Recall 0.6686,Train F1 0.6852
[2026-02-24 07:35:03,680][main.py][line:179][INFO] [Run 0 | Epoch 130] Val Acc 0.7575, Val Precision 0.7062, Val Recall 0.6374, Val F1 0.6548
[2026-02-24 07:35:03,680][main.py][line:183][INFO] [Run 0 | Epoch 130] Train Acc 0.7651, Train Precision 0.7072, Train Recall 0.6543,Train F1 0.6753
[2026-02-24 07:39:10,561][main.py][line:179][INFO] [Run 0 | Epoch 131] Val Acc 0.7146, Val Precision 0.6785, Val Recall 0.6175, Val F1 0.6261
[2026-02-24 07:39:10,562][main.py][line:183][INFO] [Run 0 | Epoch 131] Train Acc 0.7726, Train Precision 0.7436, Train Recall 0.6724,Train F1 0.6863
[2026-02-24 07:43:15,542][main.py][line:179][INFO] [Run 0 | Epoch 132] Val Acc 0.7210, Val Precision 0.7026, Val Recall 0.5784, Val F1 0.5746
[2026-02-24 07:43:15,542][main.py][line:183][INFO] [Run 0 | Epoch 132] Train Acc 0.7234, Train Precision 0.6685, Train Recall 0.6018,Train F1 0.6132
[2026-02-24 07:47:22,396][main.py][line:179][INFO] [Run 0 | Epoch 133] Val Acc 0.7575, Val Precision 0.7146, Val Recall 0.6441, Val F1 0.6563
[2026-02-24 07:47:22,397][main.py][line:183][INFO] [Run 0 | Epoch 133] Train Acc 0.7689, Train Precision 0.7244, Train Recall 0.6634,Train F1 0.6770
[2026-02-24 07:51:32,715][main.py][line:179][INFO] [Run 0 | Epoch 134] Val Acc 0.7210, Val Precision 0.6909, Val Recall 0.6098, Val F1 0.6167
[2026-02-24 07:51:32,716][main.py][line:183][INFO] [Run 0 | Epoch 134] Train Acc 0.7282, Train Precision 0.6833, Train Recall 0.6444,Train F1 0.6423
[2026-02-24 07:55:41,315][main.py][line:179][INFO] [Run 0 | Epoch 135] Val Acc 0.7361, Val Precision 0.6484, Val Recall 0.6244, Val F1 0.6171
[2026-02-24 07:55:41,316][main.py][line:183][INFO] [Run 0 | Epoch 135] Train Acc 0.7485, Train Precision 0.6636, Train Recall 0.6460,Train F1 0.6467
[2026-02-24 07:59:52,045][main.py][line:179][INFO] [Run 0 | Epoch 136] Val Acc 0.7446, Val Precision 0.6513, Val Recall 0.6403, Val F1 0.6405
[2026-02-24 07:59:52,046][main.py][line:183][INFO] [Run 0 | Epoch 136] Train Acc 0.7646, Train Precision 0.6873, Train Recall 0.6780,Train F1 0.6641
[2026-02-24 08:04:00,432][main.py][line:179][INFO] [Run 0 | Epoch 137] Val Acc 0.7253, Val Precision 0.6855, Val Recall 0.6055, Val F1 0.6198
[2026-02-24 08:04:00,432][main.py][line:183][INFO] [Run 0 | Epoch 137] Train Acc 0.7737, Train Precision 0.7151, Train Recall 0.6672,Train F1 0.6844
[2026-02-24 08:08:08,427][main.py][line:179][INFO] [Run 0 | Epoch 138] Val Acc 0.7489, Val Precision 0.7579, Val Recall 0.6282, Val F1 0.6242
[2026-02-24 08:08:08,428][main.py][line:183][INFO] [Run 0 | Epoch 138] Train Acc 0.7651, Train Precision 0.7158, Train Recall 0.6566,Train F1 0.6731
[2026-02-24 08:12:14,375][main.py][line:179][INFO] [Run 0 | Epoch 139] Val Acc 0.7210, Val Precision 0.7083, Val Recall 0.5799, Val F1 0.5507
[2026-02-24 08:12:14,376][main.py][line:183][INFO] [Run 0 | Epoch 139] Train Acc 0.7710, Train Precision 0.7405, Train Recall 0.6496,Train F1 0.6651
[2026-02-24 08:16:23,846][main.py][line:179][INFO] [Run 0 | Epoch 140] Val Acc 0.7253, Val Precision 0.6749, Val Recall 0.5910, Val F1 0.5984
[2026-02-24 08:16:23,846][main.py][line:183][INFO] [Run 0 | Epoch 140] Train Acc 0.7742, Train Precision 0.7168, Train Recall 0.6671,Train F1 0.6870
[2026-02-24 08:20:32,135][main.py][line:179][INFO] [Run 0 | Epoch 141] Val Acc 0.7511, Val Precision 0.6807, Val Recall 0.6433, Val F1 0.6559
[2026-02-24 08:20:32,136][main.py][line:183][INFO] [Run 0 | Epoch 141] Train Acc 0.7854, Train Precision 0.7093, Train Recall 0.6994,Train F1 0.7020
[2026-02-24 08:24:43,368][main.py][line:179][INFO] [Run 0 | Epoch 142] Val Acc 0.7532, Val Precision 0.6956, Val Recall 0.6298, Val F1 0.6491
[2026-02-24 08:24:43,369][main.py][line:183][INFO] [Run 0 | Epoch 142] Train Acc 0.7806, Train Precision 0.7122, Train Recall 0.7007,Train F1 0.7059
[2026-02-24 08:28:56,384][main.py][line:179][INFO] [Run 0 | Epoch 143] Val Acc 0.7682, Val Precision 0.7109, Val Recall 0.6489, Val F1 0.6638
[2026-02-24 08:28:56,384][main.py][line:183][INFO] [Run 0 | Epoch 143] Train Acc 0.7780, Train Precision 0.7084, Train Recall 0.6825,Train F1 0.6902
[2026-02-24 08:33:02,235][main.py][line:179][INFO] [Run 0 | Epoch 144] Val Acc 0.7210, Val Precision 0.6666, Val Recall 0.5858, Val F1 0.5974
[2026-02-24 08:33:02,235][main.py][line:183][INFO] [Run 0 | Epoch 144] Train Acc 0.7721, Train Precision 0.7228, Train Recall 0.6582,Train F1 0.6768
[2026-02-24 08:37:12,326][main.py][line:179][INFO] [Run 0 | Epoch 145] Val Acc 0.7489, Val Precision 0.6918, Val Recall 0.6451, Val F1 0.6493
[2026-02-24 08:37:12,327][main.py][line:183][INFO] [Run 0 | Epoch 145] Train Acc 0.7876, Train Precision 0.7101, Train Recall 0.7022,Train F1 0.7050
[2026-02-24 08:41:22,433][main.py][line:179][INFO] [Run 0 | Epoch 146] Val Acc 0.7554, Val Precision 0.7144, Val Recall 0.6371, Val F1 0.6598
[2026-02-24 08:41:22,433][main.py][line:183][INFO] [Run 0 | Epoch 146] Train Acc 0.7619, Train Precision 0.7218, Train Recall 0.6485,Train F1 0.6713
[2026-02-24 08:45:30,796][main.py][line:179][INFO] [Run 0 | Epoch 147] Val Acc 0.7554, Val Precision 0.6839, Val Recall 0.6556, Val F1 0.6471
[2026-02-24 08:45:30,797][main.py][line:183][INFO] [Run 0 | Epoch 147] Train Acc 0.7646, Train Precision 0.6846, Train Recall 0.6837,Train F1 0.6786
[2026-02-24 08:49:37,041][main.py][line:179][INFO] [Run 0 | Epoch 148] Val Acc 0.7554, Val Precision 0.7031, Val Recall 0.6382, Val F1 0.6335
[2026-02-24 08:49:37,041][main.py][line:183][INFO] [Run 0 | Epoch 148] Train Acc 0.7651, Train Precision 0.7064, Train Recall 0.6625,Train F1 0.6777
[2026-02-24 08:53:45,562][main.py][line:179][INFO] [Run 0 | Epoch 149] Val Acc 0.7940, Val Precision 0.7287, Val Recall 0.6950, Val F1 0.7072
[2026-02-24 08:53:45,562][main.py][line:183][INFO] [Run 0 | Epoch 149] Train Acc 0.7854, Train Precision 0.7225, Train Recall 0.6931,Train F1 0.7013
[2026-02-24 08:58:00,371][main.py][line:179][INFO] [Run 0 | Epoch 150] Val Acc 0.7275, Val Precision 0.7087, Val Recall 0.6540, Val F1 0.6614
[2026-02-24 08:58:00,372][main.py][line:183][INFO] [Run 0 | Epoch 150] Train Acc 0.7956, Train Precision 0.7292, Train Recall 0.7116,Train F1 0.7188
[2026-02-24 09:02:12,494][main.py][line:179][INFO] [Run 0 | Epoch 151] Val Acc 0.7554, Val Precision 0.7097, Val Recall 0.6494, Val F1 0.6550
[2026-02-24 09:02:12,495][main.py][line:183][INFO] [Run 0 | Epoch 151] Train Acc 0.7822, Train Precision 0.7146, Train Recall 0.6914,Train F1 0.7019
[2026-02-24 09:06:20,400][main.py][line:179][INFO] [Run 0 | Epoch 152] Val Acc 0.7597, Val Precision 0.6738, Val Recall 0.6449, Val F1 0.6522
[2026-02-24 09:06:20,400][main.py][line:183][INFO] [Run 0 | Epoch 152] Train Acc 0.7662, Train Precision 0.6803, Train Recall 0.6731,Train F1 0.6745
[2026-02-24 09:10:29,419][main.py][line:179][INFO] [Run 0 | Epoch 153] Val Acc 0.7747, Val Precision 0.7400, Val Recall 0.6440, Val F1 0.6595
[2026-02-24 09:10:29,420][main.py][line:183][INFO] [Run 0 | Epoch 153] Train Acc 0.7742, Train Precision 0.7221, Train Recall 0.6717,Train F1 0.6880
[2026-02-24 09:14:37,798][main.py][line:179][INFO] [Run 0 | Epoch 154] Val Acc 0.7833, Val Precision 0.7661, Val Recall 0.6470, Val F1 0.6684
[2026-02-24 09:14:37,798][main.py][line:183][INFO] [Run 0 | Epoch 154] Train Acc 0.7731, Train Precision 0.7390, Train Recall 0.6477,Train F1 0.6674
[2026-02-24 09:18:48,044][main.py][line:179][INFO] [Run 0 | Epoch 155] Val Acc 0.7704, Val Precision 0.7014, Val Recall 0.6499, Val F1 0.6658
[2026-02-24 09:18:48,074][main.py][line:183][INFO] [Run 0 | Epoch 155] Train Acc 0.7812, Train Precision 0.7189, Train Recall 0.6756,Train F1 0.6916
[2026-02-24 09:22:58,588][main.py][line:179][INFO] [Run 0 | Epoch 156] Val Acc 0.7725, Val Precision 0.7217, Val Recall 0.6659, Val F1 0.6800
[2026-02-24 09:22:58,588][main.py][line:183][INFO] [Run 0 | Epoch 156] Train Acc 0.7812, Train Precision 0.7202, Train Recall 0.6849,Train F1 0.6982
[2026-02-24 09:27:13,653][main.py][line:179][INFO] [Run 0 | Epoch 157] Val Acc 0.7747, Val Precision 0.6991, Val Recall 0.6679, Val F1 0.6800
[2026-02-24 09:27:13,654][main.py][line:183][INFO] [Run 0 | Epoch 157] Train Acc 0.7892, Train Precision 0.7181, Train Recall 0.6996,Train F1 0.7071
[2026-02-24 09:31:21,389][main.py][line:179][INFO] [Run 0 | Epoch 158] Val Acc 0.7661, Val Precision 0.7359, Val Recall 0.6504, Val F1 0.6660
[2026-02-24 09:31:21,390][main.py][line:183][INFO] [Run 0 | Epoch 158] Train Acc 0.7935, Train Precision 0.7490, Train Recall 0.6895,Train F1 0.7087
[2026-02-24 09:35:29,884][main.py][line:179][INFO] [Run 0 | Epoch 159] Val Acc 0.7532, Val Precision 0.7258, Val Recall 0.6232, Val F1 0.6318
[2026-02-24 09:35:29,885][main.py][line:183][INFO] [Run 0 | Epoch 159] Train Acc 0.7796, Train Precision 0.7351, Train Recall 0.6749,Train F1 0.6957
[2026-02-24 09:39:40,235][main.py][line:179][INFO] [Run 0 | Epoch 160] Val Acc 0.7747, Val Precision 0.7262, Val Recall 0.6660, Val F1 0.6843
[2026-02-24 09:39:40,235][main.py][line:183][INFO] [Run 0 | Epoch 160] Train Acc 0.7903, Train Precision 0.7365, Train Recall 0.6931,Train F1 0.7070
[2026-02-24 09:43:51,686][main.py][line:179][INFO] [Run 0 | Epoch 161] Val Acc 0.8026, Val Precision 0.7932, Val Recall 0.6952, Val F1 0.7187
[2026-02-24 09:43:51,687][main.py][line:183][INFO] [Run 0 | Epoch 161] Train Acc 0.7903, Train Precision 0.7460, Train Recall 0.6884,Train F1 0.7041
[2026-02-24 09:48:01,244][main.py][line:179][INFO] [Run 0 | Epoch 162] Val Acc 0.7639, Val Precision 0.6972, Val Recall 0.6529, Val F1 0.6550
[2026-02-24 09:48:01,245][main.py][line:183][INFO] [Run 0 | Epoch 162] Train Acc 0.7860, Train Precision 0.7127, Train Recall 0.6998,Train F1 0.7044
[2026-02-24 09:52:09,491][main.py][line:179][INFO] [Run 0 | Epoch 163] Val Acc 0.7597, Val Precision 0.7120, Val Recall 0.6408, Val F1 0.6476
[2026-02-24 09:52:09,492][main.py][line:183][INFO] [Run 0 | Epoch 163] Train Acc 0.7646, Train Precision 0.7150, Train Recall 0.6692,Train F1 0.6716
[2026-02-24 09:56:15,555][main.py][line:179][INFO] [Run 0 | Epoch 164] Val Acc 0.7918, Val Precision 0.7448, Val Recall 0.6778, Val F1 0.6990
[2026-02-24 09:56:15,555][main.py][line:183][INFO] [Run 0 | Epoch 164] Train Acc 0.7945, Train Precision 0.7314, Train Recall 0.7041,Train F1 0.7111
[2026-02-24 10:00:24,110][main.py][line:179][INFO] [Run 0 | Epoch 165] Val Acc 0.7704, Val Precision 0.7761, Val Recall 0.6393, Val F1 0.6549
[2026-02-24 10:00:24,111][main.py][line:183][INFO] [Run 0 | Epoch 165] Train Acc 0.7999, Train Precision 0.7565, Train Recall 0.6887,Train F1 0.7115
[2026-02-24 10:04:34,902][main.py][line:179][INFO] [Run 0 | Epoch 166] Val Acc 0.7403, Val Precision 0.6660, Val Recall 0.6304, Val F1 0.6424
[2026-02-24 10:04:34,902][main.py][line:183][INFO] [Run 0 | Epoch 166] Train Acc 0.7860, Train Precision 0.7262, Train Recall 0.7008,Train F1 0.7087
[2026-02-24 10:08:40,739][main.py][line:179][INFO] [Run 0 | Epoch 167] Val Acc 0.7511, Val Precision 0.6835, Val Recall 0.6518, Val F1 0.6537
[2026-02-24 10:08:40,740][main.py][line:183][INFO] [Run 0 | Epoch 167] Train Acc 0.7935, Train Precision 0.7150, Train Recall 0.7244,Train F1 0.7187
[2026-02-24 10:12:49,013][main.py][line:179][INFO] [Run 0 | Epoch 168] Val Acc 0.7854, Val Precision 0.7792, Val Recall 0.6746, Val F1 0.6838
[2026-02-24 10:12:49,014][main.py][line:183][INFO] [Run 0 | Epoch 168] Train Acc 0.7983, Train Precision 0.7382, Train Recall 0.7175,Train F1 0.7212
[2026-02-24 10:16:59,070][main.py][line:179][INFO] [Run 0 | Epoch 169] Val Acc 0.7747, Val Precision 0.7561, Val Recall 0.6817, Val F1 0.7011
[2026-02-24 10:16:59,071][main.py][line:183][INFO] [Run 0 | Epoch 169] Train Acc 0.7978, Train Precision 0.7457, Train Recall 0.7081,Train F1 0.7231
[2026-02-24 10:21:03,193][main.py][line:179][INFO] [Run 0 | Epoch 170] Val Acc 0.7725, Val Precision 0.7091, Val Recall 0.6550, Val F1 0.6739
[2026-02-24 10:21:03,194][main.py][line:183][INFO] [Run 0 | Epoch 170] Train Acc 0.7769, Train Precision 0.7133, Train Recall 0.6941,Train F1 0.6974
[2026-02-24 10:25:12,480][main.py][line:179][INFO] [Run 0 | Epoch 171] Val Acc 0.7876, Val Precision 0.7210, Val Recall 0.6847, Val F1 0.6965
[2026-02-24 10:25:12,481][main.py][line:183][INFO] [Run 0 | Epoch 171] Train Acc 0.7764, Train Precision 0.6921, Train Recall 0.6907,Train F1 0.6900
[2026-02-24 10:29:22,746][main.py][line:179][INFO] [Run 0 | Epoch 172] Val Acc 0.7511, Val Precision 0.7051, Val Recall 0.6589, Val F1 0.6679
[2026-02-24 10:29:22,747][main.py][line:183][INFO] [Run 0 | Epoch 172] Train Acc 0.7988, Train Precision 0.7393, Train Recall 0.7157,Train F1 0.7256
[2026-02-24 10:33:31,892][main.py][line:179][INFO] [Run 0 | Epoch 173] Val Acc 0.7425, Val Precision 0.7150, Val Recall 0.6227, Val F1 0.6412
[2026-02-24 10:33:31,893][main.py][line:183][INFO] [Run 0 | Epoch 173] Train Acc 0.7913, Train Precision 0.7574, Train Recall 0.6890,Train F1 0.7070
[2026-02-24 10:37:39,464][main.py][line:179][INFO] [Run 0 | Epoch 174] Val Acc 0.7639, Val Precision 0.7433, Val Recall 0.6418, Val F1 0.6402
[2026-02-24 10:37:39,464][main.py][line:183][INFO] [Run 0 | Epoch 174] Train Acc 0.7860, Train Precision 0.7202, Train Recall 0.6980,Train F1 0.7011
[2026-02-24 10:41:45,676][main.py][line:179][INFO] [Run 0 | Epoch 175] Val Acc 0.7725, Val Precision 0.7282, Val Recall 0.6567, Val F1 0.6709
[2026-02-24 10:41:45,676][main.py][line:183][INFO] [Run 0 | Epoch 175] Train Acc 0.8052, Train Precision 0.7437, Train Recall 0.7217,Train F1 0.7308
[2026-02-24 10:45:54,159][main.py][line:179][INFO] [Run 0 | Epoch 176] Val Acc 0.7618, Val Precision 0.7258, Val Recall 0.6362, Val F1 0.6449
[2026-02-24 10:45:54,159][main.py][line:183][INFO] [Run 0 | Epoch 176] Train Acc 0.7897, Train Precision 0.7325, Train Recall 0.7056,Train F1 0.7139
[2026-02-24 10:50:05,039][main.py][line:179][INFO] [Run 0 | Epoch 177] Val Acc 0.7768, Val Precision 0.7278, Val Recall 0.6654, Val F1 0.6846
[2026-02-24 10:50:05,039][main.py][line:183][INFO] [Run 0 | Epoch 177] Train Acc 0.7806, Train Precision 0.7081, Train Recall 0.7020,Train F1 0.6964
[2026-02-24 10:54:40,243][main.py][line:179][INFO] [Run 0 | Epoch 178] Val Acc 0.7833, Val Precision 0.7352, Val Recall 0.6899, Val F1 0.6983
[2026-02-24 10:54:40,244][main.py][line:183][INFO] [Run 0 | Epoch 178] Train Acc 0.8058, Train Precision 0.7438, Train Recall 0.7328,Train F1 0.7322
[2026-02-24 10:59:18,191][main.py][line:179][INFO] [Run 0 | Epoch 179] Val Acc 0.7833, Val Precision 0.7004, Val Recall 0.6849, Val F1 0.6894
[2026-02-24 10:59:18,191][main.py][line:183][INFO] [Run 0 | Epoch 179] Train Acc 0.7833, Train Precision 0.6942, Train Recall 0.7048,Train F1 0.6948
[2026-02-24 11:03:56,134][main.py][line:179][INFO] [Run 0 | Epoch 180] Val Acc 0.7725, Val Precision 0.7487, Val Recall 0.6856, Val F1 0.7007
[2026-02-24 11:03:56,135][main.py][line:183][INFO] [Run 0 | Epoch 180] Train Acc 0.7913, Train Precision 0.7198, Train Recall 0.7346,Train F1 0.7262
[2026-02-24 11:08:32,099][main.py][line:179][INFO] [Run 0 | Epoch 181] Val Acc 0.7747, Val Precision 0.7038, Val Recall 0.6684, Val F1 0.6800
[2026-02-24 11:08:32,100][main.py][line:183][INFO] [Run 0 | Epoch 181] Train Acc 0.8010, Train Precision 0.7378, Train Recall 0.7226,Train F1 0.7233
[2026-02-24 11:13:11,363][main.py][line:179][INFO] [Run 0 | Epoch 182] Val Acc 0.7833, Val Precision 0.7221, Val Recall 0.6771, Val F1 0.6924
[2026-02-24 11:13:11,363][main.py][line:183][INFO] [Run 0 | Epoch 182] Train Acc 0.7972, Train Precision 0.7478, Train Recall 0.7139,Train F1 0.7265
[2026-02-24 11:17:48,396][main.py][line:179][INFO] [Run 0 | Epoch 183] Val Acc 0.7768, Val Precision 0.7105, Val Recall 0.6711, Val F1 0.6858
[2026-02-24 11:17:48,396][main.py][line:183][INFO] [Run 0 | Epoch 183] Train Acc 0.7988, Train Precision 0.7444, Train Recall 0.7175,Train F1 0.7220
[2026-02-24 11:22:24,253][main.py][line:179][INFO] [Run 0 | Epoch 184] Val Acc 0.7897, Val Precision 0.7378, Val Recall 0.6796, Val F1 0.6990
[2026-02-24 11:22:24,253][main.py][line:183][INFO] [Run 0 | Epoch 184] Train Acc 0.8031, Train Precision 0.7499, Train Recall 0.7276,Train F1 0.7349
[2026-02-24 11:26:59,544][main.py][line:179][INFO] [Run 0 | Epoch 185] Val Acc 0.7682, Val Precision 0.7254, Val Recall 0.6451, Val F1 0.6599
[2026-02-24 11:26:59,544][main.py][line:183][INFO] [Run 0 | Epoch 185] Train Acc 0.8063, Train Precision 0.7624, Train Recall 0.7225,Train F1 0.7377
[2026-02-24 11:31:36,767][main.py][line:179][INFO] [Run 0 | Epoch 186] Val Acc 0.7597, Val Precision 0.6686, Val Recall 0.6410, Val F1 0.6527
[2026-02-24 11:31:36,768][main.py][line:183][INFO] [Run 0 | Epoch 186] Train Acc 0.7790, Train Precision 0.7006, Train Recall 0.6857,Train F1 0.6913
[2026-02-24 11:36:13,426][main.py][line:179][INFO] [Run 0 | Epoch 187] Val Acc 0.7811, Val Precision 0.6985, Val Recall 0.6924, Val F1 0.6933
[2026-02-24 11:36:13,426][main.py][line:183][INFO] [Run 0 | Epoch 187] Train Acc 0.7945, Train Precision 0.7168, Train Recall 0.7450,Train F1 0.7213
[2026-02-24 11:40:51,772][main.py][line:179][INFO] [Run 0 | Epoch 188] Val Acc 0.7790, Val Precision 0.7461, Val Recall 0.6551, Val F1 0.6749
[2026-02-24 11:40:51,773][main.py][line:183][INFO] [Run 0 | Epoch 188] Train Acc 0.7967, Train Precision 0.7455, Train Recall 0.7084,Train F1 0.7199
[2026-02-24 11:45:25,975][main.py][line:179][INFO] [Run 0 | Epoch 189] Val Acc 0.7876, Val Precision 0.7445, Val Recall 0.6953, Val F1 0.7094
[2026-02-24 11:45:25,976][main.py][line:183][INFO] [Run 0 | Epoch 189] Train Acc 0.8020, Train Precision 0.7340, Train Recall 0.7476,Train F1 0.7391
[2026-02-24 11:50:04,643][main.py][line:179][INFO] [Run 0 | Epoch 190] Val Acc 0.7961, Val Precision 0.7492, Val Recall 0.6856, Val F1 0.7077
[2026-02-24 11:50:04,643][main.py][line:183][INFO] [Run 0 | Epoch 190] Train Acc 0.8047, Train Precision 0.7454, Train Recall 0.7259,Train F1 0.7299
[2026-02-24 11:54:37,836][main.py][line:179][INFO] [Run 0 | Epoch 191] Val Acc 0.7854, Val Precision 0.7111, Val Recall 0.6836, Val F1 0.6940
[2026-02-24 11:54:37,836][main.py][line:183][INFO] [Run 0 | Epoch 191] Train Acc 0.8036, Train Precision 0.7269, Train Recall 0.7428,Train F1 0.7327
[2026-02-24 11:59:12,993][main.py][line:179][INFO] [Run 0 | Epoch 192] Val Acc 0.7747, Val Precision 0.7043, Val Recall 0.6672, Val F1 0.6779
[2026-02-24 11:59:12,993][main.py][line:183][INFO] [Run 0 | Epoch 192] Train Acc 0.7999, Train Precision 0.7535, Train Recall 0.7042,Train F1 0.7170
[2026-02-24 12:03:48,745][main.py][line:179][INFO] [Run 0 | Epoch 193] Val Acc 0.7768, Val Precision 0.7346, Val Recall 0.6599, Val F1 0.6844
[2026-02-24 12:03:48,746][main.py][line:183][INFO] [Run 0 | Epoch 193] Train Acc 0.7935, Train Precision 0.7327, Train Recall 0.6985,Train F1 0.7128
[2026-02-24 12:08:31,736][main.py][line:179][INFO] [Run 0 | Epoch 194] Val Acc 0.7790, Val Precision 0.7218, Val Recall 0.6676, Val F1 0.6862
[2026-02-24 12:08:31,737][main.py][line:183][INFO] [Run 0 | Epoch 194] Train Acc 0.8058, Train Precision 0.7447, Train Recall 0.7249,Train F1 0.7330
[2026-02-24 12:13:09,031][main.py][line:179][INFO] [Run 0 | Epoch 195] Val Acc 0.7811, Val Precision 0.7576, Val Recall 0.6720, Val F1 0.6782
[2026-02-24 12:13:09,031][main.py][line:183][INFO] [Run 0 | Epoch 195] Train Acc 0.7951, Train Precision 0.7281, Train Recall 0.6976,Train F1 0.7107
[2026-02-24 12:17:46,290][main.py][line:179][INFO] [Run 0 | Epoch 196] Val Acc 0.7876, Val Precision 0.7411, Val Recall 0.6818, Val F1 0.6970
[2026-02-24 12:17:46,291][main.py][line:183][INFO] [Run 0 | Epoch 196] Train Acc 0.8192, Train Precision 0.7661, Train Recall 0.7407,Train F1 0.7518
[2026-02-24 12:22:22,160][main.py][line:179][INFO] [Run 0 | Epoch 197] Val Acc 0.7876, Val Precision 0.7177, Val Recall 0.6740, Val F1 0.6877
[2026-02-24 12:22:22,160][main.py][line:183][INFO] [Run 0 | Epoch 197] Train Acc 0.7935, Train Precision 0.7193, Train Recall 0.7178,Train F1 0.7168
[2026-02-24 12:27:01,075][main.py][line:179][INFO] [Run 0 | Epoch 198] Val Acc 0.7833, Val Precision 0.7453, Val Recall 0.7065, Val F1 0.7145
[2026-02-24 12:27:01,075][main.py][line:183][INFO] [Run 0 | Epoch 198] Train Acc 0.8138, Train Precision 0.7488, Train Recall 0.7526,Train F1 0.7490
[2026-02-24 12:31:38,460][main.py][line:179][INFO] [Run 0 | Epoch 199] Val Acc 0.7639, Val Precision 0.7429, Val Recall 0.6323, Val F1 0.6515
[2026-02-24 12:31:38,461][main.py][line:183][INFO] [Run 0 | Epoch 199] Train Acc 0.7972, Train Precision 0.7529, Train Recall 0.7017,Train F1 0.7222
[2026-02-24 12:36:14,466][main.py][line:179][INFO] [Run 0 | Epoch 200] Val Acc 0.7725, Val Precision 0.7331, Val Recall 0.6683, Val F1 0.6822
[2026-02-24 12:36:14,467][main.py][line:183][INFO] [Run 0 | Epoch 200] Train Acc 0.8229, Train Precision 0.7609, Train Recall 0.7613,Train F1 0.7609
[2026-02-24 12:40:51,355][main.py][line:179][INFO] [Run 0 | Epoch 201] Val Acc 0.7682, Val Precision 0.7247, Val Recall 0.6712, Val F1 0.6748
[2026-02-24 12:40:51,355][main.py][line:183][INFO] [Run 0 | Epoch 201] Train Acc 0.7994, Train Precision 0.7372, Train Recall 0.7234,Train F1 0.7260
[2026-02-24 12:45:27,533][main.py][line:179][INFO] [Run 0 | Epoch 202] Val Acc 0.7768, Val Precision 0.7241, Val Recall 0.6626, Val F1 0.6786
[2026-02-24 12:45:27,533][main.py][line:183][INFO] [Run 0 | Epoch 202] Train Acc 0.8117, Train Precision 0.7418, Train Recall 0.7468,Train F1 0.7419
[2026-02-24 12:50:07,686][main.py][line:179][INFO] [Run 0 | Epoch 203] Val Acc 0.7833, Val Precision 0.6990, Val Recall 0.6686, Val F1 0.6772
[2026-02-24 12:50:07,686][main.py][line:183][INFO] [Run 0 | Epoch 203] Train Acc 0.8117, Train Precision 0.7391, Train Recall 0.7368,Train F1 0.7361
[2026-02-24 12:54:48,201][main.py][line:179][INFO] [Run 0 | Epoch 204] Val Acc 0.7918, Val Precision 0.7202, Val Recall 0.6868, Val F1 0.6991
[2026-02-24 12:54:48,202][main.py][line:183][INFO] [Run 0 | Epoch 204] Train Acc 0.8149, Train Precision 0.7558, Train Recall 0.7436,Train F1 0.7478
[2026-02-24 12:59:25,610][main.py][line:179][INFO] [Run 0 | Epoch 205] Val Acc 0.7618, Val Precision 0.7496, Val Recall 0.6585, Val F1 0.6616
[2026-02-24 12:59:25,611][main.py][line:183][INFO] [Run 0 | Epoch 205] Train Acc 0.8159, Train Precision 0.7589, Train Recall 0.7546,Train F1 0.7546
[2026-02-24 13:04:05,567][main.py][line:179][INFO] [Run 0 | Epoch 206] Val Acc 0.7639, Val Precision 0.7374, Val Recall 0.6351, Val F1 0.6372
[2026-02-24 13:04:05,568][main.py][line:183][INFO] [Run 0 | Epoch 206] Train Acc 0.7994, Train Precision 0.7439, Train Recall 0.7085,Train F1 0.7226
[2026-02-24 13:08:41,774][main.py][line:179][INFO] [Run 0 | Epoch 207] Val Acc 0.7597, Val Precision 0.6947, Val Recall 0.6370, Val F1 0.6566
[2026-02-24 13:08:41,775][main.py][line:183][INFO] [Run 0 | Epoch 207] Train Acc 0.7961, Train Precision 0.7383, Train Recall 0.7033,Train F1 0.7183
[2026-02-24 13:13:19,595][main.py][line:179][INFO] [Run 0 | Epoch 208] Val Acc 0.8026, Val Precision 0.7762, Val Recall 0.6829, Val F1 0.7053
[2026-02-24 13:13:19,596][main.py][line:183][INFO] [Run 0 | Epoch 208] Train Acc 0.7978, Train Precision 0.7617, Train Recall 0.6947,Train F1 0.7154
[2026-02-24 13:17:55,131][main.py][line:179][INFO] [Run 0 | Epoch 209] Val Acc 0.8004, Val Precision 0.7626, Val Recall 0.6818, Val F1 0.7021
[2026-02-24 13:17:55,131][main.py][line:183][INFO] [Run 0 | Epoch 209] Train Acc 0.8175, Train Precision 0.7608, Train Recall 0.7316,Train F1 0.7426
[2026-02-24 13:22:28,967][main.py][line:179][INFO] [Run 0 | Epoch 210] Val Acc 0.7811, Val Precision 0.7457, Val Recall 0.6630, Val F1 0.6816
[2026-02-24 13:22:28,968][main.py][line:183][INFO] [Run 0 | Epoch 210] Train Acc 0.8015, Train Precision 0.7350, Train Recall 0.7284,Train F1 0.7293
[2026-02-24 13:27:05,180][main.py][line:179][INFO] [Run 0 | Epoch 211] Val Acc 0.7876, Val Precision 0.7677, Val Recall 0.6705, Val F1 0.6906
[2026-02-24 13:27:05,181][main.py][line:183][INFO] [Run 0 | Epoch 211] Train Acc 0.8058, Train Precision 0.7788, Train Recall 0.7041,Train F1 0.7212
[2026-02-24 13:31:38,518][main.py][line:179][INFO] [Run 0 | Epoch 212] Val Acc 0.7897, Val Precision 0.7553, Val Recall 0.6682, Val F1 0.6863
[2026-02-24 13:31:38,519][main.py][line:183][INFO] [Run 0 | Epoch 212] Train Acc 0.8117, Train Precision 0.7595, Train Recall 0.7315,Train F1 0.7441
[2026-02-24 13:36:14,787][main.py][line:179][INFO] [Run 0 | Epoch 213] Val Acc 0.8004, Val Precision 0.7453, Val Recall 0.6948, Val F1 0.7091
[2026-02-24 13:36:14,787][main.py][line:183][INFO] [Run 0 | Epoch 213] Train Acc 0.8256, Train Precision 0.7742, Train Recall 0.7423,Train F1 0.7565
[2026-02-24 13:40:55,957][main.py][line:179][INFO] [Run 0 | Epoch 214] Val Acc 0.8004, Val Precision 0.7399, Val Recall 0.6915, Val F1 0.7091
[2026-02-24 13:40:55,957][main.py][line:183][INFO] [Run 0 | Epoch 214] Train Acc 0.8197, Train Precision 0.7644, Train Recall 0.7473,Train F1 0.7541
[2026-02-24 13:45:33,583][main.py][line:179][INFO] [Run 0 | Epoch 215] Val Acc 0.7961, Val Precision 0.7410, Val Recall 0.6894, Val F1 0.6992
[2026-02-24 13:45:33,583][main.py][line:183][INFO] [Run 0 | Epoch 215] Train Acc 0.8159, Train Precision 0.7674, Train Recall 0.7400,Train F1 0.7455
[2026-02-24 13:50:11,632][main.py][line:179][INFO] [Run 0 | Epoch 216] Val Acc 0.7897, Val Precision 0.7323, Val Recall 0.6751, Val F1 0.6893
[2026-02-24 13:50:11,632][main.py][line:183][INFO] [Run 0 | Epoch 216] Train Acc 0.8261, Train Precision 0.7836, Train Recall 0.7547,Train F1 0.7664
[2026-02-24 13:54:48,661][main.py][line:179][INFO] [Run 0 | Epoch 217] Val Acc 0.7940, Val Precision 0.7324, Val Recall 0.6822, Val F1 0.6997
[2026-02-24 13:54:48,662][main.py][line:183][INFO] [Run 0 | Epoch 217] Train Acc 0.8229, Train Precision 0.7824, Train Recall 0.7482,Train F1 0.7574
[2026-02-24 13:59:25,951][main.py][line:179][INFO] [Run 0 | Epoch 218] Val Acc 0.7940, Val Precision 0.7476, Val Recall 0.6862, Val F1 0.7036
[2026-02-24 13:59:25,952][main.py][line:183][INFO] [Run 0 | Epoch 218] Train Acc 0.8127, Train Precision 0.7614, Train Recall 0.7267,Train F1 0.7413
[2026-02-24 14:04:04,326][main.py][line:179][INFO] [Run 0 | Epoch 219] Val Acc 0.7790, Val Precision 0.7494, Val Recall 0.6684, Val F1 0.6796
[2026-02-24 14:04:04,327][main.py][line:183][INFO] [Run 0 | Epoch 219] Train Acc 0.8079, Train Precision 0.7530, Train Recall 0.7253,Train F1 0.7337
[2026-02-24 14:08:44,803][main.py][line:179][INFO] [Run 0 | Epoch 220] Val Acc 0.7897, Val Precision 0.7242, Val Recall 0.6824, Val F1 0.6945
[2026-02-24 14:08:44,804][main.py][line:183][INFO] [Run 0 | Epoch 220] Train Acc 0.8052, Train Precision 0.7585, Train Recall 0.7188,Train F1 0.7353
[2026-02-24 14:13:25,483][main.py][line:179][INFO] [Run 0 | Epoch 221] Val Acc 0.7833, Val Precision 0.7272, Val Recall 0.6792, Val F1 0.6942
[2026-02-24 14:13:25,483][main.py][line:183][INFO] [Run 0 | Epoch 221] Train Acc 0.8181, Train Precision 0.7555, Train Recall 0.7566,Train F1 0.7560
[2026-02-24 14:18:07,219][main.py][line:179][INFO] [Run 0 | Epoch 222] Val Acc 0.7940, Val Precision 0.7485, Val Recall 0.6850, Val F1 0.7059
[2026-02-24 14:18:07,220][main.py][line:183][INFO] [Run 0 | Epoch 222] Train Acc 0.8063, Train Precision 0.7455, Train Recall 0.7213,Train F1 0.7301
[2026-02-24 14:22:43,171][main.py][line:179][INFO] [Run 0 | Epoch 223] Val Acc 0.7790, Val Precision 0.7046, Val Recall 0.6672, Val F1 0.6824
[2026-02-24 14:22:43,171][main.py][line:183][INFO] [Run 0 | Epoch 223] Train Acc 0.8149, Train Precision 0.7569, Train Recall 0.7440,Train F1 0.7476
[2026-02-24 14:27:19,956][main.py][line:179][INFO] [Run 0 | Epoch 224] Val Acc 0.8026, Val Precision 0.7669, Val Recall 0.7037, Val F1 0.7236
[2026-02-24 14:27:19,957][main.py][line:183][INFO] [Run 0 | Epoch 224] Train Acc 0.8181, Train Precision 0.7699, Train Recall 0.7482,Train F1 0.7523
[2026-02-24 14:31:58,551][main.py][line:179][INFO] [Run 0 | Epoch 225] Val Acc 0.7983, Val Precision 0.7559, Val Recall 0.7021, Val F1 0.7067
[2026-02-24 14:31:58,552][main.py][line:183][INFO] [Run 0 | Epoch 225] Train Acc 0.8090, Train Precision 0.7410, Train Recall 0.7444,Train F1 0.7395
[2026-02-24 14:36:35,061][main.py][line:179][INFO] [Run 0 | Epoch 226] Val Acc 0.8069, Val Precision 0.7521, Val Recall 0.6985, Val F1 0.7164
[2026-02-24 14:36:35,061][main.py][line:183][INFO] [Run 0 | Epoch 226] Train Acc 0.8138, Train Precision 0.7516, Train Recall 0.7359,Train F1 0.7428
[2026-02-24 14:41:11,722][main.py][line:179][INFO] [Run 0 | Epoch 227] Val Acc 0.8026, Val Precision 0.7438, Val Recall 0.6940, Val F1 0.7065
[2026-02-24 14:41:11,723][main.py][line:183][INFO] [Run 0 | Epoch 227] Train Acc 0.8085, Train Precision 0.7461, Train Recall 0.7303,Train F1 0.7372
[2026-02-24 14:45:49,598][main.py][line:179][INFO] [Run 0 | Epoch 228] Val Acc 0.7833, Val Precision 0.7200, Val Recall 0.6702, Val F1 0.6873
[2026-02-24 14:45:49,599][main.py][line:183][INFO] [Run 0 | Epoch 228] Train Acc 0.8090, Train Precision 0.7518, Train Recall 0.7193,Train F1 0.7321
[2026-02-24 14:50:29,107][main.py][line:179][INFO] [Run 0 | Epoch 229] Val Acc 0.7876, Val Precision 0.7517, Val Recall 0.6733, Val F1 0.6900
[2026-02-24 14:50:29,107][main.py][line:183][INFO] [Run 0 | Epoch 229] Train Acc 0.8229, Train Precision 0.7760, Train Recall 0.7494,Train F1 0.7599
[2026-02-24 14:55:05,894][main.py][line:179][INFO] [Run 0 | Epoch 230] Val Acc 0.8090, Val Precision 0.7907, Val Recall 0.6938, Val F1 0.7181
[2026-02-24 14:55:05,894][main.py][line:183][INFO] [Run 0 | Epoch 230] Train Acc 0.8165, Train Precision 0.7699, Train Recall 0.7300,Train F1 0.7465
[2026-02-24 14:59:46,378][main.py][line:179][INFO] [Run 0 | Epoch 231] Val Acc 0.8004, Val Precision 0.7622, Val Recall 0.6920, Val F1 0.7105
[2026-02-24 14:59:46,378][main.py][line:183][INFO] [Run 0 | Epoch 231] Train Acc 0.8122, Train Precision 0.7460, Train Recall 0.7295,Train F1 0.7372
[2026-02-24 15:04:20,495][main.py][line:179][INFO] [Run 0 | Epoch 232] Val Acc 0.7790, Val Precision 0.7115, Val Recall 0.6655, Val F1 0.6803
[2026-02-24 15:04:20,496][main.py][line:183][INFO] [Run 0 | Epoch 232] Train Acc 0.8229, Train Precision 0.7766, Train Recall 0.7467,Train F1 0.7578
[2026-02-24 15:08:57,520][main.py][line:179][INFO] [Run 0 | Epoch 233] Val Acc 0.7811, Val Precision 0.7054, Val Recall 0.6699, Val F1 0.6843
[2026-02-24 15:08:57,520][main.py][line:183][INFO] [Run 0 | Epoch 233] Train Acc 0.8197, Train Precision 0.7557, Train Recall 0.7558,Train F1 0.7551
[2026-02-24 15:13:34,550][main.py][line:179][INFO] [Run 0 | Epoch 234] Val Acc 0.8069, Val Precision 0.7639, Val Recall 0.7041, Val F1 0.7166
[2026-02-24 15:13:34,550][main.py][line:183][INFO] [Run 0 | Epoch 234] Train Acc 0.8197, Train Precision 0.7607, Train Recall 0.7562,Train F1 0.7572
[2026-02-24 15:18:11,406][main.py][line:179][INFO] [Run 0 | Epoch 235] Val Acc 0.8004, Val Precision 0.7591, Val Recall 0.6998, Val F1 0.7179
[2026-02-24 15:18:11,406][main.py][line:183][INFO] [Run 0 | Epoch 235] Train Acc 0.8256, Train Precision 0.7761, Train Recall 0.7469,Train F1 0.7565
[2026-02-24 15:22:47,375][main.py][line:179][INFO] [Run 0 | Epoch 236] Val Acc 0.7961, Val Precision 0.7581, Val Recall 0.6882, Val F1 0.7084
[2026-02-24 15:22:47,375][main.py][line:183][INFO] [Run 0 | Epoch 236] Train Acc 0.8256, Train Precision 0.7789, Train Recall 0.7521,Train F1 0.7633
[2026-02-24 15:27:25,459][main.py][line:179][INFO] [Run 0 | Epoch 237] Val Acc 0.8069, Val Precision 0.7378, Val Recall 0.7131, Val F1 0.7208
[2026-02-24 15:27:25,460][main.py][line:183][INFO] [Run 0 | Epoch 237] Train Acc 0.8213, Train Precision 0.7582, Train Recall 0.7631,Train F1 0.7598
[2026-02-24 15:32:01,752][main.py][line:179][INFO] [Run 0 | Epoch 238] Val Acc 0.7940, Val Precision 0.7341, Val Recall 0.6940, Val F1 0.7091
[2026-02-24 15:32:01,752][main.py][line:183][INFO] [Run 0 | Epoch 238] Train Acc 0.8395, Train Precision 0.7935, Train Recall 0.7740,Train F1 0.7828
[2026-02-24 15:36:33,926][main.py][line:179][INFO] [Run 0 | Epoch 239] Val Acc 0.8112, Val Precision 0.7764, Val Recall 0.7051, Val F1 0.7287
[2026-02-24 15:36:33,926][main.py][line:183][INFO] [Run 0 | Epoch 239] Train Acc 0.8181, Train Precision 0.7682, Train Recall 0.7293,Train F1 0.7461
[2026-02-24 15:41:11,337][main.py][line:179][INFO] [Run 0 | Epoch 240] Val Acc 0.8112, Val Precision 0.7800, Val Recall 0.7027, Val F1 0.7208
[2026-02-24 15:41:11,338][main.py][line:183][INFO] [Run 0 | Epoch 240] Train Acc 0.8117, Train Precision 0.7467, Train Recall 0.7325,Train F1 0.7384
[2026-02-24 15:45:48,770][main.py][line:179][INFO] [Run 0 | Epoch 241] Val Acc 0.8155, Val Precision 0.7713, Val Recall 0.7077, Val F1 0.7271
[2026-02-24 15:45:48,770][main.py][line:183][INFO] [Run 0 | Epoch 241] Train Acc 0.8352, Train Precision 0.7901, Train Recall 0.7704,Train F1 0.7790
[2026-02-24 15:50:27,738][main.py][line:179][INFO] [Run 0 | Epoch 242] Val Acc 0.7983, Val Precision 0.7634, Val Recall 0.6876, Val F1 0.7032
[2026-02-24 15:50:27,739][main.py][line:183][INFO] [Run 0 | Epoch 242] Train Acc 0.8315, Train Precision 0.7763, Train Recall 0.7597,Train F1 0.7675
[2026-02-24 15:55:04,502][main.py][line:179][INFO] [Run 0 | Epoch 243] Val Acc 0.8112, Val Precision 0.7627, Val Recall 0.7117, Val F1 0.7233
[2026-02-24 15:55:04,503][main.py][line:183][INFO] [Run 0 | Epoch 243] Train Acc 0.8181, Train Precision 0.7586, Train Recall 0.7547,Train F1 0.7564
[2026-02-24 15:59:42,915][main.py][line:179][INFO] [Run 0 | Epoch 244] Val Acc 0.8026, Val Precision 0.7409, Val Recall 0.7054, Val F1 0.7183
[2026-02-24 15:59:42,915][main.py][line:183][INFO] [Run 0 | Epoch 244] Train Acc 0.8202, Train Precision 0.7647, Train Recall 0.7531,Train F1 0.7576
[2026-02-24 16:03:51,553][main.py][line:179][INFO] [Run 0 | Epoch 245] Val Acc 0.8069, Val Precision 0.7561, Val Recall 0.7030, Val F1 0.7194
[2026-02-24 16:03:51,554][main.py][line:183][INFO] [Run 0 | Epoch 245] Train Acc 0.8250, Train Precision 0.7751, Train Recall 0.7470,Train F1 0.7564
[2026-02-24 16:08:00,270][main.py][line:179][INFO] [Run 0 | Epoch 246] Val Acc 0.8090, Val Precision 0.7511, Val Recall 0.7125, Val F1 0.7270
[2026-02-24 16:08:00,270][main.py][line:183][INFO] [Run 0 | Epoch 246] Train Acc 0.8224, Train Precision 0.7732, Train Recall 0.7499,Train F1 0.7600
[2026-02-24 16:12:07,674][main.py][line:179][INFO] [Run 0 | Epoch 247] Val Acc 0.7918, Val Precision 0.7258, Val Recall 0.6963, Val F1 0.7076
[2026-02-24 16:12:07,675][main.py][line:183][INFO] [Run 0 | Epoch 247] Train Acc 0.8288, Train Precision 0.7681, Train Recall 0.7672,Train F1 0.7666
[2026-02-24 16:16:15,128][main.py][line:179][INFO] [Run 0 | Epoch 248] Val Acc 0.7940, Val Precision 0.7443, Val Recall 0.6895, Val F1 0.7081
[2026-02-24 16:16:15,128][main.py][line:183][INFO] [Run 0 | Epoch 248] Train Acc 0.8368, Train Precision 0.7873, Train Recall 0.7678,Train F1 0.7752
[2026-02-24 16:20:25,280][main.py][line:179][INFO] [Run 0 | Epoch 249] Val Acc 0.7876, Val Precision 0.7309, Val Recall 0.6785, Val F1 0.6956
[2026-02-24 16:20:25,281][main.py][line:183][INFO] [Run 0 | Epoch 249] Train Acc 0.8261, Train Precision 0.7733, Train Recall 0.7576,Train F1 0.7650
[2026-02-24 16:24:33,141][main.py][line:179][INFO] [Run 0 | Epoch 250] Val Acc 0.8004, Val Precision 0.7380, Val Recall 0.7022, Val F1 0.7160
[2026-02-24 16:24:33,141][main.py][line:183][INFO] [Run 0 | Epoch 250] Train Acc 0.8320, Train Precision 0.7704, Train Recall 0.7671,Train F1 0.7681
[2026-02-24 16:28:41,833][main.py][line:179][INFO] [Run 0 | Epoch 251] Val Acc 0.7876, Val Precision 0.7241, Val Recall 0.6773, Val F1 0.6919
[2026-02-24 16:28:41,833][main.py][line:183][INFO] [Run 0 | Epoch 251] Train Acc 0.8336, Train Precision 0.7884, Train Recall 0.7581,Train F1 0.7713
[2026-02-24 16:32:52,929][main.py][line:179][INFO] [Run 0 | Epoch 252] Val Acc 0.7918, Val Precision 0.7362, Val Recall 0.6856, Val F1 0.7030
[2026-02-24 16:32:52,929][main.py][line:183][INFO] [Run 0 | Epoch 252] Train Acc 0.8309, Train Precision 0.7862, Train Recall 0.7516,Train F1 0.7662
[2026-02-24 16:37:03,179][main.py][line:179][INFO] [Run 0 | Epoch 253] Val Acc 0.7961, Val Precision 0.7415, Val Recall 0.6910, Val F1 0.7084
[2026-02-24 16:37:03,180][main.py][line:183][INFO] [Run 0 | Epoch 253] Train Acc 0.8202, Train Precision 0.7627, Train Recall 0.7451,Train F1 0.7529
[2026-02-24 16:41:09,661][main.py][line:179][INFO] [Run 0 | Epoch 254] Val Acc 0.7940, Val Precision 0.7528, Val Recall 0.6900, Val F1 0.7105
[2026-02-24 16:41:09,661][main.py][line:183][INFO] [Run 0 | Epoch 254] Train Acc 0.8315, Train Precision 0.7805, Train Recall 0.7571,Train F1 0.7678
[2026-02-24 16:45:15,158][main.py][line:179][INFO] [Run 0 | Epoch 255] Val Acc 0.7961, Val Precision 0.7446, Val Recall 0.6934, Val F1 0.7118
[2026-02-24 16:45:15,159][main.py][line:183][INFO] [Run 0 | Epoch 255] Train Acc 0.8288, Train Precision 0.7867, Train Recall 0.7558,Train F1 0.7690
[2026-02-24 16:49:25,411][main.py][line:179][INFO] [Run 0 | Epoch 256] Val Acc 0.8047, Val Precision 0.7509, Val Recall 0.7003, Val F1 0.7175
[2026-02-24 16:49:25,412][main.py][line:183][INFO] [Run 0 | Epoch 256] Train Acc 0.8250, Train Precision 0.7762, Train Recall 0.7528,Train F1 0.7634
[2026-02-24 16:53:38,127][main.py][line:179][INFO] [Run 0 | Epoch 257] Val Acc 0.7661, Val Precision 0.6990, Val Recall 0.6497, Val F1 0.6640
[2026-02-24 16:53:38,127][main.py][line:183][INFO] [Run 0 | Epoch 257] Train Acc 0.8304, Train Precision 0.7815, Train Recall 0.7603,Train F1 0.7698
[2026-02-24 16:57:49,351][main.py][line:179][INFO] [Run 0 | Epoch 258] Val Acc 0.7897, Val Precision 0.7280, Val Recall 0.6796, Val F1 0.6944
[2026-02-24 16:57:49,352][main.py][line:183][INFO] [Run 0 | Epoch 258] Train Acc 0.8315, Train Precision 0.7809, Train Recall 0.7582,Train F1 0.7683
[2026-02-24 17:02:01,123][main.py][line:179][INFO] [Run 0 | Epoch 259] Val Acc 0.8026, Val Precision 0.7492, Val Recall 0.6970, Val F1 0.7128
[2026-02-24 17:02:01,123][main.py][line:183][INFO] [Run 0 | Epoch 259] Train Acc 0.8143, Train Precision 0.7531, Train Recall 0.7405,Train F1 0.7465
[2026-02-24 17:06:14,771][main.py][line:179][INFO] [Run 0 | Epoch 260] Val Acc 0.8112, Val Precision 0.7708, Val Recall 0.7079, Val F1 0.7242
[2026-02-24 17:06:14,772][main.py][line:183][INFO] [Run 0 | Epoch 260] Train Acc 0.8320, Train Precision 0.7878, Train Recall 0.7553,Train F1 0.7683
[2026-02-24 17:10:21,054][main.py][line:179][INFO] [Run 0 | Epoch 261] Val Acc 0.8176, Val Precision 0.7671, Val Recall 0.7194, Val F1 0.7364
[2026-02-24 17:10:21,055][main.py][line:183][INFO] [Run 0 | Epoch 261] Train Acc 0.8261, Train Precision 0.7754, Train Recall 0.7532,Train F1 0.7632
[2026-02-24 17:14:30,375][main.py][line:179][INFO] [Run 0 | Epoch 262] Val Acc 0.8090, Val Precision 0.7618, Val Recall 0.7069, Val F1 0.7260
[2026-02-24 17:14:30,376][main.py][line:183][INFO] [Run 0 | Epoch 262] Train Acc 0.8218, Train Precision 0.7678, Train Recall 0.7435,Train F1 0.7542
[2026-02-24 17:18:37,064][main.py][line:179][INFO] [Run 0 | Epoch 263] Val Acc 0.7961, Val Precision 0.7474, Val Recall 0.6927, Val F1 0.7108
[2026-02-24 17:18:37,065][main.py][line:183][INFO] [Run 0 | Epoch 263] Train Acc 0.8309, Train Precision 0.7836, Train Recall 0.7579,Train F1 0.7689
[2026-02-24 17:22:45,043][main.py][line:179][INFO] [Run 0 | Epoch 264] Val Acc 0.7854, Val Precision 0.7321, Val Recall 0.6916, Val F1 0.6998
[2026-02-24 17:22:45,044][main.py][line:183][INFO] [Run 0 | Epoch 264] Train Acc 0.8224, Train Precision 0.7643, Train Recall 0.7523,Train F1 0.7556
[2026-02-24 17:26:56,438][main.py][line:179][INFO] [Run 0 | Epoch 265] Val Acc 0.8090, Val Precision 0.7579, Val Recall 0.7135, Val F1 0.7285
[2026-02-24 17:26:56,439][main.py][line:183][INFO] [Run 0 | Epoch 265] Train Acc 0.8245, Train Precision 0.7679, Train Recall 0.7618,Train F1 0.7648
[2026-02-24 17:31:05,639][main.py][line:179][INFO] [Run 0 | Epoch 266] Val Acc 0.7983, Val Precision 0.7354, Val Recall 0.6966, Val F1 0.7112
[2026-02-24 17:31:05,639][main.py][line:183][INFO] [Run 0 | Epoch 266] Train Acc 0.8357, Train Precision 0.7851, Train Recall 0.7662,Train F1 0.7751
[2026-02-24 17:35:12,526][main.py][line:179][INFO] [Run 0 | Epoch 267] Val Acc 0.7983, Val Precision 0.7494, Val Recall 0.6933, Val F1 0.7089
[2026-02-24 17:35:12,526][main.py][line:183][INFO] [Run 0 | Epoch 267] Train Acc 0.8352, Train Precision 0.7812, Train Recall 0.7687,Train F1 0.7744
[2026-02-24 17:39:21,702][main.py][line:179][INFO] [Run 0 | Epoch 268] Val Acc 0.7682, Val Precision 0.6993, Val Recall 0.6581, Val F1 0.6714
[2026-02-24 17:39:21,702][main.py][line:183][INFO] [Run 0 | Epoch 268] Train Acc 0.8341, Train Precision 0.7907, Train Recall 0.7643,Train F1 0.7745
[2026-02-24 17:43:30,879][main.py][line:179][INFO] [Run 0 | Epoch 269] Val Acc 0.7961, Val Precision 0.7419, Val Recall 0.6889, Val F1 0.7026
[2026-02-24 17:43:30,879][main.py][line:183][INFO] [Run 0 | Epoch 269] Train Acc 0.8331, Train Precision 0.7870, Train Recall 0.7618,Train F1 0.7733
[2026-02-24 17:47:39,321][main.py][line:179][INFO] [Run 0 | Epoch 270] Val Acc 0.8090, Val Precision 0.7611, Val Recall 0.7102, Val F1 0.7275
[2026-02-24 17:47:39,322][main.py][line:183][INFO] [Run 0 | Epoch 270] Train Acc 0.8304, Train Precision 0.7785, Train Recall 0.7555,Train F1 0.7660
[2026-02-24 17:51:44,158][main.py][line:179][INFO] [Run 0 | Epoch 271] Val Acc 0.8090, Val Precision 0.7611, Val Recall 0.7085, Val F1 0.7235
[2026-02-24 17:51:44,159][main.py][line:183][INFO] [Run 0 | Epoch 271] Train Acc 0.8256, Train Precision 0.7776, Train Recall 0.7578,Train F1 0.7668
[2026-02-24 17:55:52,879][main.py][line:179][INFO] [Run 0 | Epoch 272] Val Acc 0.8069, Val Precision 0.7611, Val Recall 0.7025, Val F1 0.7214
[2026-02-24 17:55:52,880][main.py][line:183][INFO] [Run 0 | Epoch 272] Train Acc 0.8384, Train Precision 0.7914, Train Recall 0.7736,Train F1 0.7816
[2026-02-24 17:59:59,409][main.py][line:179][INFO] [Run 0 | Epoch 273] Val Acc 0.7961, Val Precision 0.7369, Val Recall 0.6979, Val F1 0.7114
[2026-02-24 17:59:59,410][main.py][line:183][INFO] [Run 0 | Epoch 273] Train Acc 0.8186, Train Precision 0.7597, Train Recall 0.7529,Train F1 0.7559
[2026-02-24 18:04:07,480][main.py][line:179][INFO] [Run 0 | Epoch 274] Val Acc 0.7940, Val Precision 0.7365, Val Recall 0.6940, Val F1 0.7090
[2026-02-24 18:04:07,480][main.py][line:183][INFO] [Run 0 | Epoch 274] Train Acc 0.8331, Train Precision 0.7796, Train Recall 0.7690,Train F1 0.7732
[2026-02-24 18:08:15,899][main.py][line:179][INFO] [Run 0 | Epoch 275] Val Acc 0.8004, Val Precision 0.7501, Val Recall 0.7000, Val F1 0.7122
[2026-02-24 18:08:15,900][main.py][line:183][INFO] [Run 0 | Epoch 275] Train Acc 0.8331, Train Precision 0.7831, Train Recall 0.7619,Train F1 0.7711
[2026-02-24 18:12:22,781][main.py][line:179][INFO] [Run 0 | Epoch 276] Val Acc 0.8133, Val Precision 0.7717, Val Recall 0.7106, Val F1 0.7315
[2026-02-24 18:12:22,782][main.py][line:183][INFO] [Run 0 | Epoch 276] Train Acc 0.8175, Train Precision 0.7595, Train Recall 0.7443,Train F1 0.7510
[2026-02-24 18:16:34,157][main.py][line:179][INFO] [Run 0 | Epoch 277] Val Acc 0.7983, Val Precision 0.7407, Val Recall 0.6994, Val F1 0.7127
[2026-02-24 18:16:34,157][main.py][line:183][INFO] [Run 0 | Epoch 277] Train Acc 0.8406, Train Precision 0.7996, Train Recall 0.7763,Train F1 0.7863
[2026-02-24 18:20:43,032][main.py][line:179][INFO] [Run 0 | Epoch 278] Val Acc 0.7983, Val Precision 0.7446, Val Recall 0.6933, Val F1 0.7106
[2026-02-24 18:20:43,032][main.py][line:183][INFO] [Run 0 | Epoch 278] Train Acc 0.8368, Train Precision 0.7836, Train Recall 0.7688,Train F1 0.7758
[2026-02-24 18:24:51,608][main.py][line:179][INFO] [Run 0 | Epoch 279] Val Acc 0.8155, Val Precision 0.7736, Val Recall 0.7138, Val F1 0.7324
[2026-02-24 18:24:51,608][main.py][line:183][INFO] [Run 0 | Epoch 279] Train Acc 0.8261, Train Precision 0.7780, Train Recall 0.7562,Train F1 0.7658
[2026-02-24 18:29:02,524][main.py][line:179][INFO] [Run 0 | Epoch 280] Val Acc 0.8090, Val Precision 0.7513, Val Recall 0.7069, Val F1 0.7224
[2026-02-24 18:29:02,525][main.py][line:183][INFO] [Run 0 | Epoch 280] Train Acc 0.8229, Train Precision 0.7630, Train Recall 0.7490,Train F1 0.7556
[2026-02-24 18:33:09,421][main.py][line:179][INFO] [Run 0 | Epoch 281] Val Acc 0.7918, Val Precision 0.7327, Val Recall 0.6823, Val F1 0.6991
[2026-02-24 18:33:09,421][main.py][line:183][INFO] [Run 0 | Epoch 281] Train Acc 0.8347, Train Precision 0.7830, Train Recall 0.7658,Train F1 0.7738
[2026-02-24 18:37:21,903][main.py][line:179][INFO] [Run 0 | Epoch 282] Val Acc 0.7983, Val Precision 0.7450, Val Recall 0.6904, Val F1 0.7077
[2026-02-24 18:37:21,903][main.py][line:183][INFO] [Run 0 | Epoch 282] Train Acc 0.8422, Train Precision 0.7933, Train Recall 0.7749,Train F1 0.7834
[2026-02-24 18:41:57,730][main.py][line:179][INFO] [Run 0 | Epoch 283] Val Acc 0.8133, Val Precision 0.7796, Val Recall 0.7095, Val F1 0.7306
[2026-02-24 18:41:57,730][main.py][line:183][INFO] [Run 0 | Epoch 283] Train Acc 0.8154, Train Precision 0.7576, Train Recall 0.7336,Train F1 0.7431
[2026-02-24 18:46:34,262][main.py][line:179][INFO] [Run 0 | Epoch 284] Val Acc 0.8004, Val Precision 0.7453, Val Recall 0.7005, Val F1 0.7168
[2026-02-24 18:46:34,262][main.py][line:183][INFO] [Run 0 | Epoch 284] Train Acc 0.8245, Train Precision 0.7662, Train Recall 0.7504,Train F1 0.7579
[2026-02-24 18:51:10,199][main.py][line:179][INFO] [Run 0 | Epoch 285] Val Acc 0.8069, Val Precision 0.7602, Val Recall 0.7058, Val F1 0.7242
[2026-02-24 18:51:10,200][main.py][line:183][INFO] [Run 0 | Epoch 285] Train Acc 0.8390, Train Precision 0.7901, Train Recall 0.7720,Train F1 0.7804
[2026-02-24 18:55:49,822][main.py][line:179][INFO] [Run 0 | Epoch 286] Val Acc 0.7876, Val Precision 0.7298, Val Recall 0.6882, Val F1 0.6990
[2026-02-24 18:55:49,822][main.py][line:183][INFO] [Run 0 | Epoch 286] Train Acc 0.8256, Train Precision 0.7681, Train Recall 0.7568,Train F1 0.7619
[2026-02-24 19:00:24,154][main.py][line:179][INFO] [Run 0 | Epoch 287] Val Acc 0.7747, Val Precision 0.7143, Val Recall 0.6707, Val F1 0.6792
[2026-02-24 19:00:24,155][main.py][line:183][INFO] [Run 0 | Epoch 287] Train Acc 0.8218, Train Precision 0.7723, Train Recall 0.7434,Train F1 0.7546
[2026-02-24 19:05:04,542][main.py][line:179][INFO] [Run 0 | Epoch 288] Val Acc 0.8219, Val Precision 0.7821, Val Recall 0.7248, Val F1 0.7434
[2026-02-24 19:05:04,543][main.py][line:183][INFO] [Run 0 | Epoch 288] Train Acc 0.8288, Train Precision 0.7721, Train Recall 0.7552,Train F1 0.7632
[2026-02-24 19:09:41,538][main.py][line:179][INFO] [Run 0 | Epoch 289] Val Acc 0.8112, Val Precision 0.7746, Val Recall 0.7079, Val F1 0.7295
[2026-02-24 19:09:41,539][main.py][line:183][INFO] [Run 0 | Epoch 289] Train Acc 0.8250, Train Precision 0.7726, Train Recall 0.7508,Train F1 0.7608
[2026-02-24 19:14:19,386][main.py][line:179][INFO] [Run 0 | Epoch 290] Val Acc 0.8112, Val Precision 0.7572, Val Recall 0.7096, Val F1 0.7263
[2026-02-24 19:14:19,387][main.py][line:183][INFO] [Run 0 | Epoch 290] Train Acc 0.8288, Train Precision 0.7764, Train Recall 0.7605,Train F1 0.7680
[2026-02-24 19:18:55,742][main.py][line:179][INFO] [Run 0 | Epoch 291] Val Acc 0.7983, Val Precision 0.7467, Val Recall 0.6933, Val F1 0.7108
[2026-02-24 19:18:55,742][main.py][line:183][INFO] [Run 0 | Epoch 291] Train Acc 0.8288, Train Precision 0.7764, Train Recall 0.7581,Train F1 0.7666
[2026-02-24 19:23:33,916][main.py][line:179][INFO] [Run 0 | Epoch 292] Val Acc 0.8026, Val Precision 0.7608, Val Recall 0.6987, Val F1 0.7193
[2026-02-24 19:23:33,916][main.py][line:183][INFO] [Run 0 | Epoch 292] Train Acc 0.8395, Train Precision 0.7895, Train Recall 0.7751,Train F1 0.7818
[2026-02-24 19:28:09,649][main.py][line:179][INFO] [Run 0 | Epoch 293] Val Acc 0.8305, Val Precision 0.7994, Val Recall 0.7357, Val F1 0.7546
[2026-02-24 19:28:09,649][main.py][line:183][INFO] [Run 0 | Epoch 293] Train Acc 0.8261, Train Precision 0.7830, Train Recall 0.7615,Train F1 0.7704
[2026-02-24 19:32:49,270][main.py][line:179][INFO] [Run 0 | Epoch 294] Val Acc 0.8069, Val Precision 0.7505, Val Recall 0.7058, Val F1 0.7212
[2026-02-24 19:32:49,271][main.py][line:183][INFO] [Run 0 | Epoch 294] Train Acc 0.8368, Train Precision 0.7838, Train Recall 0.7662,Train F1 0.7739
[2026-02-24 19:37:28,206][main.py][line:179][INFO] [Run 0 | Epoch 295] Val Acc 0.8197, Val Precision 0.7860, Val Recall 0.7188, Val F1 0.7411
[2026-02-24 19:37:28,207][main.py][line:183][INFO] [Run 0 | Epoch 295] Train Acc 0.8315, Train Precision 0.7832, Train Recall 0.7589,Train F1 0.7696
[2026-02-24 19:42:05,617][main.py][line:179][INFO] [Run 0 | Epoch 296] Val Acc 0.8090, Val Precision 0.7609, Val Recall 0.7069, Val F1 0.7257
[2026-02-24 19:42:05,617][main.py][line:183][INFO] [Run 0 | Epoch 296] Train Acc 0.8288, Train Precision 0.7740, Train Recall 0.7550,Train F1 0.7639
[2026-02-24 19:46:46,950][main.py][line:179][INFO] [Run 0 | Epoch 297] Val Acc 0.7961, Val Precision 0.7419, Val Recall 0.6951, Val F1 0.7119
[2026-02-24 19:46:46,951][main.py][line:183][INFO] [Run 0 | Epoch 297] Train Acc 0.8357, Train Precision 0.7810, Train Recall 0.7698,Train F1 0.7752
[2026-02-24 19:51:23,076][main.py][line:179][INFO] [Run 0 | Epoch 298] Val Acc 0.8155, Val Precision 0.7736, Val Recall 0.7105, Val F1 0.7304
[2026-02-24 19:51:23,076][main.py][line:183][INFO] [Run 0 | Epoch 298] Train Acc 0.8373, Train Precision 0.7834, Train Recall 0.7654,Train F1 0.7738
[2026-02-24 19:55:59,697][main.py][line:179][INFO] [Run 0 | Epoch 299] Val Acc 0.8047, Val Precision 0.7498, Val Recall 0.7104, Val F1 0.7253
[2026-02-24 19:55:59,697][main.py][line:183][INFO] [Run 0 | Epoch 299] Train Acc 0.8411, Train Precision 0.7907, Train Recall 0.7731,Train F1 0.7812
