[2026-03-04 04:00:44,319][jit_analysis.py][line:499][WARNING] Unsupported operator aten::gelu encountered 141 time(s)
[2026-03-04 04:00:44,320][jit_analysis.py][line:499][WARNING] Unsupported operator aten::mean encountered 193 time(s)
[2026-03-04 04:00:44,320][jit_analysis.py][line:499][WARNING] Unsupported operator aten::sub encountered 192 time(s)
[2026-03-04 04:00:44,320][jit_analysis.py][line:499][WARNING] Unsupported operator aten::pow encountered 96 time(s)
[2026-03-04 04:00:44,320][jit_analysis.py][line:499][WARNING] Unsupported operator aten::add encountered 330 time(s)
[2026-03-04 04:00:44,320][jit_analysis.py][line:499][WARNING] Unsupported operator aten::sqrt encountered 96 time(s)
[2026-03-04 04:00:44,320][jit_analysis.py][line:499][WARNING] Unsupported operator aten::div encountered 96 time(s)
[2026-03-04 04:00:44,320][jit_analysis.py][line:499][WARNING] Unsupported operator aten::mul encountered 234 time(s)
[2026-03-04 04:03:25,822][mainapp.py][line:132][INFO] [Run 2 | Epoch 0] Val Acc 0.4272, Val Precision 0.1891, Val Recall 0.2141, Val F1 0.1744
[2026-03-04 04:03:25,822][mainapp.py][line:134][INFO] [Run 2 | Epoch 0] Train Acc 0.4499, Train Precision 0.2488, Train Recall 0.2614,Train F1 0.2226
[2026-03-04 04:06:04,712][mainapp.py][line:132][INFO] [Run 2 | Epoch 1] Val Acc 0.3889, Val Precision 0.1243, Val Recall 0.1783, Val F1 0.1268
[2026-03-04 04:06:04,713][mainapp.py][line:134][INFO] [Run 2 | Epoch 1] Train Acc 0.4335, Train Precision 0.3135, Train Recall 0.2253,Train F1 0.1759
[2026-03-04 04:08:47,794][mainapp.py][line:132][INFO] [Run 2 | Epoch 2] Val Acc 0.4469, Val Precision 0.1703, Val Recall 0.2255, Val F1 0.1671
[2026-03-04 04:08:47,794][mainapp.py][line:134][INFO] [Run 2 | Epoch 2] Train Acc 0.4764, Train Precision 0.2445, Train Recall 0.2627,Train F1 0.2284
[2026-03-04 04:11:23,448][mainapp.py][line:132][INFO] [Run 2 | Epoch 3] Val Acc 0.5457, Val Precision 0.2404, Val Recall 0.3238, Val F1 0.2693
[2026-03-04 04:11:23,448][mainapp.py][line:134][INFO] [Run 2 | Epoch 3] Train Acc 0.4992, Train Precision 0.3743, Train Recall 0.2765,Train F1 0.2349
[2026-03-04 04:14:11,407][mainapp.py][line:132][INFO] [Run 2 | Epoch 4] Val Acc 0.4679, Val Precision 0.2583, Val Recall 0.2609, Val F1 0.2344
[2026-03-04 04:14:11,408][mainapp.py][line:134][INFO] [Run 2 | Epoch 4] Train Acc 0.5212, Train Precision 0.4967, Train Recall 0.3024,Train F1 0.2775
[2026-03-04 04:16:51,549][mainapp.py][line:132][INFO] [Run 2 | Epoch 5] Val Acc 0.4877, Val Precision 0.2473, Val Recall 0.2625, Val F1 0.2255
[2026-03-04 04:16:51,550][mainapp.py][line:134][INFO] [Run 2 | Epoch 5] Train Acc 0.5053, Train Precision 0.4395, Train Recall 0.2895,Train F1 0.2540
[2026-03-04 04:19:26,925][mainapp.py][line:132][INFO] [Run 2 | Epoch 6] Val Acc 0.5469, Val Precision 0.2755, Val Recall 0.3193, Val F1 0.2890
[2026-03-04 04:19:26,925][mainapp.py][line:134][INFO] [Run 2 | Epoch 6] Train Acc 0.5315, Train Precision 0.3976, Train Recall 0.3091,Train F1 0.2722
[2026-03-04 04:22:13,683][mainapp.py][line:132][INFO] [Run 2 | Epoch 7] Val Acc 0.5160, Val Precision 0.2387, Val Recall 0.2831, Val F1 0.2414
[2026-03-04 04:22:13,684][mainapp.py][line:134][INFO] [Run 2 | Epoch 7] Train Acc 0.5464, Train Precision 0.4029, Train Recall 0.3374,Train F1 0.3130
[2026-03-04 04:24:53,870][mainapp.py][line:132][INFO] [Run 2 | Epoch 8] Val Acc 0.5123, Val Precision 0.2260, Val Recall 0.2835, Val F1 0.2114
[2026-03-04 04:24:53,870][mainapp.py][line:134][INFO] [Run 2 | Epoch 8] Train Acc 0.5148, Train Precision 0.4052, Train Recall 0.2911,Train F1 0.2540
[2026-03-04 04:27:41,186][mainapp.py][line:132][INFO] [Run 2 | Epoch 9] Val Acc 0.5086, Val Precision 0.1917, Val Recall 0.2743, Val F1 0.1944
[2026-03-04 04:27:41,186][mainapp.py][line:134][INFO] [Run 2 | Epoch 9] Train Acc 0.5303, Train Precision 0.4774, Train Recall 0.3251,Train F1 0.3000
[2026-03-04 04:30:24,286][mainapp.py][line:132][INFO] [Run 2 | Epoch 10] Val Acc 0.5519, Val Precision 0.2465, Val Recall 0.3354, Val F1 0.2756
[2026-03-04 04:30:24,287][mainapp.py][line:134][INFO] [Run 2 | Epoch 10] Train Acc 0.5227, Train Precision 0.4958, Train Recall 0.3156,Train F1 0.2693
[2026-03-04 04:33:11,836][mainapp.py][line:132][INFO] [Run 2 | Epoch 11] Val Acc 0.5210, Val Precision 0.5030, Val Recall 0.2962, Val F1 0.2578
[2026-03-04 04:33:11,836][mainapp.py][line:134][INFO] [Run 2 | Epoch 11] Train Acc 0.5589, Train Precision 0.4166, Train Recall 0.3455,Train F1 0.3262
[2026-03-04 04:35:57,032][mainapp.py][line:132][INFO] [Run 2 | Epoch 12] Val Acc 0.5111, Val Precision 0.2406, Val Recall 0.2754, Val F1 0.2305
[2026-03-04 04:35:57,032][mainapp.py][line:134][INFO] [Run 2 | Epoch 12] Train Acc 0.5534, Train Precision 0.4367, Train Recall 0.3300,Train F1 0.3068
[2026-03-04 04:38:41,793][mainapp.py][line:132][INFO] [Run 2 | Epoch 13] Val Acc 0.5827, Val Precision 0.3320, Val Recall 0.3570, Val F1 0.3210
[2026-03-04 04:38:41,793][mainapp.py][line:134][INFO] [Run 2 | Epoch 13] Train Acc 0.5531, Train Precision 0.4348, Train Recall 0.3366,Train F1 0.3128
[2026-03-04 04:41:30,014][mainapp.py][line:132][INFO] [Run 2 | Epoch 14] Val Acc 0.5074, Val Precision 0.4536, Val Recall 0.2897, Val F1 0.2503
[2026-03-04 04:41:30,014][mainapp.py][line:134][INFO] [Run 2 | Epoch 14] Train Acc 0.5355, Train Precision 0.4735, Train Recall 0.3339,Train F1 0.3198
[2026-03-04 04:44:09,193][mainapp.py][line:132][INFO] [Run 2 | Epoch 15] Val Acc 0.5938, Val Precision 0.4739, Val Recall 0.4182, Val F1 0.4073
[2026-03-04 04:44:09,193][mainapp.py][line:134][INFO] [Run 2 | Epoch 15] Train Acc 0.5717, Train Precision 0.4800, Train Recall 0.3625,Train F1 0.3499
[2026-03-04 04:46:57,704][mainapp.py][line:132][INFO] [Run 2 | Epoch 16] Val Acc 0.5531, Val Precision 0.3586, Val Recall 0.3476, Val F1 0.3047
[2026-03-04 04:46:57,705][mainapp.py][line:134][INFO] [Run 2 | Epoch 16] Train Acc 0.5592, Train Precision 0.4328, Train Recall 0.3595,Train F1 0.3475
[2026-03-04 04:49:36,314][mainapp.py][line:132][INFO] [Run 2 | Epoch 17] Val Acc 0.5691, Val Precision 0.4745, Val Recall 0.3414, Val F1 0.3288
[2026-03-04 04:49:36,314][mainapp.py][line:134][INFO] [Run 2 | Epoch 17] Train Acc 0.5750, Train Precision 0.5174, Train Recall 0.3630,Train F1 0.3566
[2026-03-04 04:52:19,904][mainapp.py][line:132][INFO] [Run 2 | Epoch 18] Val Acc 0.5642, Val Precision 0.5307, Val Recall 0.4036, Val F1 0.3903
[2026-03-04 04:52:19,904][mainapp.py][line:134][INFO] [Run 2 | Epoch 18] Train Acc 0.5869, Train Precision 0.5342, Train Recall 0.4101,Train F1 0.4136
[2026-03-04 04:55:00,650][mainapp.py][line:132][INFO] [Run 2 | Epoch 19] Val Acc 0.4926, Val Precision 0.4768, Val Recall 0.2990, Val F1 0.2878
[2026-03-04 04:55:00,650][mainapp.py][line:134][INFO] [Run 2 | Epoch 19] Train Acc 0.5726, Train Precision 0.4771, Train Recall 0.3645,Train F1 0.3527
[2026-03-04 04:57:38,542][mainapp.py][line:132][INFO] [Run 2 | Epoch 20] Val Acc 0.5247, Val Precision 0.4578, Val Recall 0.3818, Val F1 0.3762
[2026-03-04 04:57:38,542][mainapp.py][line:134][INFO] [Run 2 | Epoch 20] Train Acc 0.5756, Train Precision 0.4753, Train Recall 0.4036,Train F1 0.4129
[2026-03-04 05:00:21,174][mainapp.py][line:132][INFO] [Run 2 | Epoch 21] Val Acc 0.5605, Val Precision 0.4213, Val Recall 0.3249, Val F1 0.3021
[2026-03-04 05:00:21,174][mainapp.py][line:134][INFO] [Run 2 | Epoch 21] Train Acc 0.5912, Train Precision 0.5273, Train Recall 0.3740,Train F1 0.3555
[2026-03-04 05:03:00,313][mainapp.py][line:132][INFO] [Run 2 | Epoch 22] Val Acc 0.5840, Val Precision 0.4014, Val Recall 0.3597, Val F1 0.3559
[2026-03-04 05:03:00,314][mainapp.py][line:134][INFO] [Run 2 | Epoch 22] Train Acc 0.5830, Train Precision 0.4918, Train Recall 0.3706,Train F1 0.3595
[2026-03-04 05:05:42,616][mainapp.py][line:132][INFO] [Run 2 | Epoch 23] Val Acc 0.6012, Val Precision 0.4905, Val Recall 0.3924, Val F1 0.3718
[2026-03-04 05:05:42,616][mainapp.py][line:134][INFO] [Run 2 | Epoch 23] Train Acc 0.5790, Train Precision 0.5480, Train Recall 0.3726,Train F1 0.3595
[2026-03-04 05:08:20,819][mainapp.py][line:132][INFO] [Run 2 | Epoch 24] Val Acc 0.6049, Val Precision 0.4456, Val Recall 0.4378, Val F1 0.4010
[2026-03-04 05:08:20,820][mainapp.py][line:134][INFO] [Run 2 | Epoch 24] Train Acc 0.6003, Train Precision 0.4698, Train Recall 0.4488,Train F1 0.4448
[2026-03-04 05:10:58,167][mainapp.py][line:132][INFO] [Run 2 | Epoch 25] Val Acc 0.5543, Val Precision 0.5268, Val Recall 0.3432, Val F1 0.3248
[2026-03-04 05:10:58,167][mainapp.py][line:134][INFO] [Run 2 | Epoch 25] Train Acc 0.6030, Train Precision 0.5896, Train Recall 0.4042,Train F1 0.4022
[2026-03-04 05:13:45,054][mainapp.py][line:132][INFO] [Run 2 | Epoch 26] Val Acc 0.6309, Val Precision 0.5491, Val Recall 0.4571, Val F1 0.4658
[2026-03-04 05:13:45,055][mainapp.py][line:134][INFO] [Run 2 | Epoch 26] Train Acc 0.6347, Train Precision 0.5566, Train Recall 0.4656,Train F1 0.4701
[2026-03-04 05:16:30,242][mainapp.py][line:132][INFO] [Run 2 | Epoch 27] Val Acc 0.6790, Val Precision 0.6414, Val Recall 0.5100, Val F1 0.5123
[2026-03-04 05:16:30,243][mainapp.py][line:134][INFO] [Run 2 | Epoch 27] Train Acc 0.6387, Train Precision 0.5718, Train Recall 0.4753,Train F1 0.4825
[2026-03-04 05:19:18,919][mainapp.py][line:132][INFO] [Run 2 | Epoch 28] Val Acc 0.6272, Val Precision 0.5797, Val Recall 0.4994, Val F1 0.5057
[2026-03-04 05:19:18,920][mainapp.py][line:134][INFO] [Run 2 | Epoch 28] Train Acc 0.6298, Train Precision 0.5712, Train Recall 0.4746,Train F1 0.4852
[2026-03-04 05:22:00,955][mainapp.py][line:132][INFO] [Run 2 | Epoch 29] Val Acc 0.5333, Val Precision 0.5970, Val Recall 0.3748, Val F1 0.3710
[2026-03-04 05:22:00,955][mainapp.py][line:134][INFO] [Run 2 | Epoch 29] Train Acc 0.6134, Train Precision 0.5703, Train Recall 0.4409,Train F1 0.4527
[2026-03-04 05:24:49,107][mainapp.py][line:132][INFO] [Run 2 | Epoch 30] Val Acc 0.5370, Val Precision 0.5173, Val Recall 0.3794, Val F1 0.3978
[2026-03-04 05:24:49,107][mainapp.py][line:134][INFO] [Run 2 | Epoch 30] Train Acc 0.6362, Train Precision 0.6069, Train Recall 0.4604,Train F1 0.4831
[2026-03-04 05:27:32,609][mainapp.py][line:132][INFO] [Run 2 | Epoch 31] Val Acc 0.5975, Val Precision 0.4987, Val Recall 0.4212, Val F1 0.4098
[2026-03-04 05:27:32,609][mainapp.py][line:134][INFO] [Run 2 | Epoch 31] Train Acc 0.6161, Train Precision 0.5941, Train Recall 0.4469,Train F1 0.4653
[2026-03-04 05:30:18,557][mainapp.py][line:132][INFO] [Run 2 | Epoch 32] Val Acc 0.5568, Val Precision 0.4510, Val Recall 0.4231, Val F1 0.3782
[2026-03-04 05:30:18,557][mainapp.py][line:134][INFO] [Run 2 | Epoch 32] Train Acc 0.6143, Train Precision 0.5083, Train Recall 0.4721,Train F1 0.4600
[2026-03-04 05:33:00,801][mainapp.py][line:132][INFO] [Run 2 | Epoch 33] Val Acc 0.7000, Val Precision 0.6578, Val Recall 0.5263, Val F1 0.5513
[2026-03-04 05:33:00,801][mainapp.py][line:134][INFO] [Run 2 | Epoch 33] Train Acc 0.6578, Train Precision 0.6278, Train Recall 0.4901,Train F1 0.5152
[2026-03-04 05:35:46,176][mainapp.py][line:132][INFO] [Run 2 | Epoch 34] Val Acc 0.6210, Val Precision 0.4825, Val Recall 0.4577, Val F1 0.4066
[2026-03-04 05:35:46,176][mainapp.py][line:134][INFO] [Run 2 | Epoch 34] Train Acc 0.6423, Train Precision 0.5636, Train Recall 0.4878,Train F1 0.4700
[2026-03-04 05:38:33,543][mainapp.py][line:132][INFO] [Run 2 | Epoch 35] Val Acc 0.6259, Val Precision 0.6294, Val Recall 0.4551, Val F1 0.4647
[2026-03-04 05:38:33,543][mainapp.py][line:134][INFO] [Run 2 | Epoch 35] Train Acc 0.6323, Train Precision 0.5757, Train Recall 0.4885,Train F1 0.4925
[2026-03-04 05:41:14,872][mainapp.py][line:132][INFO] [Run 2 | Epoch 36] Val Acc 0.5840, Val Precision 0.6279, Val Recall 0.4284, Val F1 0.4060
[2026-03-04 05:41:14,873][mainapp.py][line:134][INFO] [Run 2 | Epoch 36] Train Acc 0.6341, Train Precision 0.5723, Train Recall 0.4971,Train F1 0.5016
[2026-03-04 05:44:02,560][mainapp.py][line:132][INFO] [Run 2 | Epoch 37] Val Acc 0.5173, Val Precision 0.5879, Val Recall 0.3715, Val F1 0.4018
[2026-03-04 05:44:02,560][mainapp.py][line:134][INFO] [Run 2 | Epoch 37] Train Acc 0.6195, Train Precision 0.5436, Train Recall 0.4700,Train F1 0.4902
[2026-03-04 05:46:44,262][mainapp.py][line:132][INFO] [Run 2 | Epoch 38] Val Acc 0.6321, Val Precision 0.5852, Val Recall 0.4914, Val F1 0.4721
[2026-03-04 05:46:44,262][mainapp.py][line:134][INFO] [Run 2 | Epoch 38] Train Acc 0.6728, Train Precision 0.5478, Train Recall 0.5391,Train F1 0.5279
[2026-03-04 05:49:29,104][mainapp.py][line:132][INFO] [Run 2 | Epoch 39] Val Acc 0.5728, Val Precision 0.6146, Val Recall 0.4423, Val F1 0.4561
[2026-03-04 05:49:29,104][mainapp.py][line:134][INFO] [Run 2 | Epoch 39] Train Acc 0.6228, Train Precision 0.5971, Train Recall 0.4607,Train F1 0.4849
[2026-03-04 05:52:12,676][mainapp.py][line:132][INFO] [Run 2 | Epoch 40] Val Acc 0.6580, Val Precision 0.5839, Val Recall 0.4864, Val F1 0.4801
[2026-03-04 05:52:12,677][mainapp.py][line:134][INFO] [Run 2 | Epoch 40] Train Acc 0.6575, Train Precision 0.6627, Train Recall 0.4986,Train F1 0.5183
[2026-03-04 05:54:57,743][mainapp.py][line:132][INFO] [Run 2 | Epoch 41] Val Acc 0.6914, Val Precision 0.6484, Val Recall 0.5281, Val F1 0.5630
[2026-03-04 05:54:57,743][mainapp.py][line:134][INFO] [Run 2 | Epoch 41] Train Acc 0.6615, Train Precision 0.6433, Train Recall 0.5022,Train F1 0.5330
[2026-03-04 05:57:45,293][mainapp.py][line:132][INFO] [Run 2 | Epoch 42] Val Acc 0.6556, Val Precision 0.6210, Val Recall 0.5089, Val F1 0.5044
[2026-03-04 05:57:45,293][mainapp.py][line:134][INFO] [Run 2 | Epoch 42] Train Acc 0.6572, Train Precision 0.5735, Train Recall 0.5292,Train F1 0.5292
[2026-03-04 06:00:27,663][mainapp.py][line:132][INFO] [Run 2 | Epoch 43] Val Acc 0.6778, Val Precision 0.6418, Val Recall 0.4631, Val F1 0.4661
[2026-03-04 06:00:27,664][mainapp.py][line:134][INFO] [Run 2 | Epoch 43] Train Acc 0.6676, Train Precision 0.6626, Train Recall 0.4932,Train F1 0.5053
[2026-03-04 06:03:11,598][mainapp.py][line:132][INFO] [Run 2 | Epoch 44] Val Acc 0.5728, Val Precision 0.5850, Val Recall 0.4578, Val F1 0.4417
[2026-03-04 06:03:11,599][mainapp.py][line:134][INFO] [Run 2 | Epoch 44] Train Acc 0.6658, Train Precision 0.5741, Train Recall 0.5239,Train F1 0.5189
[2026-03-04 06:05:53,005][mainapp.py][line:132][INFO] [Run 2 | Epoch 45] Val Acc 0.5691, Val Precision 0.6150, Val Recall 0.4317, Val F1 0.4583
[2026-03-04 06:05:53,007][mainapp.py][line:134][INFO] [Run 2 | Epoch 45] Train Acc 0.6472, Train Precision 0.5917, Train Recall 0.4994,Train F1 0.5201
[2026-03-04 06:08:40,713][mainapp.py][line:132][INFO] [Run 2 | Epoch 46] Val Acc 0.6346, Val Precision 0.6046, Val Recall 0.5093, Val F1 0.5068
[2026-03-04 06:08:40,713][mainapp.py][line:134][INFO] [Run 2 | Epoch 46] Train Acc 0.6679, Train Precision 0.5966, Train Recall 0.5516,Train F1 0.5597
[2026-03-04 06:11:20,391][mainapp.py][line:132][INFO] [Run 2 | Epoch 47] Val Acc 0.6198, Val Precision 0.6166, Val Recall 0.5197, Val F1 0.4897
[2026-03-04 06:11:20,392][mainapp.py][line:134][INFO] [Run 2 | Epoch 47] Train Acc 0.6560, Train Precision 0.5704, Train Recall 0.5601,Train F1 0.5490
[2026-03-04 06:14:04,550][mainapp.py][line:132][INFO] [Run 2 | Epoch 48] Val Acc 0.6123, Val Precision 0.5984, Val Recall 0.4616, Val F1 0.4538
[2026-03-04 06:14:04,551][mainapp.py][line:134][INFO] [Run 2 | Epoch 48] Train Acc 0.6636, Train Precision 0.6116, Train Recall 0.5076,Train F1 0.5309
[2026-03-04 06:16:41,145][mainapp.py][line:132][INFO] [Run 2 | Epoch 49] Val Acc 0.6099, Val Precision 0.6279, Val Recall 0.4634, Val F1 0.4907
[2026-03-04 06:16:41,145][mainapp.py][line:134][INFO] [Run 2 | Epoch 49] Train Acc 0.6743, Train Precision 0.6127, Train Recall 0.5382,Train F1 0.5551
[2026-03-04 06:19:23,596][mainapp.py][line:132][INFO] [Run 2 | Epoch 50] Val Acc 0.6790, Val Precision 0.5784, Val Recall 0.5476, Val F1 0.5400
[2026-03-04 06:19:23,596][mainapp.py][line:134][INFO] [Run 2 | Epoch 50] Train Acc 0.6737, Train Precision 0.6362, Train Recall 0.5363,Train F1 0.5486
[2026-03-04 06:22:07,098][mainapp.py][line:132][INFO] [Run 2 | Epoch 51] Val Acc 0.5802, Val Precision 0.5738, Val Recall 0.4506, Val F1 0.4153
[2026-03-04 06:22:07,099][mainapp.py][line:134][INFO] [Run 2 | Epoch 51] Train Acc 0.6749, Train Precision 0.6323, Train Recall 0.5554,Train F1 0.5482
[2026-03-04 06:24:46,813][mainapp.py][line:132][INFO] [Run 2 | Epoch 52] Val Acc 0.6198, Val Precision 0.6602, Val Recall 0.4422, Val F1 0.4498
[2026-03-04 06:24:46,814][mainapp.py][line:134][INFO] [Run 2 | Epoch 52] Train Acc 0.6816, Train Precision 0.6721, Train Recall 0.5247,Train F1 0.5515
[2026-03-04 06:27:27,659][mainapp.py][line:132][INFO] [Run 2 | Epoch 53] Val Acc 0.6395, Val Precision 0.6271, Val Recall 0.4648, Val F1 0.4735
[2026-03-04 06:27:27,660][mainapp.py][line:134][INFO] [Run 2 | Epoch 53] Train Acc 0.6676, Train Precision 0.6288, Train Recall 0.5017,Train F1 0.5255
[2026-03-04 06:30:08,021][mainapp.py][line:132][INFO] [Run 2 | Epoch 54] Val Acc 0.6049, Val Precision 0.6188, Val Recall 0.4767, Val F1 0.4770
[2026-03-04 06:30:08,021][mainapp.py][line:134][INFO] [Run 2 | Epoch 54] Train Acc 0.6435, Train Precision 0.6119, Train Recall 0.4973,Train F1 0.5092
[2026-03-04 06:32:50,513][mainapp.py][line:132][INFO] [Run 2 | Epoch 55] Val Acc 0.6432, Val Precision 0.6089, Val Recall 0.5380, Val F1 0.5397
[2026-03-04 06:32:50,514][mainapp.py][line:134][INFO] [Run 2 | Epoch 55] Train Acc 0.6706, Train Precision 0.5892, Train Recall 0.5636,Train F1 0.5587
[2026-03-04 06:35:32,519][mainapp.py][line:132][INFO] [Run 2 | Epoch 56] Val Acc 0.4222, Val Precision 0.6315, Val Recall 0.4326, Val F1 0.4307
[2026-03-04 06:35:32,519][mainapp.py][line:134][INFO] [Run 2 | Epoch 56] Train Acc 0.6265, Train Precision 0.5960, Train Recall 0.5759,Train F1 0.5560
[2026-03-04 06:38:17,890][mainapp.py][line:132][INFO] [Run 2 | Epoch 57] Val Acc 0.6000, Val Precision 0.6516, Val Recall 0.4569, Val F1 0.4856
[2026-03-04 06:38:17,890][mainapp.py][line:134][INFO] [Run 2 | Epoch 57] Train Acc 0.6819, Train Precision 0.6243, Train Recall 0.5460,Train F1 0.5507
[2026-03-04 06:41:04,783][mainapp.py][line:132][INFO] [Run 2 | Epoch 58] Val Acc 0.6259, Val Precision 0.5743, Val Recall 0.4888, Val F1 0.4648
[2026-03-04 06:41:04,783][mainapp.py][line:134][INFO] [Run 2 | Epoch 58] Train Acc 0.6846, Train Precision 0.6248, Train Recall 0.5507,Train F1 0.5644
[2026-03-04 06:43:44,496][mainapp.py][line:132][INFO] [Run 2 | Epoch 59] Val Acc 0.6914, Val Precision 0.6566, Val Recall 0.5737, Val F1 0.5781
[2026-03-04 06:43:44,496][mainapp.py][line:134][INFO] [Run 2 | Epoch 59] Train Acc 0.6767, Train Precision 0.6355, Train Recall 0.5360,Train F1 0.5498
[2026-03-04 06:46:24,711][mainapp.py][line:132][INFO] [Run 2 | Epoch 60] Val Acc 0.6568, Val Precision 0.5979, Val Recall 0.5232, Val F1 0.5081
[2026-03-04 06:46:24,711][mainapp.py][line:134][INFO] [Run 2 | Epoch 60] Train Acc 0.7014, Train Precision 0.6503, Train Recall 0.5861,Train F1 0.5924
[2026-03-04 06:49:07,826][mainapp.py][line:132][INFO] [Run 2 | Epoch 61] Val Acc 0.6778, Val Precision 0.5706, Val Recall 0.5415, Val F1 0.5334
[2026-03-04 06:49:07,827][mainapp.py][line:134][INFO] [Run 2 | Epoch 61] Train Acc 0.6630, Train Precision 0.5946, Train Recall 0.5464,Train F1 0.5506
[2026-03-04 06:51:48,649][mainapp.py][line:132][INFO] [Run 2 | Epoch 62] Val Acc 0.6765, Val Precision 0.6602, Val Recall 0.5250, Val F1 0.5649
[2026-03-04 06:51:48,650][mainapp.py][line:134][INFO] [Run 2 | Epoch 62] Train Acc 0.6971, Train Precision 0.6861, Train Recall 0.5480,Train F1 0.5710
[2026-03-04 06:54:33,320][mainapp.py][line:132][INFO] [Run 2 | Epoch 63] Val Acc 0.6173, Val Precision 0.5487, Val Recall 0.5071, Val F1 0.4731
[2026-03-04 06:54:33,320][mainapp.py][line:134][INFO] [Run 2 | Epoch 63] Train Acc 0.6648, Train Precision 0.5972, Train Recall 0.5654,Train F1 0.5650
[2026-03-04 06:57:13,767][mainapp.py][line:132][INFO] [Run 2 | Epoch 64] Val Acc 0.6679, Val Precision 0.6834, Val Recall 0.4937, Val F1 0.5134
[2026-03-04 06:57:13,767][mainapp.py][line:134][INFO] [Run 2 | Epoch 64] Train Acc 0.6913, Train Precision 0.7066, Train Recall 0.5477,Train F1 0.5699
[2026-03-04 06:59:58,743][mainapp.py][line:132][INFO] [Run 2 | Epoch 65] Val Acc 0.6827, Val Precision 0.6556, Val Recall 0.5256, Val F1 0.5492
[2026-03-04 06:59:58,744][mainapp.py][line:134][INFO] [Run 2 | Epoch 65] Train Acc 0.6679, Train Precision 0.6555, Train Recall 0.5240,Train F1 0.5582
[2026-03-04 07:02:42,636][mainapp.py][line:132][INFO] [Run 2 | Epoch 66] Val Acc 0.6741, Val Precision 0.7622, Val Recall 0.5511, Val F1 0.5760
[2026-03-04 07:02:42,637][mainapp.py][line:134][INFO] [Run 2 | Epoch 66] Train Acc 0.7081, Train Precision 0.6565, Train Recall 0.5894,Train F1 0.6108
[2026-03-04 07:05:21,302][mainapp.py][line:132][INFO] [Run 2 | Epoch 67] Val Acc 0.6716, Val Precision 0.6241, Val Recall 0.4959, Val F1 0.5121
[2026-03-04 07:05:21,303][mainapp.py][line:134][INFO] [Run 2 | Epoch 67] Train Acc 0.6816, Train Precision 0.6461, Train Recall 0.5398,Train F1 0.5594
[2026-03-04 07:08:03,567][mainapp.py][line:132][INFO] [Run 2 | Epoch 68] Val Acc 0.7160, Val Precision 0.7325, Val Recall 0.5529, Val F1 0.5774
[2026-03-04 07:08:03,567][mainapp.py][line:134][INFO] [Run 2 | Epoch 68] Train Acc 0.6935, Train Precision 0.6702, Train Recall 0.5271,Train F1 0.5552
[2026-03-04 07:10:43,155][mainapp.py][line:132][INFO] [Run 2 | Epoch 69] Val Acc 0.6840, Val Precision 0.5522, Val Recall 0.5348, Val F1 0.5285
[2026-03-04 07:10:43,156][mainapp.py][line:134][INFO] [Run 2 | Epoch 69] Train Acc 0.7129, Train Precision 0.6688, Train Recall 0.5781,Train F1 0.5956
[2026-03-04 07:13:28,228][mainapp.py][line:132][INFO] [Run 2 | Epoch 70] Val Acc 0.6802, Val Precision 0.6487, Val Recall 0.4893, Val F1 0.4997
[2026-03-04 07:13:28,229][mainapp.py][line:134][INFO] [Run 2 | Epoch 70] Train Acc 0.6913, Train Precision 0.6582, Train Recall 0.5417,Train F1 0.5614
[2026-03-04 07:16:10,146][mainapp.py][line:132][INFO] [Run 2 | Epoch 71] Val Acc 0.6321, Val Precision 0.6616, Val Recall 0.4785, Val F1 0.4931
[2026-03-04 07:16:10,146][mainapp.py][line:134][INFO] [Run 2 | Epoch 71] Train Acc 0.6861, Train Precision 0.6494, Train Recall 0.5526,Train F1 0.5681
[2026-03-04 07:18:55,196][mainapp.py][line:132][INFO] [Run 2 | Epoch 72] Val Acc 0.7062, Val Precision 0.6776, Val Recall 0.5784, Val F1 0.5937
[2026-03-04 07:18:55,196][mainapp.py][line:134][INFO] [Run 2 | Epoch 72] Train Acc 0.6935, Train Precision 0.6503, Train Recall 0.5697,Train F1 0.5855
[2026-03-04 07:21:39,285][mainapp.py][line:132][INFO] [Run 2 | Epoch 73] Val Acc 0.6679, Val Precision 0.6216, Val Recall 0.4840, Val F1 0.5045
[2026-03-04 07:21:39,285][mainapp.py][line:134][INFO] [Run 2 | Epoch 73] Train Acc 0.7026, Train Precision 0.6737, Train Recall 0.5563,Train F1 0.5844
[2026-03-04 07:24:21,950][mainapp.py][line:132][INFO] [Run 2 | Epoch 74] Val Acc 0.6716, Val Precision 0.5605, Val Recall 0.5195, Val F1 0.5248
[2026-03-04 07:24:21,951][mainapp.py][line:134][INFO] [Run 2 | Epoch 74] Train Acc 0.6922, Train Precision 0.6531, Train Recall 0.5355,Train F1 0.5552
[2026-03-04 07:27:08,122][mainapp.py][line:132][INFO] [Run 2 | Epoch 75] Val Acc 0.7136, Val Precision 0.6725, Val Recall 0.5659, Val F1 0.5700
[2026-03-04 07:27:08,122][mainapp.py][line:134][INFO] [Run 2 | Epoch 75] Train Acc 0.7035, Train Precision 0.6572, Train Recall 0.5760,Train F1 0.5691
[2026-03-04 07:29:48,305][mainapp.py][line:132][INFO] [Run 2 | Epoch 76] Val Acc 0.6519, Val Precision 0.6202, Val Recall 0.5180, Val F1 0.5246
[2026-03-04 07:29:48,306][mainapp.py][line:134][INFO] [Run 2 | Epoch 76] Train Acc 0.7126, Train Precision 0.6852, Train Recall 0.5889,Train F1 0.6125
[2026-03-04 07:32:32,330][mainapp.py][line:132][INFO] [Run 2 | Epoch 77] Val Acc 0.7185, Val Precision 0.6685, Val Recall 0.5979, Val F1 0.6180
[2026-03-04 07:32:32,331][mainapp.py][line:134][INFO] [Run 2 | Epoch 77] Train Acc 0.7279, Train Precision 0.6689, Train Recall 0.6167,Train F1 0.6239
[2026-03-04 07:35:18,506][mainapp.py][line:132][INFO] [Run 2 | Epoch 78] Val Acc 0.7148, Val Precision 0.6627, Val Recall 0.5940, Val F1 0.6030
[2026-03-04 07:35:18,507][mainapp.py][line:134][INFO] [Run 2 | Epoch 78] Train Acc 0.7129, Train Precision 0.6564, Train Recall 0.6034,Train F1 0.6154
[2026-03-04 07:38:04,284][mainapp.py][line:132][INFO] [Run 2 | Epoch 79] Val Acc 0.6765, Val Precision 0.6857, Val Recall 0.4926, Val F1 0.5263
[2026-03-04 07:38:04,284][mainapp.py][line:134][INFO] [Run 2 | Epoch 79] Train Acc 0.6749, Train Precision 0.6802, Train Recall 0.5168,Train F1 0.5412
[2026-03-04 07:40:43,672][mainapp.py][line:132][INFO] [Run 2 | Epoch 80] Val Acc 0.6951, Val Precision 0.6614, Val Recall 0.5216, Val F1 0.5443
[2026-03-04 07:40:43,672][mainapp.py][line:134][INFO] [Run 2 | Epoch 80] Train Acc 0.7126, Train Precision 0.6964, Train Recall 0.5654,Train F1 0.5930
[2026-03-04 07:43:29,206][mainapp.py][line:132][INFO] [Run 2 | Epoch 81] Val Acc 0.7247, Val Precision 0.6592, Val Recall 0.5996, Val F1 0.6055
[2026-03-04 07:43:29,206][mainapp.py][line:134][INFO] [Run 2 | Epoch 81] Train Acc 0.7300, Train Precision 0.6779, Train Recall 0.6056,Train F1 0.6157
[2026-03-04 07:46:11,745][mainapp.py][line:132][INFO] [Run 2 | Epoch 82] Val Acc 0.7160, Val Precision 0.6659, Val Recall 0.5730, Val F1 0.5961
[2026-03-04 07:46:11,746][mainapp.py][line:134][INFO] [Run 2 | Epoch 82] Train Acc 0.7355, Train Precision 0.7049, Train Recall 0.6260,Train F1 0.6477
[2026-03-04 07:48:54,266][mainapp.py][line:132][INFO] [Run 2 | Epoch 83] Val Acc 0.6938, Val Precision 0.6304, Val Recall 0.5595, Val F1 0.5659
[2026-03-04 07:48:54,267][mainapp.py][line:134][INFO] [Run 2 | Epoch 83] Train Acc 0.7129, Train Precision 0.6549, Train Recall 0.6135,Train F1 0.6111
[2026-03-04 07:51:36,838][mainapp.py][line:132][INFO] [Run 2 | Epoch 84] Val Acc 0.7025, Val Precision 0.6283, Val Recall 0.5372, Val F1 0.5511
[2026-03-04 07:51:36,838][mainapp.py][line:134][INFO] [Run 2 | Epoch 84] Train Acc 0.7078, Train Precision 0.6902, Train Recall 0.5556,Train F1 0.5840
[2026-03-04 07:54:19,764][mainapp.py][line:132][INFO] [Run 2 | Epoch 85] Val Acc 0.7235, Val Precision 0.6399, Val Recall 0.6063, Val F1 0.5863
[2026-03-04 07:54:19,764][mainapp.py][line:134][INFO] [Run 2 | Epoch 85] Train Acc 0.7160, Train Precision 0.6593, Train Recall 0.6033,Train F1 0.6081
[2026-03-04 07:57:01,929][mainapp.py][line:132][INFO] [Run 2 | Epoch 86] Val Acc 0.7160, Val Precision 0.5823, Val Recall 0.5802, Val F1 0.5688
[2026-03-04 07:57:01,929][mainapp.py][line:134][INFO] [Run 2 | Epoch 86] Train Acc 0.7266, Train Precision 0.6636, Train Recall 0.6203,Train F1 0.6286
[2026-03-04 07:59:41,754][mainapp.py][line:132][INFO] [Run 2 | Epoch 87] Val Acc 0.7000, Val Precision 0.6187, Val Recall 0.5670, Val F1 0.5578
[2026-03-04 07:59:41,754][mainapp.py][line:134][INFO] [Run 2 | Epoch 87] Train Acc 0.7117, Train Precision 0.6637, Train Recall 0.5843,Train F1 0.5946
[2026-03-04 08:02:24,615][mainapp.py][line:132][INFO] [Run 2 | Epoch 88] Val Acc 0.6630, Val Precision 0.6937, Val Recall 0.5183, Val F1 0.5540
[2026-03-04 08:02:24,616][mainapp.py][line:134][INFO] [Run 2 | Epoch 88] Train Acc 0.7303, Train Precision 0.7118, Train Recall 0.6108,Train F1 0.6439
[2026-03-04 08:05:00,864][mainapp.py][line:132][INFO] [Run 2 | Epoch 89] Val Acc 0.5691, Val Precision 0.6601, Val Recall 0.4211, Val F1 0.4503
[2026-03-04 08:05:00,865][mainapp.py][line:134][INFO] [Run 2 | Epoch 89] Train Acc 0.7020, Train Precision 0.6906, Train Recall 0.5801,Train F1 0.6185
[2026-03-04 08:07:41,455][mainapp.py][line:132][INFO] [Run 2 | Epoch 90] Val Acc 0.7568, Val Precision 0.6869, Val Recall 0.6079, Val F1 0.6326
[2026-03-04 08:07:41,455][mainapp.py][line:134][INFO] [Run 2 | Epoch 90] Train Acc 0.7516, Train Precision 0.7007, Train Recall 0.6340,Train F1 0.6521
[2026-03-04 08:10:24,700][mainapp.py][line:132][INFO] [Run 2 | Epoch 91] Val Acc 0.7420, Val Precision 0.6516, Val Recall 0.5993, Val F1 0.5996
[2026-03-04 08:10:24,700][mainapp.py][line:134][INFO] [Run 2 | Epoch 91] Train Acc 0.7263, Train Precision 0.6701, Train Recall 0.6339,Train F1 0.6352
[2026-03-04 08:13:05,474][mainapp.py][line:132][INFO] [Run 2 | Epoch 92] Val Acc 0.6136, Val Precision 0.5876, Val Recall 0.5330, Val F1 0.5103
[2026-03-04 08:13:05,475][mainapp.py][line:134][INFO] [Run 2 | Epoch 92] Train Acc 0.7178, Train Precision 0.6379, Train Recall 0.6370,Train F1 0.6286
[2026-03-04 08:15:49,821][mainapp.py][line:132][INFO] [Run 2 | Epoch 93] Val Acc 0.6914, Val Precision 0.6490, Val Recall 0.5977, Val F1 0.5758
[2026-03-04 08:15:49,821][mainapp.py][line:134][INFO] [Run 2 | Epoch 93] Train Acc 0.7227, Train Precision 0.6671, Train Recall 0.6305,Train F1 0.6286
[2026-03-04 08:18:27,893][mainapp.py][line:132][INFO] [Run 2 | Epoch 94] Val Acc 0.7259, Val Precision 0.7304, Val Recall 0.5907, Val F1 0.5889
[2026-03-04 08:18:27,894][mainapp.py][line:134][INFO] [Run 2 | Epoch 94] Train Acc 0.7145, Train Precision 0.6662, Train Recall 0.6103,Train F1 0.5993
[2026-03-04 08:21:08,447][mainapp.py][line:132][INFO] [Run 2 | Epoch 95] Val Acc 0.6148, Val Precision 0.6391, Val Recall 0.5349, Val F1 0.5375
[2026-03-04 08:21:08,447][mainapp.py][line:134][INFO] [Run 2 | Epoch 95] Train Acc 0.7111, Train Precision 0.6490, Train Recall 0.6408,Train F1 0.6397
[2026-03-04 08:23:48,260][mainapp.py][line:132][INFO] [Run 2 | Epoch 96] Val Acc 0.6556, Val Precision 0.5575, Val Recall 0.5069, Val F1 0.5117
[2026-03-04 08:23:48,260][mainapp.py][line:134][INFO] [Run 2 | Epoch 96] Train Acc 0.7196, Train Precision 0.6758, Train Recall 0.5969,Train F1 0.6108
[2026-03-04 08:26:30,591][mainapp.py][line:132][INFO] [Run 2 | Epoch 97] Val Acc 0.7296, Val Precision 0.6537, Val Recall 0.5842, Val F1 0.5964
[2026-03-04 08:26:30,591][mainapp.py][line:134][INFO] [Run 2 | Epoch 97] Train Acc 0.7361, Train Precision 0.6948, Train Recall 0.6152,Train F1 0.6333
[2026-03-04 08:29:13,785][mainapp.py][line:132][INFO] [Run 2 | Epoch 98] Val Acc 0.7247, Val Precision 0.6732, Val Recall 0.5839, Val F1 0.6087
[2026-03-04 08:29:13,786][mainapp.py][line:134][INFO] [Run 2 | Epoch 98] Train Acc 0.7473, Train Precision 0.7070, Train Recall 0.6299,Train F1 0.6510
[2026-03-04 08:31:52,524][mainapp.py][line:132][INFO] [Run 2 | Epoch 99] Val Acc 0.7198, Val Precision 0.6492, Val Recall 0.5830, Val F1 0.5957
[2026-03-04 08:31:52,524][mainapp.py][line:134][INFO] [Run 2 | Epoch 99] Train Acc 0.7324, Train Precision 0.7042, Train Recall 0.6121,Train F1 0.6300
[2026-03-04 08:34:37,750][mainapp.py][line:132][INFO] [Run 2 | Epoch 100] Val Acc 0.6988, Val Precision 0.6455, Val Recall 0.5306, Val F1 0.5382
[2026-03-04 08:34:37,751][mainapp.py][line:134][INFO] [Run 2 | Epoch 100] Train Acc 0.7412, Train Precision 0.6965, Train Recall 0.6251,Train F1 0.6438
[2026-03-04 08:37:21,043][mainapp.py][line:132][INFO] [Run 2 | Epoch 101] Val Acc 0.6469, Val Precision 0.6645, Val Recall 0.5205, Val F1 0.5379
[2026-03-04 08:37:21,043][mainapp.py][line:134][INFO] [Run 2 | Epoch 101] Train Acc 0.7330, Train Precision 0.7027, Train Recall 0.6230,Train F1 0.6426
[2026-03-04 08:39:56,174][mainapp.py][line:132][INFO] [Run 2 | Epoch 102] Val Acc 0.7222, Val Precision 0.6513, Val Recall 0.6145, Val F1 0.6178
[2026-03-04 08:39:56,174][mainapp.py][line:134][INFO] [Run 2 | Epoch 102] Train Acc 0.7492, Train Precision 0.6930, Train Recall 0.6491,Train F1 0.6612
[2026-03-04 08:42:38,556][mainapp.py][line:132][INFO] [Run 2 | Epoch 103] Val Acc 0.7346, Val Precision 0.6872, Val Recall 0.6114, Val F1 0.6335
[2026-03-04 08:42:38,556][mainapp.py][line:134][INFO] [Run 2 | Epoch 103] Train Acc 0.7610, Train Precision 0.7178, Train Recall 0.6568,Train F1 0.6711
[2026-03-04 08:45:19,208][mainapp.py][line:132][INFO] [Run 2 | Epoch 104] Val Acc 0.7025, Val Precision 0.6662, Val Recall 0.5395, Val F1 0.5619
[2026-03-04 08:45:19,209][mainapp.py][line:134][INFO] [Run 2 | Epoch 104] Train Acc 0.7556, Train Precision 0.7349, Train Recall 0.6417,Train F1 0.6670
[2026-03-04 08:48:04,466][mainapp.py][line:132][INFO] [Run 2 | Epoch 105] Val Acc 0.6617, Val Precision 0.6211, Val Recall 0.5003, Val F1 0.5092
[2026-03-04 08:48:04,467][mainapp.py][line:134][INFO] [Run 2 | Epoch 105] Train Acc 0.7099, Train Precision 0.6939, Train Recall 0.5726,Train F1 0.5936
[2026-03-04 08:50:48,213][mainapp.py][line:132][INFO] [Run 2 | Epoch 106] Val Acc 0.7247, Val Precision 0.6746, Val Recall 0.5736, Val F1 0.6016
[2026-03-04 08:50:48,213][mainapp.py][line:134][INFO] [Run 2 | Epoch 106] Train Acc 0.7409, Train Precision 0.7045, Train Recall 0.6230,Train F1 0.6502
[2026-03-04 08:53:24,443][mainapp.py][line:132][INFO] [Run 2 | Epoch 107] Val Acc 0.7309, Val Precision 0.6735, Val Recall 0.5787, Val F1 0.6007
[2026-03-04 08:53:24,444][mainapp.py][line:134][INFO] [Run 2 | Epoch 107] Train Acc 0.7671, Train Precision 0.7321, Train Recall 0.6602,Train F1 0.6796
[2026-03-04 08:56:05,316][mainapp.py][line:132][INFO] [Run 2 | Epoch 108] Val Acc 0.7370, Val Precision 0.6177, Val Recall 0.6010, Val F1 0.5944
[2026-03-04 08:56:05,317][mainapp.py][line:134][INFO] [Run 2 | Epoch 108] Train Acc 0.7470, Train Precision 0.6981, Train Recall 0.6278,Train F1 0.6313
[2026-03-04 08:58:43,843][mainapp.py][line:132][INFO] [Run 2 | Epoch 109] Val Acc 0.6778, Val Precision 0.5883, Val Recall 0.5430, Val F1 0.5547
[2026-03-04 08:58:43,843][mainapp.py][line:134][INFO] [Run 2 | Epoch 109] Train Acc 0.7504, Train Precision 0.7040, Train Recall 0.6452,Train F1 0.6622
[2026-03-04 09:01:27,473][mainapp.py][line:132][INFO] [Run 2 | Epoch 110] Val Acc 0.6691, Val Precision 0.6106, Val Recall 0.5520, Val F1 0.5510
[2026-03-04 09:01:27,474][mainapp.py][line:134][INFO] [Run 2 | Epoch 110] Train Acc 0.7696, Train Precision 0.7090, Train Recall 0.6812,Train F1 0.6906
[2026-03-04 09:04:09,545][mainapp.py][line:132][INFO] [Run 2 | Epoch 111] Val Acc 0.6802, Val Precision 0.6836, Val Recall 0.6093, Val F1 0.6114
[2026-03-04 09:04:09,545][mainapp.py][line:134][INFO] [Run 2 | Epoch 111] Train Acc 0.7598, Train Precision 0.7055, Train Recall 0.6876,Train F1 0.6894
[2026-03-04 09:06:50,352][mainapp.py][line:132][INFO] [Run 2 | Epoch 112] Val Acc 0.6654, Val Precision 0.6629, Val Recall 0.5696, Val F1 0.5786
[2026-03-04 09:06:50,353][mainapp.py][line:134][INFO] [Run 2 | Epoch 112] Train Acc 0.7495, Train Precision 0.7065, Train Recall 0.6657,Train F1 0.6812
[2026-03-04 09:09:31,719][mainapp.py][line:132][INFO] [Run 2 | Epoch 113] Val Acc 0.7049, Val Precision 0.6571, Val Recall 0.5465, Val F1 0.5675
[2026-03-04 09:09:31,719][mainapp.py][line:134][INFO] [Run 2 | Epoch 113] Train Acc 0.7376, Train Precision 0.7038, Train Recall 0.6152,Train F1 0.6363
[2026-03-04 09:12:15,461][mainapp.py][line:132][INFO] [Run 2 | Epoch 114] Val Acc 0.7062, Val Precision 0.7012, Val Recall 0.5480, Val F1 0.5816
[2026-03-04 09:12:15,461][mainapp.py][line:134][INFO] [Run 2 | Epoch 114] Train Acc 0.7504, Train Precision 0.7490, Train Recall 0.6293,Train F1 0.6609
[2026-03-04 09:15:00,417][mainapp.py][line:132][INFO] [Run 2 | Epoch 115] Val Acc 0.6864, Val Precision 0.7058, Val Recall 0.5428, Val F1 0.5748
[2026-03-04 09:15:00,417][mainapp.py][line:134][INFO] [Run 2 | Epoch 115] Train Acc 0.7324, Train Precision 0.7046, Train Recall 0.6088,Train F1 0.6375
[2026-03-04 09:17:40,452][mainapp.py][line:132][INFO] [Run 2 | Epoch 116] Val Acc 0.6704, Val Precision 0.6239, Val Recall 0.5220, Val F1 0.5179
[2026-03-04 09:17:40,453][mainapp.py][line:134][INFO] [Run 2 | Epoch 116] Train Acc 0.7568, Train Precision 0.7519, Train Recall 0.6331,Train F1 0.6551
[2026-03-04 09:20:27,367][mainapp.py][line:132][INFO] [Run 2 | Epoch 117] Val Acc 0.7160, Val Precision 0.6108, Val Recall 0.5921, Val F1 0.5887
[2026-03-04 09:20:27,368][mainapp.py][line:134][INFO] [Run 2 | Epoch 117] Train Acc 0.7747, Train Precision 0.7141, Train Recall 0.6798,Train F1 0.6826
[2026-03-04 09:23:10,562][mainapp.py][line:132][INFO] [Run 2 | Epoch 118] Val Acc 0.7160, Val Precision 0.6510, Val Recall 0.5508, Val F1 0.5664
[2026-03-04 09:23:10,562][mainapp.py][line:134][INFO] [Run 2 | Epoch 118] Train Acc 0.7452, Train Precision 0.7088, Train Recall 0.6307,Train F1 0.6548
[2026-03-04 09:25:46,962][mainapp.py][line:132][INFO] [Run 2 | Epoch 119] Val Acc 0.6630, Val Precision 0.6443, Val Recall 0.5209, Val F1 0.5403
[2026-03-04 09:25:46,962][mainapp.py][line:134][INFO] [Run 2 | Epoch 119] Train Acc 0.7650, Train Precision 0.7230, Train Recall 0.6791,Train F1 0.6946
[2026-03-04 09:28:28,691][mainapp.py][line:132][INFO] [Run 2 | Epoch 120] Val Acc 0.7037, Val Precision 0.6218, Val Recall 0.5749, Val F1 0.5731
[2026-03-04 09:28:28,691][mainapp.py][line:134][INFO] [Run 2 | Epoch 120] Train Acc 0.7641, Train Precision 0.7135, Train Recall 0.6760,Train F1 0.6733
[2026-03-04 09:31:09,314][mainapp.py][line:132][INFO] [Run 2 | Epoch 121] Val Acc 0.6864, Val Precision 0.6536, Val Recall 0.5359, Val F1 0.5526
[2026-03-04 09:31:09,314][mainapp.py][line:134][INFO] [Run 2 | Epoch 121] Train Acc 0.7467, Train Precision 0.7211, Train Recall 0.6303,Train F1 0.6516
[2026-03-04 09:33:51,845][mainapp.py][line:132][INFO] [Run 2 | Epoch 122] Val Acc 0.6815, Val Precision 0.6308, Val Recall 0.5304, Val F1 0.5441
[2026-03-04 09:33:51,845][mainapp.py][line:134][INFO] [Run 2 | Epoch 122] Train Acc 0.7568, Train Precision 0.7283, Train Recall 0.6410,Train F1 0.6663
[2026-03-04 09:36:31,055][mainapp.py][line:132][INFO] [Run 2 | Epoch 123] Val Acc 0.7309, Val Precision 0.6375, Val Recall 0.5704, Val F1 0.5829
[2026-03-04 09:36:31,055][mainapp.py][line:134][INFO] [Run 2 | Epoch 123] Train Acc 0.7501, Train Precision 0.7295, Train Recall 0.6149,Train F1 0.6384
[2026-03-04 09:39:09,623][mainapp.py][line:132][INFO] [Run 2 | Epoch 124] Val Acc 0.7222, Val Precision 0.6919, Val Recall 0.5993, Val F1 0.6191
[2026-03-04 09:39:09,623][mainapp.py][line:134][INFO] [Run 2 | Epoch 124] Train Acc 0.7738, Train Precision 0.7280, Train Recall 0.6860,Train F1 0.7028
[2026-03-04 09:41:48,351][mainapp.py][line:132][INFO] [Run 2 | Epoch 125] Val Acc 0.7062, Val Precision 0.6678, Val Recall 0.5738, Val F1 0.5989
[2026-03-04 09:41:48,352][mainapp.py][line:134][INFO] [Run 2 | Epoch 125] Train Acc 0.7711, Train Precision 0.7363, Train Recall 0.6605,Train F1 0.6852
[2026-03-04 09:44:31,173][mainapp.py][line:132][INFO] [Run 2 | Epoch 126] Val Acc 0.7136, Val Precision 0.6177, Val Recall 0.6259, Val F1 0.5967
[2026-03-04 09:44:31,173][mainapp.py][line:134][INFO] [Run 2 | Epoch 126] Train Acc 0.7680, Train Precision 0.6951, Train Recall 0.6898,Train F1 0.6803
[2026-03-04 09:47:13,006][mainapp.py][line:132][INFO] [Run 2 | Epoch 127] Val Acc 0.6926, Val Precision 0.6495, Val Recall 0.5831, Val F1 0.5857
[2026-03-04 09:47:13,007][mainapp.py][line:134][INFO] [Run 2 | Epoch 127] Train Acc 0.7683, Train Precision 0.7123, Train Recall 0.6673,Train F1 0.6694
[2026-03-04 09:49:50,232][mainapp.py][line:132][INFO] [Run 2 | Epoch 128] Val Acc 0.7099, Val Precision 0.6614, Val Recall 0.5849, Val F1 0.5968
[2026-03-04 09:49:50,232][mainapp.py][line:134][INFO] [Run 2 | Epoch 128] Train Acc 0.7766, Train Precision 0.7471, Train Recall 0.6773,Train F1 0.6988
[2026-03-04 09:52:32,083][mainapp.py][line:132][INFO] [Run 2 | Epoch 129] Val Acc 0.7123, Val Precision 0.6252, Val Recall 0.5902, Val F1 0.5870
[2026-03-04 09:52:32,084][mainapp.py][line:134][INFO] [Run 2 | Epoch 129] Train Acc 0.7601, Train Precision 0.7279, Train Recall 0.6583,Train F1 0.6703
[2026-03-04 09:55:08,664][mainapp.py][line:132][INFO] [Run 2 | Epoch 130] Val Acc 0.6951, Val Precision 0.6333, Val Recall 0.5533, Val F1 0.5670
[2026-03-04 09:55:08,665][mainapp.py][line:134][INFO] [Run 2 | Epoch 130] Train Acc 0.7616, Train Precision 0.7197, Train Recall 0.6577,Train F1 0.6743
[2026-03-04 09:57:51,062][mainapp.py][line:132][INFO] [Run 2 | Epoch 131] Val Acc 0.6111, Val Precision 0.6234, Val Recall 0.4758, Val F1 0.4817
[2026-03-04 09:57:51,063][mainapp.py][line:134][INFO] [Run 2 | Epoch 131] Train Acc 0.7464, Train Precision 0.6944, Train Recall 0.6623,Train F1 0.6652
[2026-03-04 10:00:34,172][mainapp.py][line:132][INFO] [Run 2 | Epoch 132] Val Acc 0.6840, Val Precision 0.6441, Val Recall 0.5098, Val F1 0.5286
[2026-03-04 10:00:34,173][mainapp.py][line:134][INFO] [Run 2 | Epoch 132] Train Acc 0.7623, Train Precision 0.7382, Train Recall 0.6410,Train F1 0.6692
[2026-03-04 10:03:16,012][mainapp.py][line:132][INFO] [Run 2 | Epoch 133] Val Acc 0.7593, Val Precision 0.6377, Val Recall 0.6545, Val F1 0.6323
[2026-03-04 10:03:16,013][mainapp.py][line:134][INFO] [Run 2 | Epoch 133] Train Acc 0.7680, Train Precision 0.7340, Train Recall 0.6713,Train F1 0.6772
[2026-03-04 10:06:00,260][mainapp.py][line:132][INFO] [Run 2 | Epoch 134] Val Acc 0.7432, Val Precision 0.6269, Val Recall 0.6285, Val F1 0.6128
[2026-03-04 10:06:00,260][mainapp.py][line:134][INFO] [Run 2 | Epoch 134] Train Acc 0.7671, Train Precision 0.7201, Train Recall 0.6668,Train F1 0.6744
[2026-03-04 10:08:39,762][mainapp.py][line:132][INFO] [Run 2 | Epoch 135] Val Acc 0.7222, Val Precision 0.6297, Val Recall 0.5775, Val F1 0.5794
[2026-03-04 10:08:39,763][mainapp.py][line:134][INFO] [Run 2 | Epoch 135] Train Acc 0.7653, Train Precision 0.7566, Train Recall 0.6407,Train F1 0.6522
[2026-03-04 10:11:23,699][mainapp.py][line:132][INFO] [Run 2 | Epoch 136] Val Acc 0.7037, Val Precision 0.6735, Val Recall 0.5773, Val F1 0.5939
[2026-03-04 10:11:23,700][mainapp.py][line:134][INFO] [Run 2 | Epoch 136] Train Acc 0.7732, Train Precision 0.7182, Train Recall 0.6811,Train F1 0.6925
[2026-03-04 10:14:07,797][mainapp.py][line:132][INFO] [Run 2 | Epoch 137] Val Acc 0.7531, Val Precision 0.6622, Val Recall 0.6034, Val F1 0.6169
[2026-03-04 10:14:07,798][mainapp.py][line:134][INFO] [Run 2 | Epoch 137] Train Acc 0.7732, Train Precision 0.7475, Train Recall 0.6639,Train F1 0.6824
[2026-03-04 10:16:46,788][mainapp.py][line:132][INFO] [Run 2 | Epoch 138] Val Acc 0.7086, Val Precision 0.6611, Val Recall 0.5769, Val F1 0.5936
[2026-03-04 10:16:46,788][mainapp.py][line:134][INFO] [Run 2 | Epoch 138] Train Acc 0.7616, Train Precision 0.7452, Train Recall 0.6574,Train F1 0.6820
[2026-03-04 10:19:27,659][mainapp.py][line:132][INFO] [Run 2 | Epoch 139] Val Acc 0.7506, Val Precision 0.6424, Val Recall 0.6208, Val F1 0.6229
[2026-03-04 10:19:27,659][mainapp.py][line:134][INFO] [Run 2 | Epoch 139] Train Acc 0.7644, Train Precision 0.7111, Train Recall 0.6596,Train F1 0.6690
[2026-03-04 10:22:08,957][mainapp.py][line:132][INFO] [Run 2 | Epoch 140] Val Acc 0.7370, Val Precision 0.6891, Val Recall 0.5650, Val F1 0.5894
[2026-03-04 10:22:08,958][mainapp.py][line:134][INFO] [Run 2 | Epoch 140] Train Acc 0.7595, Train Precision 0.7708, Train Recall 0.6351,Train F1 0.6704
[2026-03-04 10:24:53,874][mainapp.py][line:132][INFO] [Run 2 | Epoch 141] Val Acc 0.7062, Val Precision 0.6449, Val Recall 0.5519, Val F1 0.5789
[2026-03-04 10:24:53,875][mainapp.py][line:134][INFO] [Run 2 | Epoch 141] Train Acc 0.7202, Train Precision 0.7120, Train Recall 0.5974,Train F1 0.6335
[2026-03-04 10:27:36,713][mainapp.py][line:132][INFO] [Run 2 | Epoch 142] Val Acc 0.7691, Val Precision 0.7089, Val Recall 0.6296, Val F1 0.6436
[2026-03-04 10:27:36,713][mainapp.py][line:134][INFO] [Run 2 | Epoch 142] Train Acc 0.7744, Train Precision 0.7508, Train Recall 0.6692,Train F1 0.6916
[2026-03-04 10:30:22,147][mainapp.py][line:132][INFO] [Run 2 | Epoch 143] Val Acc 0.7519, Val Precision 0.7106, Val Recall 0.6237, Val F1 0.6499
[2026-03-04 10:30:22,148][mainapp.py][line:134][INFO] [Run 2 | Epoch 143] Train Acc 0.7753, Train Precision 0.7412, Train Recall 0.6735,Train F1 0.6936
[2026-03-04 10:33:03,661][mainapp.py][line:132][INFO] [Run 2 | Epoch 144] Val Acc 0.7333, Val Precision 0.6576, Val Recall 0.5969, Val F1 0.6097
[2026-03-04 10:33:03,662][mainapp.py][line:134][INFO] [Run 2 | Epoch 144] Train Acc 0.7869, Train Precision 0.7448, Train Recall 0.6946,Train F1 0.7144
[2026-03-04 10:35:45,907][mainapp.py][line:132][INFO] [Run 2 | Epoch 145] Val Acc 0.7173, Val Precision 0.6324, Val Recall 0.5831, Val F1 0.5970
[2026-03-04 10:35:45,907][mainapp.py][line:134][INFO] [Run 2 | Epoch 145] Train Acc 0.7802, Train Precision 0.7463, Train Recall 0.6816,Train F1 0.7047
[2026-03-04 10:38:30,472][mainapp.py][line:132][INFO] [Run 2 | Epoch 146] Val Acc 0.7333, Val Precision 0.6588, Val Recall 0.6086, Val F1 0.6271
[2026-03-04 10:38:30,473][mainapp.py][line:134][INFO] [Run 2 | Epoch 146] Train Acc 0.7884, Train Precision 0.7748, Train Recall 0.6926,Train F1 0.7185
[2026-03-04 10:41:13,033][mainapp.py][line:132][INFO] [Run 2 | Epoch 147] Val Acc 0.7457, Val Precision 0.6743, Val Recall 0.5991, Val F1 0.6201
[2026-03-04 10:41:13,034][mainapp.py][line:134][INFO] [Run 2 | Epoch 147] Train Acc 0.7689, Train Precision 0.7419, Train Recall 0.6576,Train F1 0.6834
[2026-03-04 10:44:01,638][mainapp.py][line:132][INFO] [Run 2 | Epoch 148] Val Acc 0.7346, Val Precision 0.6591, Val Recall 0.6195, Val F1 0.6160
[2026-03-04 10:44:01,638][mainapp.py][line:134][INFO] [Run 2 | Epoch 148] Train Acc 0.7814, Train Precision 0.7425, Train Recall 0.6863,Train F1 0.7041
[2026-03-04 10:46:49,909][mainapp.py][line:132][INFO] [Run 2 | Epoch 149] Val Acc 0.7494, Val Precision 0.6834, Val Recall 0.6393, Val F1 0.6485
[2026-03-04 10:46:49,909][mainapp.py][line:134][INFO] [Run 2 | Epoch 149] Train Acc 0.7796, Train Precision 0.7185, Train Recall 0.6956,Train F1 0.7008
[2026-03-04 10:49:33,959][mainapp.py][line:132][INFO] [Run 2 | Epoch 150] Val Acc 0.7420, Val Precision 0.6480, Val Recall 0.6171, Val F1 0.6282
[2026-03-04 10:49:33,960][mainapp.py][line:134][INFO] [Run 2 | Epoch 150] Train Acc 0.8012, Train Precision 0.7597, Train Recall 0.7066,Train F1 0.7267
[2026-03-04 10:52:13,687][mainapp.py][line:132][INFO] [Run 2 | Epoch 151] Val Acc 0.7407, Val Precision 0.6620, Val Recall 0.6152, Val F1 0.6274
[2026-03-04 10:52:13,688][mainapp.py][line:134][INFO] [Run 2 | Epoch 151] Train Acc 0.7942, Train Precision 0.7630, Train Recall 0.7047,Train F1 0.7283
[2026-03-04 10:54:52,630][mainapp.py][line:132][INFO] [Run 2 | Epoch 152] Val Acc 0.7358, Val Precision 0.6647, Val Recall 0.6319, Val F1 0.6424
[2026-03-04 10:54:52,631][mainapp.py][line:134][INFO] [Run 2 | Epoch 152] Train Acc 0.7878, Train Precision 0.7337, Train Recall 0.7136,Train F1 0.7222
[2026-03-04 10:57:33,128][mainapp.py][line:132][INFO] [Run 2 | Epoch 153] Val Acc 0.7173, Val Precision 0.6141, Val Recall 0.5922, Val F1 0.5846
[2026-03-04 10:57:33,128][mainapp.py][line:134][INFO] [Run 2 | Epoch 153] Train Acc 0.7872, Train Precision 0.7518, Train Recall 0.6916,Train F1 0.7000
[2026-03-04 11:00:16,692][mainapp.py][line:132][INFO] [Run 2 | Epoch 154] Val Acc 0.7099, Val Precision 0.6742, Val Recall 0.5916, Val F1 0.6036
[2026-03-04 11:00:16,692][mainapp.py][line:134][INFO] [Run 2 | Epoch 154] Train Acc 0.7909, Train Precision 0.7477, Train Recall 0.7186,Train F1 0.7243
[2026-03-04 11:03:02,422][mainapp.py][line:132][INFO] [Run 2 | Epoch 155] Val Acc 0.7272, Val Precision 0.6389, Val Recall 0.6302, Val F1 0.6088
[2026-03-04 11:03:02,422][mainapp.py][line:134][INFO] [Run 2 | Epoch 155] Train Acc 0.7963, Train Precision 0.7517, Train Recall 0.7117,Train F1 0.7254
[2026-03-04 11:05:43,824][mainapp.py][line:132][INFO] [Run 2 | Epoch 156] Val Acc 0.7358, Val Precision 0.6218, Val Recall 0.6014, Val F1 0.5985
[2026-03-04 11:05:43,825][mainapp.py][line:134][INFO] [Run 2 | Epoch 156] Train Acc 0.7814, Train Precision 0.7541, Train Recall 0.6780,Train F1 0.6839
[2026-03-04 11:08:24,957][mainapp.py][line:132][INFO] [Run 2 | Epoch 157] Val Acc 0.7370, Val Precision 0.6872, Val Recall 0.6021, Val F1 0.6329
[2026-03-04 11:08:24,957][mainapp.py][line:134][INFO] [Run 2 | Epoch 157] Train Acc 0.7753, Train Precision 0.7587, Train Recall 0.6718,Train F1 0.7033
[2026-03-04 11:11:05,303][mainapp.py][line:132][INFO] [Run 2 | Epoch 158] Val Acc 0.7358, Val Precision 0.6787, Val Recall 0.5917, Val F1 0.6202
[2026-03-04 11:11:05,303][mainapp.py][line:134][INFO] [Run 2 | Epoch 158] Train Acc 0.7601, Train Precision 0.7607, Train Recall 0.6479,Train F1 0.6815
[2026-03-04 11:13:47,086][mainapp.py][line:132][INFO] [Run 2 | Epoch 159] Val Acc 0.7136, Val Precision 0.6633, Val Recall 0.5815, Val F1 0.6083
[2026-03-04 11:13:47,086][mainapp.py][line:134][INFO] [Run 2 | Epoch 159] Train Acc 0.7668, Train Precision 0.7508, Train Recall 0.6515,Train F1 0.6845
[2026-03-04 11:16:30,314][mainapp.py][line:132][INFO] [Run 2 | Epoch 160] Val Acc 0.7012, Val Precision 0.6335, Val Recall 0.5946, Val F1 0.6044
[2026-03-04 11:16:30,315][mainapp.py][line:134][INFO] [Run 2 | Epoch 160] Train Acc 0.8058, Train Precision 0.7794, Train Recall 0.7246,Train F1 0.7451
[2026-03-04 11:19:08,879][mainapp.py][line:132][INFO] [Run 2 | Epoch 161] Val Acc 0.7235, Val Precision 0.6221, Val Recall 0.5997, Val F1 0.5920
[2026-03-04 11:19:08,880][mainapp.py][line:134][INFO] [Run 2 | Epoch 161] Train Acc 0.7900, Train Precision 0.7731, Train Recall 0.7000,Train F1 0.7081
[2026-03-04 11:21:51,015][mainapp.py][line:132][INFO] [Run 2 | Epoch 162] Val Acc 0.7185, Val Precision 0.6383, Val Recall 0.6001, Val F1 0.5970
[2026-03-04 11:21:51,016][mainapp.py][line:134][INFO] [Run 2 | Epoch 162] Train Acc 0.8012, Train Precision 0.7619, Train Recall 0.7219,Train F1 0.7332
[2026-03-04 11:24:33,310][mainapp.py][line:132][INFO] [Run 2 | Epoch 163] Val Acc 0.7037, Val Precision 0.6743, Val Recall 0.5532, Val F1 0.5756
[2026-03-04 11:24:33,310][mainapp.py][line:134][INFO] [Run 2 | Epoch 163] Train Acc 0.7903, Train Precision 0.7606, Train Recall 0.7001,Train F1 0.7234
[2026-03-04 11:26:59,997][mainapp.py][line:132][INFO] [Run 2 | Epoch 164] Val Acc 0.7259, Val Precision 0.6265, Val Recall 0.6189, Val F1 0.6058
[2026-03-04 11:26:59,998][mainapp.py][line:134][INFO] [Run 2 | Epoch 164] Train Acc 0.7970, Train Precision 0.7623, Train Recall 0.7224,Train F1 0.7291
[2026-03-04 11:29:20,200][mainapp.py][line:132][INFO] [Run 2 | Epoch 165] Val Acc 0.7259, Val Precision 0.6701, Val Recall 0.6105, Val F1 0.6171
[2026-03-04 11:29:20,200][mainapp.py][line:134][INFO] [Run 2 | Epoch 165] Train Acc 0.7747, Train Precision 0.7475, Train Recall 0.6761,Train F1 0.6916
[2026-03-04 11:31:40,691][mainapp.py][line:132][INFO] [Run 2 | Epoch 166] Val Acc 0.7272, Val Precision 0.6764, Val Recall 0.6014, Val F1 0.6189
[2026-03-04 11:31:40,691][mainapp.py][line:134][INFO] [Run 2 | Epoch 166] Train Acc 0.7878, Train Precision 0.7501, Train Recall 0.6886,Train F1 0.7092
[2026-03-04 11:34:01,208][mainapp.py][line:132][INFO] [Run 2 | Epoch 167] Val Acc 0.7123, Val Precision 0.6541, Val Recall 0.5779, Val F1 0.5939
[2026-03-04 11:34:01,208][mainapp.py][line:134][INFO] [Run 2 | Epoch 167] Train Acc 0.7756, Train Precision 0.7474, Train Recall 0.6814,Train F1 0.7013
[2026-03-04 11:36:22,023][mainapp.py][line:132][INFO] [Run 2 | Epoch 168] Val Acc 0.7506, Val Precision 0.6512, Val Recall 0.6379, Val F1 0.6411
[2026-03-04 11:36:22,023][mainapp.py][line:134][INFO] [Run 2 | Epoch 168] Train Acc 0.7957, Train Precision 0.7485, Train Recall 0.7158,Train F1 0.7252
[2026-03-04 11:38:39,205][mainapp.py][line:132][INFO] [Run 2 | Epoch 169] Val Acc 0.7284, Val Precision 0.6604, Val Recall 0.5862, Val F1 0.5962
[2026-03-04 11:38:39,205][mainapp.py][line:134][INFO] [Run 2 | Epoch 169] Train Acc 0.7976, Train Precision 0.7823, Train Recall 0.6958,Train F1 0.7210
[2026-03-04 11:40:55,009][mainapp.py][line:132][INFO] [Run 2 | Epoch 170] Val Acc 0.7481, Val Precision 0.6747, Val Recall 0.6346, Val F1 0.6514
[2026-03-04 11:40:55,009][mainapp.py][line:134][INFO] [Run 2 | Epoch 170] Train Acc 0.8006, Train Precision 0.7645, Train Recall 0.7226,Train F1 0.7399
[2026-03-04 11:43:13,429][mainapp.py][line:132][INFO] [Run 2 | Epoch 171] Val Acc 0.7519, Val Precision 0.6537, Val Recall 0.6437, Val F1 0.6425
[2026-03-04 11:43:13,430][mainapp.py][line:134][INFO] [Run 2 | Epoch 171] Train Acc 0.8061, Train Precision 0.7673, Train Recall 0.7257,Train F1 0.7407
[2026-03-04 11:45:28,177][mainapp.py][line:132][INFO] [Run 2 | Epoch 172] Val Acc 0.7111, Val Precision 0.6494, Val Recall 0.5711, Val F1 0.5986
[2026-03-04 11:45:28,178][mainapp.py][line:134][INFO] [Run 2 | Epoch 172] Train Acc 0.7948, Train Precision 0.7586, Train Recall 0.7070,Train F1 0.7264
[2026-03-04 11:47:47,817][mainapp.py][line:132][INFO] [Run 2 | Epoch 173] Val Acc 0.7210, Val Precision 0.6632, Val Recall 0.5928, Val F1 0.6148
[2026-03-04 11:47:47,818][mainapp.py][line:134][INFO] [Run 2 | Epoch 173] Train Acc 0.7814, Train Precision 0.7471, Train Recall 0.6793,Train F1 0.6991
[2026-03-04 11:49:52,102][mainapp.py][line:132][INFO] [Run 2 | Epoch 174] Val Acc 0.7370, Val Precision 0.6889, Val Recall 0.6180, Val F1 0.6408
[2026-03-04 11:49:52,103][mainapp.py][line:134][INFO] [Run 2 | Epoch 174] Train Acc 0.8116, Train Precision 0.7810, Train Recall 0.7380,Train F1 0.7562
[2026-03-04 11:51:54,920][mainapp.py][line:132][INFO] [Run 2 | Epoch 175] Val Acc 0.7123, Val Precision 0.6594, Val Recall 0.5898, Val F1 0.5975
[2026-03-04 11:51:54,920][mainapp.py][line:134][INFO] [Run 2 | Epoch 175] Train Acc 0.7814, Train Precision 0.7629, Train Recall 0.6716,Train F1 0.6936
[2026-03-04 11:53:57,808][mainapp.py][line:132][INFO] [Run 2 | Epoch 176] Val Acc 0.7765, Val Precision 0.7196, Val Recall 0.6523, Val F1 0.6751
[2026-03-04 11:53:57,808][mainapp.py][line:134][INFO] [Run 2 | Epoch 176] Train Acc 0.8186, Train Precision 0.8005, Train Recall 0.7390,Train F1 0.7623
[2026-03-04 11:56:02,946][mainapp.py][line:132][INFO] [Run 2 | Epoch 177] Val Acc 0.7074, Val Precision 0.6424, Val Recall 0.5937, Val F1 0.6096
[2026-03-04 11:56:02,946][mainapp.py][line:134][INFO] [Run 2 | Epoch 177] Train Acc 0.8061, Train Precision 0.7719, Train Recall 0.7348,Train F1 0.7498
[2026-03-04 11:58:08,109][mainapp.py][line:132][INFO] [Run 2 | Epoch 178] Val Acc 0.7432, Val Precision 0.6585, Val Recall 0.6102, Val F1 0.6196
[2026-03-04 11:58:08,109][mainapp.py][line:134][INFO] [Run 2 | Epoch 178] Train Acc 0.8037, Train Precision 0.7762, Train Recall 0.7125,Train F1 0.7245
[2026-03-04 12:00:13,830][mainapp.py][line:132][INFO] [Run 2 | Epoch 179] Val Acc 0.7654, Val Precision 0.6871, Val Recall 0.6447, Val F1 0.6591
[2026-03-04 12:00:13,830][mainapp.py][line:134][INFO] [Run 2 | Epoch 179] Train Acc 0.8079, Train Precision 0.7856, Train Recall 0.7234,Train F1 0.7413
[2026-03-04 12:02:17,906][mainapp.py][line:132][INFO] [Run 2 | Epoch 180] Val Acc 0.7259, Val Precision 0.6598, Val Recall 0.6157, Val F1 0.6175
[2026-03-04 12:02:17,907][mainapp.py][line:134][INFO] [Run 2 | Epoch 180] Train Acc 0.8067, Train Precision 0.7657, Train Recall 0.7193,Train F1 0.7350
[2026-03-04 12:04:21,123][mainapp.py][line:132][INFO] [Run 2 | Epoch 181] Val Acc 0.7284, Val Precision 0.6318, Val Recall 0.6277, Val F1 0.6067
[2026-03-04 12:04:21,123][mainapp.py][line:134][INFO] [Run 2 | Epoch 181] Train Acc 0.8012, Train Precision 0.7583, Train Recall 0.7219,Train F1 0.7293
[2026-03-04 12:06:24,967][mainapp.py][line:132][INFO] [Run 2 | Epoch 182] Val Acc 0.7593, Val Precision 0.7148, Val Recall 0.6164, Val F1 0.6398
[2026-03-04 12:06:24,968][mainapp.py][line:134][INFO] [Run 2 | Epoch 182] Train Acc 0.7957, Train Precision 0.7854, Train Recall 0.6978,Train F1 0.7200
[2026-03-04 12:08:29,548][mainapp.py][line:132][INFO] [Run 2 | Epoch 183] Val Acc 0.7333, Val Precision 0.6555, Val Recall 0.6165, Val F1 0.6227
[2026-03-04 12:08:29,549][mainapp.py][line:134][INFO] [Run 2 | Epoch 183] Train Acc 0.8143, Train Precision 0.7730, Train Recall 0.7488,Train F1 0.7576
[2026-03-04 12:10:33,563][mainapp.py][line:132][INFO] [Run 2 | Epoch 184] Val Acc 0.7099, Val Precision 0.6395, Val Recall 0.5845, Val F1 0.5875
[2026-03-04 12:10:33,564][mainapp.py][line:134][INFO] [Run 2 | Epoch 184] Train Acc 0.7967, Train Precision 0.7699, Train Recall 0.7082,Train F1 0.7296
[2026-03-04 12:12:37,530][mainapp.py][line:132][INFO] [Run 2 | Epoch 185] Val Acc 0.7617, Val Precision 0.6497, Val Recall 0.6376, Val F1 0.6397
[2026-03-04 12:12:37,531][mainapp.py][line:134][INFO] [Run 2 | Epoch 185] Train Acc 0.8027, Train Precision 0.7745, Train Recall 0.7214,Train F1 0.7362
[2026-03-04 12:14:41,088][mainapp.py][line:132][INFO] [Run 2 | Epoch 186] Val Acc 0.7407, Val Precision 0.6603, Val Recall 0.6239, Val F1 0.6369
[2026-03-04 12:14:41,088][mainapp.py][line:134][INFO] [Run 2 | Epoch 186] Train Acc 0.8094, Train Precision 0.7624, Train Recall 0.7331,Train F1 0.7433
[2026-03-04 12:16:45,075][mainapp.py][line:132][INFO] [Run 2 | Epoch 187] Val Acc 0.7432, Val Precision 0.6657, Val Recall 0.6316, Val F1 0.6348
[2026-03-04 12:16:45,075][mainapp.py][line:134][INFO] [Run 2 | Epoch 187] Train Acc 0.8210, Train Precision 0.7871, Train Recall 0.7491,Train F1 0.7627
[2026-03-04 12:18:49,494][mainapp.py][line:132][INFO] [Run 2 | Epoch 188] Val Acc 0.7235, Val Precision 0.6397, Val Recall 0.5749, Val F1 0.5898
[2026-03-04 12:18:49,495][mainapp.py][line:134][INFO] [Run 2 | Epoch 188] Train Acc 0.7945, Train Precision 0.7858, Train Recall 0.6898,Train F1 0.7138
[2026-03-04 12:20:54,266][mainapp.py][line:132][INFO] [Run 2 | Epoch 189] Val Acc 0.7469, Val Precision 0.6725, Val Recall 0.6236, Val F1 0.6394
[2026-03-04 12:20:54,267][mainapp.py][line:134][INFO] [Run 2 | Epoch 189] Train Acc 0.8137, Train Precision 0.7979, Train Recall 0.7408,Train F1 0.7570
[2026-03-04 12:22:57,424][mainapp.py][line:132][INFO] [Run 2 | Epoch 190] Val Acc 0.7444, Val Precision 0.6600, Val Recall 0.6163, Val F1 0.6283
[2026-03-04 12:22:57,425][mainapp.py][line:134][INFO] [Run 2 | Epoch 190] Train Acc 0.8228, Train Precision 0.7927, Train Recall 0.7360,Train F1 0.7528
[2026-03-04 12:25:02,215][mainapp.py][line:132][INFO] [Run 2 | Epoch 191] Val Acc 0.7568, Val Precision 0.6693, Val Recall 0.6442, Val F1 0.6539
[2026-03-04 12:25:02,215][mainapp.py][line:134][INFO] [Run 2 | Epoch 191] Train Acc 0.8210, Train Precision 0.7746, Train Recall 0.7494,Train F1 0.7583
[2026-03-04 12:27:08,185][mainapp.py][line:132][INFO] [Run 2 | Epoch 192] Val Acc 0.7395, Val Precision 0.6759, Val Recall 0.6117, Val F1 0.6348
[2026-03-04 12:27:08,186][mainapp.py][line:134][INFO] [Run 2 | Epoch 192] Train Acc 0.8094, Train Precision 0.7718, Train Recall 0.7286,Train F1 0.7447
[2026-03-04 12:29:14,376][mainapp.py][line:132][INFO] [Run 2 | Epoch 193] Val Acc 0.7494, Val Precision 0.6710, Val Recall 0.6129, Val F1 0.6326
[2026-03-04 12:29:14,377][mainapp.py][line:134][INFO] [Run 2 | Epoch 193] Train Acc 0.8085, Train Precision 0.8015, Train Recall 0.7194,Train F1 0.7474
[2026-03-04 12:31:19,565][mainapp.py][line:132][INFO] [Run 2 | Epoch 194] Val Acc 0.7309, Val Precision 0.6835, Val Recall 0.6059, Val F1 0.6322
[2026-03-04 12:31:19,565][mainapp.py][line:134][INFO] [Run 2 | Epoch 194] Train Acc 0.8061, Train Precision 0.7787, Train Recall 0.7181,Train F1 0.7435
[2026-03-04 12:33:24,726][mainapp.py][line:132][INFO] [Run 2 | Epoch 195] Val Acc 0.7580, Val Precision 0.7033, Val Recall 0.6290, Val F1 0.6494
[2026-03-04 12:33:24,727][mainapp.py][line:134][INFO] [Run 2 | Epoch 195] Train Acc 0.8180, Train Precision 0.7971, Train Recall 0.7320,Train F1 0.7579
[2026-03-04 12:35:27,788][mainapp.py][line:132][INFO] [Run 2 | Epoch 196] Val Acc 0.7494, Val Precision 0.6437, Val Recall 0.6351, Val F1 0.6350
[2026-03-04 12:35:27,789][mainapp.py][line:134][INFO] [Run 2 | Epoch 196] Train Acc 0.8180, Train Precision 0.7753, Train Recall 0.7511,Train F1 0.7539
[2026-03-04 12:37:33,207][mainapp.py][line:132][INFO] [Run 2 | Epoch 197] Val Acc 0.7593, Val Precision 0.6739, Val Recall 0.6152, Val F1 0.6262
[2026-03-04 12:37:33,207][mainapp.py][line:134][INFO] [Run 2 | Epoch 197] Train Acc 0.8082, Train Precision 0.7980, Train Recall 0.7059,Train F1 0.7285
[2026-03-04 12:39:39,588][mainapp.py][line:132][INFO] [Run 2 | Epoch 198] Val Acc 0.7556, Val Precision 0.6501, Val Recall 0.6396, Val F1 0.6352
[2026-03-04 12:39:39,588][mainapp.py][line:134][INFO] [Run 2 | Epoch 198] Train Acc 0.8091, Train Precision 0.7708, Train Recall 0.7229,Train F1 0.7354
[2026-03-04 12:41:45,015][mainapp.py][line:132][INFO] [Run 2 | Epoch 199] Val Acc 0.7481, Val Precision 0.6691, Val Recall 0.6352, Val F1 0.6482
[2026-03-04 12:41:45,015][mainapp.py][line:134][INFO] [Run 2 | Epoch 199] Train Acc 0.8195, Train Precision 0.7869, Train Recall 0.7434,Train F1 0.7618
[2026-03-04 12:43:51,033][mainapp.py][line:132][INFO] [Run 2 | Epoch 200] Val Acc 0.7321, Val Precision 0.6510, Val Recall 0.6088, Val F1 0.6206
[2026-03-04 12:43:51,033][mainapp.py][line:134][INFO] [Run 2 | Epoch 200] Train Acc 0.8143, Train Precision 0.7884, Train Recall 0.7344,Train F1 0.7556
[2026-03-04 12:45:53,986][mainapp.py][line:132][INFO] [Run 2 | Epoch 201] Val Acc 0.7605, Val Precision 0.6709, Val Recall 0.6334, Val F1 0.6434
[2026-03-04 12:45:53,986][mainapp.py][line:134][INFO] [Run 2 | Epoch 201] Train Acc 0.8265, Train Precision 0.8045, Train Recall 0.7420,Train F1 0.7592
[2026-03-04 12:47:58,936][mainapp.py][line:132][INFO] [Run 2 | Epoch 202] Val Acc 0.7494, Val Precision 0.6529, Val Recall 0.6388, Val F1 0.6383
[2026-03-04 12:47:58,936][mainapp.py][line:134][INFO] [Run 2 | Epoch 202] Train Acc 0.8183, Train Precision 0.7835, Train Recall 0.7430,Train F1 0.7583
[2026-03-04 12:50:02,933][mainapp.py][line:132][INFO] [Run 2 | Epoch 203] Val Acc 0.7259, Val Precision 0.6588, Val Recall 0.6249, Val F1 0.6307
[2026-03-04 12:50:02,934][mainapp.py][line:134][INFO] [Run 2 | Epoch 203] Train Acc 0.8183, Train Precision 0.7839, Train Recall 0.7443,Train F1 0.7598
[2026-03-04 12:52:05,894][mainapp.py][line:132][INFO] [Run 2 | Epoch 204] Val Acc 0.7321, Val Precision 0.6789, Val Recall 0.5991, Val F1 0.6181
[2026-03-04 12:52:05,895][mainapp.py][line:134][INFO] [Run 2 | Epoch 204] Train Acc 0.8210, Train Precision 0.8005, Train Recall 0.7459,Train F1 0.7670
[2026-03-04 12:54:11,026][mainapp.py][line:132][INFO] [Run 2 | Epoch 205] Val Acc 0.7259, Val Precision 0.6577, Val Recall 0.6115, Val F1 0.6201
[2026-03-04 12:54:11,026][mainapp.py][line:134][INFO] [Run 2 | Epoch 205] Train Acc 0.8177, Train Precision 0.7867, Train Recall 0.7457,Train F1 0.7625
[2026-03-04 12:56:15,747][mainapp.py][line:132][INFO] [Run 2 | Epoch 206] Val Acc 0.7519, Val Precision 0.6680, Val Recall 0.6140, Val F1 0.6307
[2026-03-04 12:56:15,748][mainapp.py][line:134][INFO] [Run 2 | Epoch 206] Train Acc 0.8225, Train Precision 0.7906, Train Recall 0.7452,Train F1 0.7616
[2026-03-04 12:58:19,552][mainapp.py][line:132][INFO] [Run 2 | Epoch 207] Val Acc 0.7321, Val Precision 0.6636, Val Recall 0.6083, Val F1 0.6225
[2026-03-04 12:58:19,552][mainapp.py][line:134][INFO] [Run 2 | Epoch 207] Train Acc 0.8113, Train Precision 0.7836, Train Recall 0.7332,Train F1 0.7506
[2026-03-04 13:00:18,862][mainapp.py][line:132][INFO] [Run 2 | Epoch 208] Val Acc 0.7395, Val Precision 0.6288, Val Recall 0.6259, Val F1 0.6215
[2026-03-04 13:00:18,862][mainapp.py][line:134][INFO] [Run 2 | Epoch 208] Train Acc 0.8107, Train Precision 0.7664, Train Recall 0.7308,Train F1 0.7398
[2026-03-04 13:02:18,193][mainapp.py][line:132][INFO] [Run 2 | Epoch 209] Val Acc 0.7617, Val Precision 0.6596, Val Recall 0.6385, Val F1 0.6422
[2026-03-04 13:02:18,193][mainapp.py][line:134][INFO] [Run 2 | Epoch 209] Train Acc 0.8192, Train Precision 0.7848, Train Recall 0.7528,Train F1 0.7613
[2026-03-04 13:04:18,032][mainapp.py][line:132][INFO] [Run 2 | Epoch 210] Val Acc 0.7407, Val Precision 0.6456, Val Recall 0.6289, Val F1 0.6339
[2026-03-04 13:04:18,033][mainapp.py][line:134][INFO] [Run 2 | Epoch 210] Train Acc 0.8301, Train Precision 0.7954, Train Recall 0.7688,Train F1 0.7799
[2026-03-04 13:06:20,329][mainapp.py][line:132][INFO] [Run 2 | Epoch 211] Val Acc 0.7407, Val Precision 0.6605, Val Recall 0.6190, Val F1 0.6285
[2026-03-04 13:06:20,330][mainapp.py][line:134][INFO] [Run 2 | Epoch 211] Train Acc 0.8155, Train Precision 0.7875, Train Recall 0.7412,Train F1 0.7603
[2026-03-04 13:08:23,683][mainapp.py][line:132][INFO] [Run 2 | Epoch 212] Val Acc 0.7420, Val Precision 0.6436, Val Recall 0.6223, Val F1 0.6257
[2026-03-04 13:08:23,683][mainapp.py][line:134][INFO] [Run 2 | Epoch 212] Train Acc 0.8234, Train Precision 0.7954, Train Recall 0.7527,Train F1 0.7681
[2026-03-04 13:10:29,469][mainapp.py][line:132][INFO] [Run 2 | Epoch 213] Val Acc 0.7383, Val Precision 0.6601, Val Recall 0.6112, Val F1 0.6275
[2026-03-04 13:10:29,470][mainapp.py][line:134][INFO] [Run 2 | Epoch 213] Train Acc 0.8186, Train Precision 0.7925, Train Recall 0.7384,Train F1 0.7610
[2026-03-04 13:12:33,293][mainapp.py][line:132][INFO] [Run 2 | Epoch 214] Val Acc 0.7407, Val Precision 0.6596, Val Recall 0.6201, Val F1 0.6286
[2026-03-04 13:12:33,294][mainapp.py][line:134][INFO] [Run 2 | Epoch 214] Train Acc 0.8164, Train Precision 0.7971, Train Recall 0.7439,Train F1 0.7622
[2026-03-04 13:14:36,682][mainapp.py][line:132][INFO] [Run 2 | Epoch 215] Val Acc 0.7481, Val Precision 0.6401, Val Recall 0.6390, Val F1 0.6336
[2026-03-04 13:14:36,683][mainapp.py][line:134][INFO] [Run 2 | Epoch 215] Train Acc 0.8192, Train Precision 0.7811, Train Recall 0.7577,Train F1 0.7631
[2026-03-04 13:16:42,126][mainapp.py][line:132][INFO] [Run 2 | Epoch 216] Val Acc 0.7407, Val Precision 0.6636, Val Recall 0.6206, Val F1 0.6300
[2026-03-04 13:16:42,126][mainapp.py][line:134][INFO] [Run 2 | Epoch 216] Train Acc 0.8280, Train Precision 0.8025, Train Recall 0.7594,Train F1 0.7775
[2026-03-04 13:18:44,245][mainapp.py][line:132][INFO] [Run 2 | Epoch 217] Val Acc 0.7395, Val Precision 0.6457, Val Recall 0.6050, Val F1 0.6192
[2026-03-04 13:18:44,246][mainapp.py][line:134][INFO] [Run 2 | Epoch 217] Train Acc 0.8231, Train Precision 0.7948, Train Recall 0.7370,Train F1 0.7564
[2026-03-04 13:20:37,479][mainapp.py][line:132][INFO] [Run 2 | Epoch 218] Val Acc 0.7765, Val Precision 0.6794, Val Recall 0.6619, Val F1 0.6655
[2026-03-04 13:20:37,480][mainapp.py][line:134][INFO] [Run 2 | Epoch 218] Train Acc 0.8210, Train Precision 0.7890, Train Recall 0.7452,Train F1 0.7594
[2026-03-04 13:22:31,319][mainapp.py][line:132][INFO] [Run 2 | Epoch 219] Val Acc 0.7556, Val Precision 0.6588, Val Recall 0.6255, Val F1 0.6333
[2026-03-04 13:22:31,319][mainapp.py][line:134][INFO] [Run 2 | Epoch 219] Train Acc 0.8341, Train Precision 0.7990, Train Recall 0.7733,Train F1 0.7842
[2026-03-04 13:24:23,881][mainapp.py][line:132][INFO] [Run 2 | Epoch 220] Val Acc 0.7383, Val Precision 0.6565, Val Recall 0.6096, Val F1 0.6219
[2026-03-04 13:24:23,881][mainapp.py][line:134][INFO] [Run 2 | Epoch 220] Train Acc 0.8262, Train Precision 0.8030, Train Recall 0.7600,Train F1 0.7779
[2026-03-04 13:26:17,441][mainapp.py][line:132][INFO] [Run 2 | Epoch 221] Val Acc 0.7407, Val Precision 0.6736, Val Recall 0.6259, Val F1 0.6381
[2026-03-04 13:26:17,441][mainapp.py][line:134][INFO] [Run 2 | Epoch 221] Train Acc 0.8356, Train Precision 0.8023, Train Recall 0.7767,Train F1 0.7871
[2026-03-04 13:28:20,594][mainapp.py][line:132][INFO] [Run 2 | Epoch 222] Val Acc 0.7506, Val Precision 0.6500, Val Recall 0.6368, Val F1 0.6380
[2026-03-04 13:28:20,595][mainapp.py][line:134][INFO] [Run 2 | Epoch 222] Train Acc 0.8314, Train Precision 0.7950, Train Recall 0.7728,Train F1 0.7788
[2026-03-04 13:30:23,607][mainapp.py][line:132][INFO] [Run 2 | Epoch 223] Val Acc 0.7630, Val Precision 0.6971, Val Recall 0.6513, Val F1 0.6596
[2026-03-04 13:30:23,607][mainapp.py][line:134][INFO] [Run 2 | Epoch 223] Train Acc 0.8329, Train Precision 0.8091, Train Recall 0.7603,Train F1 0.7778
[2026-03-04 13:32:28,836][mainapp.py][line:132][INFO] [Run 2 | Epoch 224] Val Acc 0.7494, Val Precision 0.6781, Val Recall 0.6173, Val F1 0.6342
[2026-03-04 13:32:28,836][mainapp.py][line:134][INFO] [Run 2 | Epoch 224] Train Acc 0.8335, Train Precision 0.8233, Train Recall 0.7640,Train F1 0.7871
[2026-03-04 13:34:31,399][mainapp.py][line:132][INFO] [Run 2 | Epoch 225] Val Acc 0.7395, Val Precision 0.6427, Val Recall 0.6302, Val F1 0.6230
[2026-03-04 13:34:31,400][mainapp.py][line:134][INFO] [Run 2 | Epoch 225] Train Acc 0.8277, Train Precision 0.7936, Train Recall 0.7554,Train F1 0.7670
[2026-03-04 13:36:35,419][mainapp.py][line:132][INFO] [Run 2 | Epoch 226] Val Acc 0.7296, Val Precision 0.6752, Val Recall 0.6038, Val F1 0.6268
[2026-03-04 13:36:35,421][mainapp.py][line:134][INFO] [Run 2 | Epoch 226] Train Acc 0.8286, Train Precision 0.8228, Train Recall 0.7546,Train F1 0.7832
[2026-03-04 13:38:40,454][mainapp.py][line:132][INFO] [Run 2 | Epoch 227] Val Acc 0.7407, Val Precision 0.6385, Val Recall 0.6337, Val F1 0.6282
[2026-03-04 13:38:40,455][mainapp.py][line:134][INFO] [Run 2 | Epoch 227] Train Acc 0.8262, Train Precision 0.7925, Train Recall 0.7582,Train F1 0.7705
[2026-03-04 13:40:44,856][mainapp.py][line:132][INFO] [Run 2 | Epoch 228] Val Acc 0.7494, Val Precision 0.6505, Val Recall 0.6252, Val F1 0.6283
[2026-03-04 13:40:44,856][mainapp.py][line:134][INFO] [Run 2 | Epoch 228] Train Acc 0.8323, Train Precision 0.8074, Train Recall 0.7522,Train F1 0.7678
[2026-03-04 13:42:49,338][mainapp.py][line:132][INFO] [Run 2 | Epoch 229] Val Acc 0.7543, Val Precision 0.6774, Val Recall 0.6483, Val F1 0.6507
[2026-03-04 13:42:49,339][mainapp.py][line:134][INFO] [Run 2 | Epoch 229] Train Acc 0.8247, Train Precision 0.7938, Train Recall 0.7521,Train F1 0.7658
[2026-03-04 13:44:53,183][mainapp.py][line:132][INFO] [Run 2 | Epoch 230] Val Acc 0.7568, Val Precision 0.6742, Val Recall 0.6311, Val F1 0.6470
[2026-03-04 13:44:53,183][mainapp.py][line:134][INFO] [Run 2 | Epoch 230] Train Acc 0.8286, Train Precision 0.8035, Train Recall 0.7531,Train F1 0.7731
[2026-03-04 13:46:57,810][mainapp.py][line:132][INFO] [Run 2 | Epoch 231] Val Acc 0.7630, Val Precision 0.6904, Val Recall 0.6358, Val F1 0.6537
[2026-03-04 13:46:57,810][mainapp.py][line:134][INFO] [Run 2 | Epoch 231] Train Acc 0.8314, Train Precision 0.8030, Train Recall 0.7585,Train F1 0.7769
[2026-03-04 13:49:02,987][mainapp.py][line:132][INFO] [Run 2 | Epoch 232] Val Acc 0.7506, Val Precision 0.6761, Val Recall 0.6436, Val F1 0.6555
[2026-03-04 13:49:02,987][mainapp.py][line:134][INFO] [Run 2 | Epoch 232] Train Acc 0.8338, Train Precision 0.8021, Train Recall 0.7701,Train F1 0.7840
[2026-03-04 13:51:07,797][mainapp.py][line:132][INFO] [Run 2 | Epoch 233] Val Acc 0.7593, Val Precision 0.6681, Val Recall 0.6333, Val F1 0.6436
[2026-03-04 13:51:07,797][mainapp.py][line:134][INFO] [Run 2 | Epoch 233] Train Acc 0.8387, Train Precision 0.8155, Train Recall 0.7619,Train F1 0.7825
[2026-03-04 13:53:11,721][mainapp.py][line:132][INFO] [Run 2 | Epoch 234] Val Acc 0.7543, Val Precision 0.6753, Val Recall 0.6358, Val F1 0.6386
[2026-03-04 13:53:11,722][mainapp.py][line:134][INFO] [Run 2 | Epoch 234] Train Acc 0.8344, Train Precision 0.8101, Train Recall 0.7618,Train F1 0.7780
[2026-03-04 13:55:16,001][mainapp.py][line:132][INFO] [Run 2 | Epoch 235] Val Acc 0.7494, Val Precision 0.6914, Val Recall 0.6170, Val F1 0.6395
[2026-03-04 13:55:16,001][mainapp.py][line:134][INFO] [Run 2 | Epoch 235] Train Acc 0.8359, Train Precision 0.8241, Train Recall 0.7561,Train F1 0.7816
[2026-03-04 13:57:19,679][mainapp.py][line:132][INFO] [Run 2 | Epoch 236] Val Acc 0.7481, Val Precision 0.6735, Val Recall 0.6329, Val F1 0.6491
[2026-03-04 13:57:19,679][mainapp.py][line:134][INFO] [Run 2 | Epoch 236] Train Acc 0.8435, Train Precision 0.8143, Train Recall 0.7875,Train F1 0.7993
[2026-03-04 13:59:22,753][mainapp.py][line:132][INFO] [Run 2 | Epoch 237] Val Acc 0.7580, Val Precision 0.6552, Val Recall 0.6413, Val F1 0.6424
[2026-03-04 13:59:22,753][mainapp.py][line:134][INFO] [Run 2 | Epoch 237] Train Acc 0.8326, Train Precision 0.8061, Train Recall 0.7657,Train F1 0.7807
[2026-03-04 14:01:23,061][mainapp.py][line:132][INFO] [Run 2 | Epoch 238] Val Acc 0.7506, Val Precision 0.6533, Val Recall 0.6300, Val F1 0.6381
[2026-03-04 14:01:23,061][mainapp.py][line:134][INFO] [Run 2 | Epoch 238] Train Acc 0.8384, Train Precision 0.8176, Train Recall 0.7747,Train F1 0.7935
[2026-03-04 14:03:29,516][mainapp.py][line:132][INFO] [Run 2 | Epoch 239] Val Acc 0.7654, Val Precision 0.6710, Val Recall 0.6372, Val F1 0.6472
[2026-03-04 14:03:29,516][mainapp.py][line:134][INFO] [Run 2 | Epoch 239] Train Acc 0.8374, Train Precision 0.8167, Train Recall 0.7694,Train F1 0.7852
[2026-03-04 14:05:33,895][mainapp.py][line:132][INFO] [Run 2 | Epoch 240] Val Acc 0.7481, Val Precision 0.6702, Val Recall 0.6211, Val F1 0.6353
[2026-03-04 14:05:33,896][mainapp.py][line:134][INFO] [Run 2 | Epoch 240] Train Acc 0.8335, Train Precision 0.8080, Train Recall 0.7628,Train F1 0.7804
[2026-03-04 14:07:38,696][mainapp.py][line:132][INFO] [Run 2 | Epoch 241] Val Acc 0.7556, Val Precision 0.6887, Val Recall 0.6347, Val F1 0.6498
[2026-03-04 14:07:38,697][mainapp.py][line:134][INFO] [Run 2 | Epoch 241] Train Acc 0.8414, Train Precision 0.8143, Train Recall 0.7770,Train F1 0.7920
[2026-03-04 14:09:43,240][mainapp.py][line:132][INFO] [Run 2 | Epoch 242] Val Acc 0.7481, Val Precision 0.6664, Val Recall 0.6209, Val F1 0.6354
[2026-03-04 14:09:43,241][mainapp.py][line:134][INFO] [Run 2 | Epoch 242] Train Acc 0.8311, Train Precision 0.8008, Train Recall 0.7644,Train F1 0.7803
[2026-03-04 14:11:47,405][mainapp.py][line:132][INFO] [Run 2 | Epoch 243] Val Acc 0.7531, Val Precision 0.6816, Val Recall 0.6285, Val F1 0.6474
[2026-03-04 14:11:47,405][mainapp.py][line:134][INFO] [Run 2 | Epoch 243] Train Acc 0.8350, Train Precision 0.8130, Train Recall 0.7615,Train F1 0.7836
[2026-03-04 14:13:52,075][mainapp.py][line:132][INFO] [Run 2 | Epoch 244] Val Acc 0.7568, Val Precision 0.6631, Val Recall 0.6442, Val F1 0.6502
[2026-03-04 14:13:52,076][mainapp.py][line:134][INFO] [Run 2 | Epoch 244] Train Acc 0.8387, Train Precision 0.8092, Train Recall 0.7695,Train F1 0.7859
[2026-03-04 14:15:56,642][mainapp.py][line:132][INFO] [Run 2 | Epoch 245] Val Acc 0.7630, Val Precision 0.6777, Val Recall 0.6408, Val F1 0.6560
[2026-03-04 14:15:56,642][mainapp.py][line:134][INFO] [Run 2 | Epoch 245] Train Acc 0.8481, Train Precision 0.8256, Train Recall 0.7843,Train F1 0.7998
[2026-03-04 14:17:59,832][mainapp.py][line:132][INFO] [Run 2 | Epoch 246] Val Acc 0.7630, Val Precision 0.6960, Val Recall 0.6360, Val F1 0.6579
[2026-03-04 14:17:59,832][mainapp.py][line:134][INFO] [Run 2 | Epoch 246] Train Acc 0.8356, Train Precision 0.8149, Train Recall 0.7674,Train F1 0.7864
[2026-03-04 14:20:02,939][mainapp.py][line:132][INFO] [Run 2 | Epoch 247] Val Acc 0.7667, Val Precision 0.6961, Val Recall 0.6357, Val F1 0.6558
[2026-03-04 14:20:02,939][mainapp.py][line:134][INFO] [Run 2 | Epoch 247] Train Acc 0.8432, Train Precision 0.8259, Train Recall 0.7683,Train F1 0.7894
[2026-03-04 14:22:06,077][mainapp.py][line:132][INFO] [Run 2 | Epoch 248] Val Acc 0.7765, Val Precision 0.7073, Val Recall 0.6517, Val F1 0.6708
[2026-03-04 14:22:06,077][mainapp.py][line:134][INFO] [Run 2 | Epoch 248] Train Acc 0.8402, Train Precision 0.8160, Train Recall 0.7727,Train F1 0.7896
[2026-03-04 14:24:10,372][mainapp.py][line:132][INFO] [Run 2 | Epoch 249] Val Acc 0.7556, Val Precision 0.6707, Val Recall 0.6349, Val F1 0.6494
[2026-03-04 14:24:10,373][mainapp.py][line:134][INFO] [Run 2 | Epoch 249] Train Acc 0.8353, Train Precision 0.8112, Train Recall 0.7641,Train F1 0.7831
[2026-03-04 14:26:10,477][mainapp.py][line:132][INFO] [Run 2 | Epoch 250] Val Acc 0.7543, Val Precision 0.6589, Val Recall 0.6319, Val F1 0.6413
[2026-03-04 14:26:10,477][mainapp.py][line:134][INFO] [Run 2 | Epoch 250] Train Acc 0.8295, Train Precision 0.7984, Train Recall 0.7508,Train F1 0.7693
[2026-03-04 14:28:11,918][mainapp.py][line:132][INFO] [Run 2 | Epoch 251] Val Acc 0.7333, Val Precision 0.6336, Val Recall 0.6186, Val F1 0.6214
[2026-03-04 14:28:11,919][mainapp.py][line:134][INFO] [Run 2 | Epoch 251] Train Acc 0.8292, Train Precision 0.7885, Train Recall 0.7641,Train F1 0.7729
[2026-03-04 14:30:12,753][mainapp.py][line:132][INFO] [Run 2 | Epoch 252] Val Acc 0.7580, Val Precision 0.6802, Val Recall 0.6315, Val F1 0.6485
[2026-03-04 14:30:12,753][mainapp.py][line:134][INFO] [Run 2 | Epoch 252] Train Acc 0.8460, Train Precision 0.8235, Train Recall 0.7817,Train F1 0.8001
[2026-03-04 14:32:14,384][mainapp.py][line:132][INFO] [Run 2 | Epoch 253] Val Acc 0.7494, Val Precision 0.6579, Val Recall 0.6301, Val F1 0.6392
[2026-03-04 14:32:14,384][mainapp.py][line:134][INFO] [Run 2 | Epoch 253] Train Acc 0.8417, Train Precision 0.8212, Train Recall 0.7747,Train F1 0.7928
[2026-03-04 14:34:16,181][mainapp.py][line:132][INFO] [Run 2 | Epoch 254] Val Acc 0.7642, Val Precision 0.6775, Val Recall 0.6465, Val F1 0.6586
[2026-03-04 14:34:16,182][mainapp.py][line:134][INFO] [Run 2 | Epoch 254] Train Acc 0.8390, Train Precision 0.8096, Train Recall 0.7744,Train F1 0.7899
[2026-03-04 14:36:18,667][mainapp.py][line:132][INFO] [Run 2 | Epoch 255] Val Acc 0.7506, Val Precision 0.6610, Val Recall 0.6321, Val F1 0.6420
[2026-03-04 14:36:18,668][mainapp.py][line:134][INFO] [Run 2 | Epoch 255] Train Acc 0.8408, Train Precision 0.8230, Train Recall 0.7769,Train F1 0.7958
[2026-03-04 14:38:21,755][mainapp.py][line:132][INFO] [Run 2 | Epoch 256] Val Acc 0.7556, Val Precision 0.6675, Val Recall 0.6245, Val F1 0.6399
[2026-03-04 14:38:21,755][mainapp.py][line:134][INFO] [Run 2 | Epoch 256] Train Acc 0.8344, Train Precision 0.8233, Train Recall 0.7564,Train F1 0.7829
[2026-03-04 14:40:24,302][mainapp.py][line:132][INFO] [Run 2 | Epoch 257] Val Acc 0.7654, Val Precision 0.6743, Val Recall 0.6388, Val F1 0.6514
[2026-03-04 14:40:24,303][mainapp.py][line:134][INFO] [Run 2 | Epoch 257] Train Acc 0.8429, Train Precision 0.8232, Train Recall 0.7744,Train F1 0.7954
[2026-03-04 14:42:26,293][mainapp.py][line:132][INFO] [Run 2 | Epoch 258] Val Acc 0.7543, Val Precision 0.6485, Val Recall 0.6340, Val F1 0.6372
[2026-03-04 14:42:26,293][mainapp.py][line:134][INFO] [Run 2 | Epoch 258] Train Acc 0.8463, Train Precision 0.8202, Train Recall 0.7867,Train F1 0.8004
[2026-03-04 14:44:29,693][mainapp.py][line:132][INFO] [Run 2 | Epoch 259] Val Acc 0.7617, Val Precision 0.6727, Val Recall 0.6401, Val F1 0.6515
[2026-03-04 14:44:29,694][mainapp.py][line:134][INFO] [Run 2 | Epoch 259] Train Acc 0.8387, Train Precision 0.8115, Train Recall 0.7724,Train F1 0.7884
[2026-03-04 14:46:32,061][mainapp.py][line:132][INFO] [Run 2 | Epoch 260] Val Acc 0.7630, Val Precision 0.6776, Val Recall 0.6376, Val F1 0.6527
[2026-03-04 14:46:32,061][mainapp.py][line:134][INFO] [Run 2 | Epoch 260] Train Acc 0.8447, Train Precision 0.8168, Train Recall 0.7802,Train F1 0.7968
[2026-03-04 14:48:33,362][mainapp.py][line:132][INFO] [Run 2 | Epoch 261] Val Acc 0.7568, Val Precision 0.6627, Val Recall 0.6357, Val F1 0.6439
[2026-03-04 14:48:33,363][mainapp.py][line:134][INFO] [Run 2 | Epoch 261] Train Acc 0.8362, Train Precision 0.8046, Train Recall 0.7674,Train F1 0.7834
[2026-03-04 14:50:35,421][mainapp.py][line:132][INFO] [Run 2 | Epoch 262] Val Acc 0.7580, Val Precision 0.6850, Val Recall 0.6341, Val F1 0.6519
[2026-03-04 14:50:35,421][mainapp.py][line:134][INFO] [Run 2 | Epoch 262] Train Acc 0.8481, Train Precision 0.8348, Train Recall 0.7791,Train F1 0.8017
[2026-03-04 14:52:39,543][mainapp.py][line:132][INFO] [Run 2 | Epoch 263] Val Acc 0.7605, Val Precision 0.6747, Val Recall 0.6359, Val F1 0.6485
[2026-03-04 14:52:39,544][mainapp.py][line:134][INFO] [Run 2 | Epoch 263] Train Acc 0.8457, Train Precision 0.8224, Train Recall 0.7751,Train F1 0.7950
[2026-03-04 14:54:42,043][mainapp.py][line:132][INFO] [Run 2 | Epoch 264] Val Acc 0.7593, Val Precision 0.6878, Val Recall 0.6261, Val F1 0.6475
[2026-03-04 14:54:42,044][mainapp.py][line:134][INFO] [Run 2 | Epoch 264] Train Acc 0.8387, Train Precision 0.8182, Train Recall 0.7615,Train F1 0.7847
[2026-03-04 14:56:46,034][mainapp.py][line:132][INFO] [Run 2 | Epoch 265] Val Acc 0.7580, Val Precision 0.6611, Val Recall 0.6402, Val F1 0.6438
[2026-03-04 14:56:46,035][mainapp.py][line:134][INFO] [Run 2 | Epoch 265] Train Acc 0.8572, Train Precision 0.8425, Train Recall 0.7930,Train F1 0.8126
[2026-03-04 14:58:48,896][mainapp.py][line:132][INFO] [Run 2 | Epoch 266] Val Acc 0.7494, Val Precision 0.6679, Val Recall 0.6224, Val F1 0.6374
[2026-03-04 14:58:48,896][mainapp.py][line:134][INFO] [Run 2 | Epoch 266] Train Acc 0.8408, Train Precision 0.8193, Train Recall 0.7708,Train F1 0.7914
[2026-03-04 15:00:50,782][mainapp.py][line:132][INFO] [Run 2 | Epoch 267] Val Acc 0.7593, Val Precision 0.6620, Val Recall 0.6303, Val F1 0.6399
[2026-03-04 15:00:50,783][mainapp.py][line:134][INFO] [Run 2 | Epoch 267] Train Acc 0.8365, Train Precision 0.8199, Train Recall 0.7637,Train F1 0.7865
[2026-03-04 15:02:53,026][mainapp.py][line:132][INFO] [Run 2 | Epoch 268] Val Acc 0.7556, Val Precision 0.6477, Val Recall 0.6382, Val F1 0.6395
[2026-03-04 15:02:53,027][mainapp.py][line:134][INFO] [Run 2 | Epoch 268] Train Acc 0.8435, Train Precision 0.8177, Train Recall 0.7822,Train F1 0.7963
[2026-03-04 15:04:55,549][mainapp.py][line:132][INFO] [Run 2 | Epoch 269] Val Acc 0.7679, Val Precision 0.6562, Val Recall 0.6434, Val F1 0.6469
[2026-03-04 15:04:55,550][mainapp.py][line:134][INFO] [Run 2 | Epoch 269] Train Acc 0.8521, Train Precision 0.8366, Train Recall 0.7870,Train F1 0.8063
[2026-03-04 15:06:57,923][mainapp.py][line:132][INFO] [Run 2 | Epoch 270] Val Acc 0.7531, Val Precision 0.6529, Val Recall 0.6369, Val F1 0.6412
[2026-03-04 15:06:57,923][mainapp.py][line:134][INFO] [Run 2 | Epoch 270] Train Acc 0.8438, Train Precision 0.8167, Train Recall 0.7807,Train F1 0.7963
[2026-03-04 15:09:00,971][mainapp.py][line:132][INFO] [Run 2 | Epoch 271] Val Acc 0.7580, Val Precision 0.6730, Val Recall 0.6281, Val F1 0.6434
[2026-03-04 15:09:00,972][mainapp.py][line:134][INFO] [Run 2 | Epoch 271] Train Acc 0.8505, Train Precision 0.8297, Train Recall 0.7787,Train F1 0.7990
[2026-03-04 15:11:03,908][mainapp.py][line:132][INFO] [Run 2 | Epoch 272] Val Acc 0.7420, Val Precision 0.6507, Val Recall 0.6197, Val F1 0.6276
[2026-03-04 15:11:03,908][mainapp.py][line:134][INFO] [Run 2 | Epoch 272] Train Acc 0.8426, Train Precision 0.8145, Train Recall 0.7774,Train F1 0.7934
[2026-03-04 15:13:06,645][mainapp.py][line:132][INFO] [Run 2 | Epoch 273] Val Acc 0.7605, Val Precision 0.6761, Val Recall 0.6386, Val F1 0.6516
[2026-03-04 15:13:06,646][mainapp.py][line:134][INFO] [Run 2 | Epoch 273] Train Acc 0.8405, Train Precision 0.8163, Train Recall 0.7738,Train F1 0.7920
[2026-03-04 15:15:08,730][mainapp.py][line:132][INFO] [Run 2 | Epoch 274] Val Acc 0.7630, Val Precision 0.6692, Val Recall 0.6348, Val F1 0.6469
[2026-03-04 15:15:08,730][mainapp.py][line:134][INFO] [Run 2 | Epoch 274] Train Acc 0.8423, Train Precision 0.8174, Train Recall 0.7704,Train F1 0.7897
[2026-03-04 15:17:11,635][mainapp.py][line:132][INFO] [Run 2 | Epoch 275] Val Acc 0.7605, Val Precision 0.6748, Val Recall 0.6322, Val F1 0.6477
[2026-03-04 15:17:11,635][mainapp.py][line:134][INFO] [Run 2 | Epoch 275] Train Acc 0.8454, Train Precision 0.8216, Train Recall 0.7743,Train F1 0.7942
[2026-03-04 15:19:14,536][mainapp.py][line:132][INFO] [Run 2 | Epoch 276] Val Acc 0.7642, Val Precision 0.6623, Val Recall 0.6402, Val F1 0.6473
[2026-03-04 15:19:14,537][mainapp.py][line:134][INFO] [Run 2 | Epoch 276] Train Acc 0.8551, Train Precision 0.8312, Train Recall 0.7895,Train F1 0.8064
[2026-03-04 15:21:17,201][mainapp.py][line:132][INFO] [Run 2 | Epoch 277] Val Acc 0.7630, Val Precision 0.6624, Val Recall 0.6369, Val F1 0.6461
[2026-03-04 15:21:17,201][mainapp.py][line:134][INFO] [Run 2 | Epoch 277] Train Acc 0.8441, Train Precision 0.8211, Train Recall 0.7740,Train F1 0.7937
[2026-03-04 15:23:22,378][mainapp.py][line:132][INFO] [Run 2 | Epoch 278] Val Acc 0.7654, Val Precision 0.6709, Val Recall 0.6410, Val F1 0.6516
[2026-03-04 15:23:22,378][mainapp.py][line:134][INFO] [Run 2 | Epoch 278] Train Acc 0.8444, Train Precision 0.8167, Train Recall 0.7753,Train F1 0.7914
[2026-03-04 15:25:28,684][mainapp.py][line:132][INFO] [Run 2 | Epoch 279] Val Acc 0.7667, Val Precision 0.6719, Val Recall 0.6472, Val F1 0.6566
[2026-03-04 15:25:28,684][mainapp.py][line:134][INFO] [Run 2 | Epoch 279] Train Acc 0.8511, Train Precision 0.8346, Train Recall 0.7892,Train F1 0.8089
[2026-03-04 15:27:34,343][mainapp.py][line:132][INFO] [Run 2 | Epoch 280] Val Acc 0.7630, Val Precision 0.6672, Val Recall 0.6427, Val F1 0.6522
[2026-03-04 15:27:34,344][mainapp.py][line:134][INFO] [Run 2 | Epoch 280] Train Acc 0.8487, Train Precision 0.8293, Train Recall 0.7879,Train F1 0.8054
[2026-03-04 15:29:39,679][mainapp.py][line:132][INFO] [Run 2 | Epoch 281] Val Acc 0.7568, Val Precision 0.6625, Val Recall 0.6334, Val F1 0.6431
[2026-03-04 15:29:39,679][mainapp.py][line:134][INFO] [Run 2 | Epoch 281] Train Acc 0.8536, Train Precision 0.8335, Train Recall 0.7930,Train F1 0.8105
[2026-03-04 15:31:45,512][mainapp.py][line:132][INFO] [Run 2 | Epoch 282] Val Acc 0.7605, Val Precision 0.6578, Val Recall 0.6382, Val F1 0.6447
[2026-03-04 15:31:45,512][mainapp.py][line:134][INFO] [Run 2 | Epoch 282] Train Acc 0.8493, Train Precision 0.8244, Train Recall 0.7833,Train F1 0.8006
[2026-03-04 15:33:51,608][mainapp.py][line:132][INFO] [Run 2 | Epoch 283] Val Acc 0.7630, Val Precision 0.6681, Val Recall 0.6457, Val F1 0.6534
[2026-03-04 15:33:51,609][mainapp.py][line:134][INFO] [Run 2 | Epoch 283] Train Acc 0.8423, Train Precision 0.8184, Train Recall 0.7756,Train F1 0.7939
[2026-03-04 15:35:58,278][mainapp.py][line:132][INFO] [Run 2 | Epoch 284] Val Acc 0.7605, Val Precision 0.6613, Val Recall 0.6398, Val F1 0.6467
[2026-03-04 15:35:58,278][mainapp.py][line:134][INFO] [Run 2 | Epoch 284] Train Acc 0.8530, Train Precision 0.8315, Train Recall 0.7846,Train F1 0.8042
[2026-03-04 15:38:04,301][mainapp.py][line:132][INFO] [Run 2 | Epoch 285] Val Acc 0.7630, Val Precision 0.6591, Val Recall 0.6432, Val F1 0.6485
[2026-03-04 15:38:04,302][mainapp.py][line:134][INFO] [Run 2 | Epoch 285] Train Acc 0.8435, Train Precision 0.8163, Train Recall 0.7760,Train F1 0.7925
[2026-03-04 15:40:09,672][mainapp.py][line:132][INFO] [Run 2 | Epoch 286] Val Acc 0.7605, Val Precision 0.6661, Val Recall 0.6372, Val F1 0.6482
[2026-03-04 15:40:09,672][mainapp.py][line:134][INFO] [Run 2 | Epoch 286] Train Acc 0.8444, Train Precision 0.8204, Train Recall 0.7798,Train F1 0.7964
[2026-03-04 15:42:13,601][mainapp.py][line:132][INFO] [Run 2 | Epoch 287] Val Acc 0.7654, Val Precision 0.6652, Val Recall 0.6463, Val F1 0.6534
[2026-03-04 15:42:13,602][mainapp.py][line:134][INFO] [Run 2 | Epoch 287] Train Acc 0.8447, Train Precision 0.8208, Train Recall 0.7784,Train F1 0.7961
[2026-03-04 15:44:18,132][mainapp.py][line:132][INFO] [Run 2 | Epoch 288] Val Acc 0.7593, Val Precision 0.6573, Val Recall 0.6418, Val F1 0.6475
[2026-03-04 15:44:18,132][mainapp.py][line:134][INFO] [Run 2 | Epoch 288] Train Acc 0.8420, Train Precision 0.8172, Train Recall 0.7774,Train F1 0.7943
[2026-03-04 15:46:25,620][mainapp.py][line:132][INFO] [Run 2 | Epoch 289] Val Acc 0.7556, Val Precision 0.6593, Val Recall 0.6336, Val F1 0.6432
[2026-03-04 15:46:25,621][mainapp.py][line:134][INFO] [Run 2 | Epoch 289] Train Acc 0.8429, Train Precision 0.8191, Train Recall 0.7686,Train F1 0.7898
[2026-03-04 15:48:30,019][mainapp.py][line:132][INFO] [Run 2 | Epoch 290] Val Acc 0.7543, Val Precision 0.6613, Val Recall 0.6319, Val F1 0.6422
[2026-03-04 15:48:30,020][mainapp.py][line:134][INFO] [Run 2 | Epoch 290] Train Acc 0.8451, Train Precision 0.8214, Train Recall 0.7725,Train F1 0.7926
[2026-03-04 15:50:36,420][mainapp.py][line:132][INFO] [Run 2 | Epoch 291] Val Acc 0.7568, Val Precision 0.6639, Val Recall 0.6362, Val F1 0.6454
[2026-03-04 15:50:36,421][mainapp.py][line:134][INFO] [Run 2 | Epoch 291] Train Acc 0.8447, Train Precision 0.8210, Train Recall 0.7837,Train F1 0.7995
[2026-03-04 15:52:43,689][mainapp.py][line:132][INFO] [Run 2 | Epoch 292] Val Acc 0.7580, Val Precision 0.6635, Val Recall 0.6371, Val F1 0.6461
[2026-03-04 15:52:43,690][mainapp.py][line:134][INFO] [Run 2 | Epoch 292] Train Acc 0.8539, Train Precision 0.8286, Train Recall 0.7903,Train F1 0.8067
[2026-03-04 15:54:50,373][mainapp.py][line:132][INFO] [Run 2 | Epoch 293] Val Acc 0.7556, Val Precision 0.6590, Val Recall 0.6336, Val F1 0.6427
[2026-03-04 15:54:50,374][mainapp.py][line:134][INFO] [Run 2 | Epoch 293] Train Acc 0.8472, Train Precision 0.8288, Train Recall 0.7883,Train F1 0.8060
[2026-03-04 15:56:57,010][mainapp.py][line:132][INFO] [Run 2 | Epoch 294] Val Acc 0.7580, Val Precision 0.6646, Val Recall 0.6304, Val F1 0.6433
[2026-03-04 15:56:57,010][mainapp.py][line:134][INFO] [Run 2 | Epoch 294] Train Acc 0.8545, Train Precision 0.8280, Train Recall 0.7945,Train F1 0.8094
[2026-03-04 15:59:02,224][mainapp.py][line:132][INFO] [Run 2 | Epoch 295] Val Acc 0.7617, Val Precision 0.6704, Val Recall 0.6424, Val F1 0.6527
[2026-03-04 15:59:02,224][mainapp.py][line:134][INFO] [Run 2 | Epoch 295] Train Acc 0.8502, Train Precision 0.8291, Train Recall 0.7890,Train F1 0.8059
[2026-03-04 16:01:07,712][mainapp.py][line:132][INFO] [Run 2 | Epoch 296] Val Acc 0.7605, Val Precision 0.6657, Val Recall 0.6433, Val F1 0.6509
[2026-03-04 16:01:07,712][mainapp.py][line:134][INFO] [Run 2 | Epoch 296] Train Acc 0.8377, Train Precision 0.8124, Train Recall 0.7698,Train F1 0.7882
[2026-03-04 16:03:14,077][mainapp.py][line:132][INFO] [Run 2 | Epoch 297] Val Acc 0.7605, Val Precision 0.6612, Val Recall 0.6428, Val F1 0.6494
[2026-03-04 16:03:14,078][mainapp.py][line:134][INFO] [Run 2 | Epoch 297] Train Acc 0.8460, Train Precision 0.8199, Train Recall 0.7763,Train F1 0.7947
[2026-03-04 16:05:23,469][mainapp.py][line:132][INFO] [Run 2 | Epoch 298] Val Acc 0.7568, Val Precision 0.6616, Val Recall 0.6313, Val F1 0.6419
[2026-03-04 16:05:23,469][mainapp.py][line:134][INFO] [Run 2 | Epoch 298] Train Acc 0.8420, Train Precision 0.8215, Train Recall 0.7786,Train F1 0.7974
[2026-03-04 16:07:33,111][mainapp.py][line:132][INFO] [Run 2 | Epoch 299] Val Acc 0.7593, Val Precision 0.6572, Val Recall 0.6370, Val F1 0.6442
[2026-03-04 16:07:33,112][mainapp.py][line:134][INFO] [Run 2 | Epoch 299] Train Acc 0.8502, Train Precision 0.8298, Train Recall 0.7822,Train F1 0.8021
