[2026-03-03 07:24:13,791][jit_analysis.py][line:499][WARNING] Unsupported operator aten::mean encountered 9 time(s)
[2026-03-03 07:24:13,792][jit_analysis.py][line:499][WARNING] Unsupported operator aten::sub encountered 8 time(s)
[2026-03-03 07:24:13,792][jit_analysis.py][line:499][WARNING] Unsupported operator aten::pow encountered 4 time(s)
[2026-03-03 07:24:13,792][jit_analysis.py][line:499][WARNING] Unsupported operator aten::add encountered 44 time(s)
[2026-03-03 07:24:13,792][jit_analysis.py][line:499][WARNING] Unsupported operator aten::sqrt encountered 4 time(s)
[2026-03-03 07:24:13,792][jit_analysis.py][line:499][WARNING] Unsupported operator aten::div encountered 4 time(s)
[2026-03-03 07:24:13,792][jit_analysis.py][line:499][WARNING] Unsupported operator aten::mul encountered 40 time(s)
[2026-03-03 07:24:13,792][jit_analysis.py][line:499][WARNING] Unsupported operator aten::gelu encountered 36 time(s)
[2026-03-03 07:24:13,792][jit_analysis.py][line:511][WARNING] The following submodules of the model were never called during the trace of the graph. They may be unused, or they were accessed by direct calls to .forward() or via other python methods. In the latter case they will have zeros for statistics, though their statistics will still contribute to their parent calling module.
stages.0.1.drop_path, stages.0.2.drop_path, stages.1.0.drop_path, stages.1.1.drop_path, stages.1.2.drop_path, stages.2.0.drop_path, stages.2.1.drop_path, stages.2.10.drop_path, stages.2.11.drop_path, stages.2.12.drop_path, stages.2.13.drop_path, stages.2.14.drop_path, stages.2.15.drop_path, stages.2.16.drop_path, stages.2.17.drop_path, stages.2.18.drop_path, stages.2.19.drop_path, stages.2.2.drop_path, stages.2.20.drop_path, stages.2.21.drop_path, stages.2.22.drop_path, stages.2.23.drop_path, stages.2.24.drop_path, stages.2.25.drop_path, stages.2.26.drop_path, stages.2.3.drop_path, stages.2.4.drop_path, stages.2.5.drop_path, stages.2.6.drop_path, stages.2.7.drop_path, stages.2.8.drop_path, stages.2.9.drop_path, stages.3.0.drop_path, stages.3.1.drop_path, stages.3.2.drop_path
[2026-03-03 07:27:48,698][mainapp.py][line:183][INFO] [Run 1 | Epoch 0] Val Acc 0.2815, Val Precision 0.1656, Val Recall 0.2208, Val F1 0.1700
[2026-03-03 07:27:48,698][mainapp.py][line:187][INFO] [Run 1 | Epoch 0] Train Acc 0.3163, Train Precision 0.1733, Train Recall 0.1795,Train F1 0.1339
[2026-03-03 07:31:27,197][mainapp.py][line:183][INFO] [Run 1 | Epoch 1] Val Acc 0.3593, Val Precision 0.1041, Val Recall 0.1941, Val F1 0.1354
[2026-03-03 07:31:27,198][mainapp.py][line:187][INFO] [Run 1 | Epoch 1] Train Acc 0.3452, Train Precision 0.0953, Train Recall 0.1749,Train F1 0.1224
[2026-03-03 07:35:01,108][mainapp.py][line:183][INFO] [Run 1 | Epoch 2] Val Acc 0.3716, Val Precision 0.1311, Val Recall 0.1707, Val F1 0.1230
[2026-03-03 07:35:01,108][mainapp.py][line:187][INFO] [Run 1 | Epoch 2] Train Acc 0.3556, Train Precision 0.0990, Train Recall 0.1755,Train F1 0.1237
[2026-03-03 07:38:32,488][mainapp.py][line:183][INFO] [Run 1 | Epoch 3] Val Acc 0.3395, Val Precision 0.0495, Val Recall 0.1403, Val F1 0.0732
[2026-03-03 07:38:32,489][mainapp.py][line:187][INFO] [Run 1 | Epoch 3] Train Acc 0.3434, Train Precision 0.1850, Train Recall 0.1455,Train F1 0.0794
[2026-03-03 07:42:01,821][mainapp.py][line:183][INFO] [Run 1 | Epoch 4] Val Acc 0.3568, Val Precision 0.1094, Val Recall 0.1541, Val F1 0.0968
[2026-03-03 07:42:01,822][mainapp.py][line:187][INFO] [Run 1 | Epoch 4] Train Acc 0.3455, Train Precision 0.0957, Train Recall 0.1504,Train F1 0.0924
[2026-03-03 07:45:32,124][mainapp.py][line:183][INFO] [Run 1 | Epoch 5] Val Acc 0.3457, Val Precision 0.0494, Val Recall 0.1429, Val F1 0.0734
[2026-03-03 07:45:32,124][mainapp.py][line:187][INFO] [Run 1 | Epoch 5] Train Acc 0.3419, Train Precision 0.2631, Train Recall 0.1436,Train F1 0.0742
[2026-03-03 07:49:04,196][mainapp.py][line:183][INFO] [Run 1 | Epoch 6] Val Acc 0.3852, Val Precision 0.1278, Val Recall 0.1867, Val F1 0.1392
[2026-03-03 07:49:04,196][mainapp.py][line:187][INFO] [Run 1 | Epoch 6] Train Acc 0.3537, Train Precision 0.1335, Train Recall 0.1629,Train F1 0.1116
[2026-03-03 07:52:36,352][mainapp.py][line:183][INFO] [Run 1 | Epoch 7] Val Acc 0.3815, Val Precision 0.2431, Val Recall 0.1914, Val F1 0.1576
[2026-03-03 07:52:36,352][mainapp.py][line:187][INFO] [Run 1 | Epoch 7] Train Acc 0.3580, Train Precision 0.1968, Train Recall 0.1600,Train F1 0.1058
[2026-03-03 07:56:06,332][mainapp.py][line:183][INFO] [Run 1 | Epoch 8] Val Acc 0.4074, Val Precision 0.1405, Val Recall 0.1940, Val F1 0.1445
[2026-03-03 07:56:06,333][mainapp.py][line:187][INFO] [Run 1 | Epoch 8] Train Acc 0.4435, Train Precision 0.1904, Train Recall 0.2313,Train F1 0.1930
[2026-03-03 07:59:35,777][mainapp.py][line:183][INFO] [Run 1 | Epoch 9] Val Acc 0.5086, Val Precision 0.2028, Val Recall 0.2729, Val F1 0.2073
[2026-03-03 07:59:35,778][mainapp.py][line:187][INFO] [Run 1 | Epoch 9] Train Acc 0.5087, Train Precision 0.2103, Train Recall 0.2813,Train F1 0.2317
[2026-03-03 08:03:06,592][mainapp.py][line:183][INFO] [Run 1 | Epoch 10] Val Acc 0.5630, Val Precision 0.2791, Val Recall 0.3172, Val F1 0.2690
[2026-03-03 08:03:06,593][mainapp.py][line:187][INFO] [Run 1 | Epoch 10] Train Acc 0.5428, Train Precision 0.3240, Train Recall 0.3112,Train F1 0.2633
[2026-03-03 08:06:38,221][mainapp.py][line:183][INFO] [Run 1 | Epoch 11] Val Acc 0.5173, Val Precision 0.2262, Val Recall 0.2807, Val F1 0.2129
[2026-03-03 08:06:38,222][mainapp.py][line:187][INFO] [Run 1 | Epoch 11] Train Acc 0.5221, Train Precision 0.3117, Train Recall 0.2910,Train F1 0.2438
[2026-03-03 08:10:09,530][mainapp.py][line:183][INFO] [Run 1 | Epoch 12] Val Acc 0.5988, Val Precision 0.4021, Val Recall 0.3485, Val F1 0.3044
[2026-03-03 08:10:09,531][mainapp.py][line:187][INFO] [Run 1 | Epoch 12] Train Acc 0.5693, Train Precision 0.4748, Train Recall 0.3348,Train F1 0.2937
[2026-03-03 08:13:41,144][mainapp.py][line:183][INFO] [Run 1 | Epoch 13] Val Acc 0.5963, Val Precision 0.3674, Val Recall 0.3456, Val F1 0.2989
[2026-03-03 08:13:41,144][mainapp.py][line:187][INFO] [Run 1 | Epoch 13] Train Acc 0.5565, Train Precision 0.5514, Train Recall 0.3233,Train F1 0.2752
[2026-03-03 08:17:12,029][mainapp.py][line:183][INFO] [Run 1 | Epoch 14] Val Acc 0.5543, Val Precision 0.4556, Val Recall 0.3511, Val F1 0.3243
[2026-03-03 08:17:12,029][mainapp.py][line:187][INFO] [Run 1 | Epoch 14] Train Acc 0.5641, Train Precision 0.5039, Train Recall 0.3450,Train F1 0.3197
[2026-03-03 08:20:45,560][mainapp.py][line:183][INFO] [Run 1 | Epoch 15] Val Acc 0.6136, Val Precision 0.4650, Val Recall 0.3997, Val F1 0.3979
[2026-03-03 08:20:45,561][mainapp.py][line:187][INFO] [Run 1 | Epoch 15] Train Acc 0.5933, Train Precision 0.4977, Train Recall 0.3852,Train F1 0.3745
[2026-03-03 08:24:20,331][mainapp.py][line:183][INFO] [Run 1 | Epoch 16] Val Acc 0.6259, Val Precision 0.5268, Val Recall 0.4347, Val F1 0.4442
[2026-03-03 08:24:20,332][mainapp.py][line:187][INFO] [Run 1 | Epoch 16] Train Acc 0.5991, Train Precision 0.5394, Train Recall 0.3986,Train F1 0.3898
[2026-03-03 08:27:59,211][mainapp.py][line:183][INFO] [Run 1 | Epoch 17] Val Acc 0.6346, Val Precision 0.5050, Val Recall 0.4284, Val F1 0.4162
[2026-03-03 08:27:59,211][mainapp.py][line:187][INFO] [Run 1 | Epoch 17] Train Acc 0.6073, Train Precision 0.5207, Train Recall 0.4028,Train F1 0.3878
[2026-03-03 08:31:35,734][mainapp.py][line:183][INFO] [Run 1 | Epoch 18] Val Acc 0.6346, Val Precision 0.5165, Val Recall 0.4637, Val F1 0.4539
[2026-03-03 08:31:35,734][mainapp.py][line:187][INFO] [Run 1 | Epoch 18] Train Acc 0.6301, Train Precision 0.5387, Train Recall 0.4521,Train F1 0.4536
[2026-03-03 08:35:12,767][mainapp.py][line:183][INFO] [Run 1 | Epoch 19] Val Acc 0.6679, Val Precision 0.6411, Val Recall 0.5050, Val F1 0.5065
[2026-03-03 08:35:12,767][mainapp.py][line:187][INFO] [Run 1 | Epoch 19] Train Acc 0.6338, Train Precision 0.5414, Train Recall 0.4721,Train F1 0.4748
[2026-03-03 08:38:46,857][mainapp.py][line:183][INFO] [Run 1 | Epoch 20] Val Acc 0.6679, Val Precision 0.6030, Val Recall 0.5027, Val F1 0.5178
[2026-03-03 08:38:46,857][mainapp.py][line:187][INFO] [Run 1 | Epoch 20] Train Acc 0.6554, Train Precision 0.6159, Train Recall 0.4848,Train F1 0.5022
[2026-03-03 08:42:17,206][mainapp.py][line:183][INFO] [Run 1 | Epoch 21] Val Acc 0.6296, Val Precision 0.5813, Val Recall 0.4236, Val F1 0.4064
[2026-03-03 08:42:17,206][mainapp.py][line:187][INFO] [Run 1 | Epoch 21] Train Acc 0.6396, Train Precision 0.6813, Train Recall 0.4292,Train F1 0.4283
[2026-03-03 08:45:47,587][mainapp.py][line:183][INFO] [Run 1 | Epoch 22] Val Acc 0.6951, Val Precision 0.7265, Val Recall 0.5124, Val F1 0.5221
[2026-03-03 08:45:47,587][mainapp.py][line:187][INFO] [Run 1 | Epoch 22] Train Acc 0.6715, Train Precision 0.6553, Train Recall 0.5008,Train F1 0.5257
[2026-03-03 08:49:30,684][mainapp.py][line:183][INFO] [Run 1 | Epoch 23] Val Acc 0.6543, Val Precision 0.7129, Val Recall 0.4626, Val F1 0.4572
[2026-03-03 08:49:30,684][mainapp.py][line:187][INFO] [Run 1 | Epoch 23] Train Acc 0.6548, Train Precision 0.6400, Train Recall 0.4648,Train F1 0.4737
[2026-03-03 08:53:26,737][mainapp.py][line:183][INFO] [Run 1 | Epoch 24] Val Acc 0.6679, Val Precision 0.5381, Val Recall 0.4795, Val F1 0.4637
[2026-03-03 08:53:26,738][mainapp.py][line:187][INFO] [Run 1 | Epoch 24] Train Acc 0.6901, Train Precision 0.6403, Train Recall 0.5351,Train F1 0.5465
[2026-03-03 08:57:21,257][mainapp.py][line:183][INFO] [Run 1 | Epoch 25] Val Acc 0.6765, Val Precision 0.6695, Val Recall 0.4868, Val F1 0.4963
[2026-03-03 08:57:21,257][mainapp.py][line:187][INFO] [Run 1 | Epoch 25] Train Acc 0.6837, Train Precision 0.7119, Train Recall 0.4955,Train F1 0.5146
[2026-03-03 09:00:53,000][mainapp.py][line:183][INFO] [Run 1 | Epoch 26] Val Acc 0.6531, Val Precision 0.6338, Val Recall 0.4600, Val F1 0.4714
[2026-03-03 09:00:53,001][mainapp.py][line:187][INFO] [Run 1 | Epoch 26] Train Acc 0.6606, Train Precision 0.6612, Train Recall 0.4993,Train F1 0.5142
[2026-03-03 09:04:25,391][mainapp.py][line:183][INFO] [Run 1 | Epoch 27] Val Acc 0.6901, Val Precision 0.4964, Val Recall 0.5314, Val F1 0.4982
[2026-03-03 09:04:25,391][mainapp.py][line:187][INFO] [Run 1 | Epoch 27] Train Acc 0.6773, Train Precision 0.6035, Train Recall 0.5483,Train F1 0.5430
[2026-03-03 09:07:53,592][mainapp.py][line:183][INFO] [Run 1 | Epoch 28] Val Acc 0.6568, Val Precision 0.6089, Val Recall 0.5439, Val F1 0.5293
[2026-03-03 09:07:53,593][mainapp.py][line:187][INFO] [Run 1 | Epoch 28] Train Acc 0.7056, Train Precision 0.6271, Train Recall 0.5919,Train F1 0.6049
[2026-03-03 09:11:27,758][mainapp.py][line:183][INFO] [Run 1 | Epoch 29] Val Acc 0.6728, Val Precision 0.5838, Val Recall 0.5168, Val F1 0.5037
[2026-03-03 09:11:27,759][mainapp.py][line:187][INFO] [Run 1 | Epoch 29] Train Acc 0.7169, Train Precision 0.6791, Train Recall 0.5733,Train F1 0.5931
[2026-03-03 09:14:58,055][mainapp.py][line:183][INFO] [Run 1 | Epoch 30] Val Acc 0.6938, Val Precision 0.7060, Val Recall 0.5174, Val F1 0.5376
[2026-03-03 09:14:58,056][mainapp.py][line:187][INFO] [Run 1 | Epoch 30] Train Acc 0.7242, Train Precision 0.7109, Train Recall 0.5761,Train F1 0.6096
[2026-03-03 09:18:29,170][mainapp.py][line:183][INFO] [Run 1 | Epoch 31] Val Acc 0.6877, Val Precision 0.6595, Val Recall 0.5303, Val F1 0.5411
[2026-03-03 09:18:29,171][mainapp.py][line:187][INFO] [Run 1 | Epoch 31] Train Acc 0.7157, Train Precision 0.6826, Train Recall 0.5685,Train F1 0.5943
[2026-03-03 09:21:59,892][mainapp.py][line:183][INFO] [Run 1 | Epoch 32] Val Acc 0.7235, Val Precision 0.6212, Val Recall 0.5887, Val F1 0.5955
[2026-03-03 09:21:59,893][mainapp.py][line:187][INFO] [Run 1 | Epoch 32] Train Acc 0.7376, Train Precision 0.6739, Train Recall 0.6352,Train F1 0.6504
[2026-03-03 09:25:30,388][mainapp.py][line:183][INFO] [Run 1 | Epoch 33] Val Acc 0.7531, Val Precision 0.7035, Val Recall 0.6308, Val F1 0.6446
[2026-03-03 09:25:30,388][mainapp.py][line:187][INFO] [Run 1 | Epoch 33] Train Acc 0.7437, Train Precision 0.6929, Train Recall 0.6531,Train F1 0.6683
[2026-03-03 09:29:02,325][mainapp.py][line:183][INFO] [Run 1 | Epoch 34] Val Acc 0.6988, Val Precision 0.6104, Val Recall 0.5583, Val F1 0.5682
[2026-03-03 09:29:02,325][mainapp.py][line:187][INFO] [Run 1 | Epoch 34] Train Acc 0.7126, Train Precision 0.6607, Train Recall 0.6093,Train F1 0.6168
[2026-03-03 09:32:33,512][mainapp.py][line:183][INFO] [Run 1 | Epoch 35] Val Acc 0.6667, Val Precision 0.6710, Val Recall 0.5936, Val F1 0.5841
[2026-03-03 09:32:33,513][mainapp.py][line:187][INFO] [Run 1 | Epoch 35] Train Acc 0.6989, Train Precision 0.6857, Train Recall 0.6362,Train F1 0.6307
[2026-03-03 09:36:03,506][mainapp.py][line:183][INFO] [Run 1 | Epoch 36] Val Acc 0.7444, Val Precision 0.6359, Val Recall 0.6009, Val F1 0.5981
[2026-03-03 09:36:03,506][mainapp.py][line:187][INFO] [Run 1 | Epoch 36] Train Acc 0.7300, Train Precision 0.6505, Train Recall 0.6254,Train F1 0.6273
[2026-03-03 09:39:35,923][mainapp.py][line:183][INFO] [Run 1 | Epoch 37] Val Acc 0.7111, Val Precision 0.6403, Val Recall 0.5446, Val F1 0.5599
[2026-03-03 09:39:35,923][mainapp.py][line:187][INFO] [Run 1 | Epoch 37] Train Acc 0.7367, Train Precision 0.7228, Train Recall 0.5977,Train F1 0.6337
[2026-03-03 09:43:06,301][mainapp.py][line:183][INFO] [Run 1 | Epoch 38] Val Acc 0.7395, Val Precision 0.6967, Val Recall 0.6373, Val F1 0.6510
[2026-03-03 09:43:06,301][mainapp.py][line:187][INFO] [Run 1 | Epoch 38] Train Acc 0.7589, Train Precision 0.7156, Train Recall 0.6610,Train F1 0.6714
[2026-03-03 09:46:38,442][mainapp.py][line:183][INFO] [Run 1 | Epoch 39] Val Acc 0.7494, Val Precision 0.7048, Val Recall 0.5898, Val F1 0.6079
[2026-03-03 09:46:38,442][mainapp.py][line:187][INFO] [Run 1 | Epoch 39] Train Acc 0.7845, Train Precision 0.7629, Train Recall 0.6666,Train F1 0.6946
[2026-03-03 09:50:10,977][mainapp.py][line:183][INFO] [Run 1 | Epoch 40] Val Acc 0.7407, Val Precision 0.6304, Val Recall 0.5816, Val F1 0.5724
[2026-03-03 09:50:10,977][mainapp.py][line:187][INFO] [Run 1 | Epoch 40] Train Acc 0.7772, Train Precision 0.7368, Train Recall 0.6685,Train F1 0.6853
[2026-03-03 09:53:43,687][mainapp.py][line:183][INFO] [Run 1 | Epoch 41] Val Acc 0.7444, Val Precision 0.7558, Val Recall 0.6005, Val F1 0.6179
[2026-03-03 09:53:43,688][mainapp.py][line:187][INFO] [Run 1 | Epoch 41] Train Acc 0.7689, Train Precision 0.7591, Train Recall 0.6475,Train F1 0.6711
[2026-03-03 09:57:14,423][mainapp.py][line:183][INFO] [Run 1 | Epoch 42] Val Acc 0.7580, Val Precision 0.6771, Val Recall 0.5963, Val F1 0.6090
[2026-03-03 09:57:14,424][mainapp.py][line:187][INFO] [Run 1 | Epoch 42] Train Acc 0.7857, Train Precision 0.7473, Train Recall 0.6920,Train F1 0.7091
[2026-03-03 10:01:02,501][mainapp.py][line:183][INFO] [Run 1 | Epoch 43] Val Acc 0.7753, Val Precision 0.7760, Val Recall 0.6183, Val F1 0.6341
[2026-03-03 10:01:02,501][mainapp.py][line:187][INFO] [Run 1 | Epoch 43] Train Acc 0.7866, Train Precision 0.7637, Train Recall 0.6678,Train F1 0.6926
[2026-03-03 10:05:00,962][mainapp.py][line:183][INFO] [Run 1 | Epoch 44] Val Acc 0.7457, Val Precision 0.6918, Val Recall 0.5987, Val F1 0.6140
[2026-03-03 10:05:00,963][mainapp.py][line:187][INFO] [Run 1 | Epoch 44] Train Acc 0.7796, Train Precision 0.7573, Train Recall 0.6651,Train F1 0.6913
[2026-03-03 10:08:59,777][mainapp.py][line:183][INFO] [Run 1 | Epoch 45] Val Acc 0.7716, Val Precision 0.7391, Val Recall 0.6290, Val F1 0.6422
[2026-03-03 10:08:59,777][mainapp.py][line:187][INFO] [Run 1 | Epoch 45] Train Acc 0.7988, Train Precision 0.7815, Train Recall 0.7056,Train F1 0.7292
[2026-03-03 10:12:58,492][mainapp.py][line:183][INFO] [Run 1 | Epoch 46] Val Acc 0.7630, Val Precision 0.6934, Val Recall 0.6320, Val F1 0.6473
[2026-03-03 10:12:58,493][mainapp.py][line:187][INFO] [Run 1 | Epoch 46] Train Acc 0.8003, Train Precision 0.7581, Train Recall 0.7264,Train F1 0.7396
[2026-03-03 10:17:00,263][mainapp.py][line:183][INFO] [Run 1 | Epoch 47] Val Acc 0.7519, Val Precision 0.7146, Val Recall 0.6201, Val F1 0.6366
[2026-03-03 10:17:00,264][mainapp.py][line:187][INFO] [Run 1 | Epoch 47] Train Acc 0.7997, Train Precision 0.7648, Train Recall 0.7258,Train F1 0.7416
[2026-03-03 10:20:59,658][mainapp.py][line:183][INFO] [Run 1 | Epoch 48] Val Acc 0.8037, Val Precision 0.7513, Val Recall 0.6795, Val F1 0.7036
[2026-03-03 10:20:59,659][mainapp.py][line:187][INFO] [Run 1 | Epoch 48] Train Acc 0.8021, Train Precision 0.7580, Train Recall 0.7318,Train F1 0.7393
[2026-03-03 10:24:59,533][mainapp.py][line:183][INFO] [Run 1 | Epoch 49] Val Acc 0.7321, Val Precision 0.7354, Val Recall 0.5744, Val F1 0.6010
[2026-03-03 10:24:59,533][mainapp.py][line:187][INFO] [Run 1 | Epoch 49] Train Acc 0.7811, Train Precision 0.8048, Train Recall 0.6636,Train F1 0.7015
[2026-03-03 10:28:58,643][mainapp.py][line:183][INFO] [Run 1 | Epoch 50] Val Acc 0.7605, Val Precision 0.6861, Val Recall 0.6088, Val F1 0.6358
[2026-03-03 10:28:58,644][mainapp.py][line:187][INFO] [Run 1 | Epoch 50] Train Acc 0.7896, Train Precision 0.8049, Train Recall 0.6801,Train F1 0.7198
[2026-03-03 10:32:55,357][mainapp.py][line:183][INFO] [Run 1 | Epoch 51] Val Acc 0.7704, Val Precision 0.6920, Val Recall 0.6552, Val F1 0.6537
[2026-03-03 10:32:55,357][mainapp.py][line:187][INFO] [Run 1 | Epoch 51] Train Acc 0.7699, Train Precision 0.7452, Train Recall 0.7253,Train F1 0.7207
[2026-03-03 10:36:53,544][mainapp.py][line:183][INFO] [Run 1 | Epoch 52] Val Acc 0.7333, Val Precision 0.6219, Val Recall 0.6019, Val F1 0.6086
[2026-03-03 10:36:53,545][mainapp.py][line:187][INFO] [Run 1 | Epoch 52] Train Acc 0.8259, Train Precision 0.7806, Train Recall 0.7665,Train F1 0.7727
[2026-03-03 10:40:50,386][mainapp.py][line:183][INFO] [Run 1 | Epoch 53] Val Acc 0.7556, Val Precision 0.7614, Val Recall 0.6031, Val F1 0.6243
[2026-03-03 10:40:50,386][mainapp.py][line:187][INFO] [Run 1 | Epoch 53] Train Acc 0.8021, Train Precision 0.8167, Train Recall 0.6816,Train F1 0.7205
[2026-03-03 10:44:51,007][mainapp.py][line:183][INFO] [Run 1 | Epoch 54] Val Acc 0.7494, Val Precision 0.6790, Val Recall 0.6060, Val F1 0.6190
[2026-03-03 10:44:51,007][mainapp.py][line:187][INFO] [Run 1 | Epoch 54] Train Acc 0.7985, Train Precision 0.8296, Train Recall 0.6801,Train F1 0.7194
[2026-03-03 10:48:48,310][mainapp.py][line:183][INFO] [Run 1 | Epoch 55] Val Acc 0.7753, Val Precision 0.7011, Val Recall 0.6747, Val F1 0.6727
[2026-03-03 10:48:48,310][mainapp.py][line:187][INFO] [Run 1 | Epoch 55] Train Acc 0.7872, Train Precision 0.7592, Train Recall 0.7436,Train F1 0.7343
[2026-03-03 10:52:46,501][mainapp.py][line:183][INFO] [Run 1 | Epoch 56] Val Acc 0.7802, Val Precision 0.7178, Val Recall 0.6335, Val F1 0.6423
[2026-03-03 10:52:46,502][mainapp.py][line:187][INFO] [Run 1 | Epoch 56] Train Acc 0.8447, Train Precision 0.8355, Train Recall 0.7760,Train F1 0.8002
[2026-03-03 10:56:44,059][mainapp.py][line:183][INFO] [Run 1 | Epoch 57] Val Acc 0.7704, Val Precision 0.7083, Val Recall 0.6302, Val F1 0.6505
[2026-03-03 10:56:44,060][mainapp.py][line:187][INFO] [Run 1 | Epoch 57] Train Acc 0.8280, Train Precision 0.8142, Train Recall 0.7555,Train F1 0.7797
[2026-03-03 11:00:40,789][mainapp.py][line:183][INFO] [Run 1 | Epoch 58] Val Acc 0.7914, Val Precision 0.6955, Val Recall 0.6621, Val F1 0.6735
[2026-03-03 11:00:40,790][mainapp.py][line:187][INFO] [Run 1 | Epoch 58] Train Acc 0.8447, Train Precision 0.8227, Train Recall 0.7728,Train F1 0.7939
[2026-03-03 11:04:38,845][mainapp.py][line:183][INFO] [Run 1 | Epoch 59] Val Acc 0.7790, Val Precision 0.6785, Val Recall 0.6806, Val F1 0.6719
[2026-03-03 11:04:38,846][mainapp.py][line:187][INFO] [Run 1 | Epoch 59] Train Acc 0.8444, Train Precision 0.8151, Train Recall 0.7986,Train F1 0.8007
[2026-03-03 11:08:39,438][mainapp.py][line:183][INFO] [Run 1 | Epoch 60] Val Acc 0.7877, Val Precision 0.7015, Val Recall 0.6795, Val F1 0.6865
[2026-03-03 11:08:39,438][mainapp.py][line:187][INFO] [Run 1 | Epoch 60] Train Acc 0.8566, Train Precision 0.8363, Train Recall 0.8048,Train F1 0.8188
[2026-03-03 11:12:37,855][mainapp.py][line:183][INFO] [Run 1 | Epoch 61] Val Acc 0.7568, Val Precision 0.6919, Val Recall 0.6508, Val F1 0.6624
[2026-03-03 11:12:37,856][mainapp.py][line:187][INFO] [Run 1 | Epoch 61] Train Acc 0.8222, Train Precision 0.8119, Train Recall 0.7415,Train F1 0.7671
[2026-03-03 11:16:36,931][mainapp.py][line:183][INFO] [Run 1 | Epoch 62] Val Acc 0.7864, Val Precision 0.6994, Val Recall 0.6614, Val F1 0.6757
[2026-03-03 11:16:36,932][mainapp.py][line:187][INFO] [Run 1 | Epoch 62] Train Acc 0.8481, Train Precision 0.8521, Train Recall 0.7830,Train F1 0.8103
[2026-03-03 11:20:35,002][mainapp.py][line:183][INFO] [Run 1 | Epoch 63] Val Acc 0.8049, Val Precision 0.7298, Val Recall 0.6766, Val F1 0.6973
[2026-03-03 11:20:35,002][mainapp.py][line:187][INFO] [Run 1 | Epoch 63] Train Acc 0.8612, Train Precision 0.8589, Train Recall 0.7963,Train F1 0.8220
[2026-03-03 11:24:34,284][mainapp.py][line:183][INFO] [Run 1 | Epoch 64] Val Acc 0.7778, Val Precision 0.6984, Val Recall 0.6444, Val F1 0.6490
[2026-03-03 11:24:34,284][mainapp.py][line:187][INFO] [Run 1 | Epoch 64] Train Acc 0.8521, Train Precision 0.8599, Train Recall 0.7812,Train F1 0.8098
[2026-03-03 11:28:34,021][mainapp.py][line:183][INFO] [Run 1 | Epoch 65] Val Acc 0.7901, Val Precision 0.7154, Val Recall 0.6620, Val F1 0.6759
[2026-03-03 11:28:34,021][mainapp.py][line:187][INFO] [Run 1 | Epoch 65] Train Acc 0.8609, Train Precision 0.8801, Train Recall 0.7879,Train F1 0.8243
[2026-03-03 11:32:32,093][mainapp.py][line:183][INFO] [Run 1 | Epoch 66] Val Acc 0.8062, Val Precision 0.7411, Val Recall 0.7032, Val F1 0.7174
[2026-03-03 11:32:32,094][mainapp.py][line:187][INFO] [Run 1 | Epoch 66] Train Acc 0.8472, Train Precision 0.8244, Train Recall 0.7965,Train F1 0.8087
[2026-03-03 11:36:30,627][mainapp.py][line:183][INFO] [Run 1 | Epoch 67] Val Acc 0.8037, Val Precision 0.7258, Val Recall 0.7161, Val F1 0.7106
[2026-03-03 11:36:30,628][mainapp.py][line:187][INFO] [Run 1 | Epoch 67] Train Acc 0.8393, Train Precision 0.8124, Train Recall 0.7937,Train F1 0.7988
[2026-03-03 11:40:29,939][mainapp.py][line:183][INFO] [Run 1 | Epoch 68] Val Acc 0.7901, Val Precision 0.7234, Val Recall 0.6771, Val F1 0.6915
[2026-03-03 11:40:29,940][mainapp.py][line:187][INFO] [Run 1 | Epoch 68] Train Acc 0.8667, Train Precision 0.8514, Train Recall 0.8238,Train F1 0.8343
[2026-03-03 11:44:28,214][mainapp.py][line:183][INFO] [Run 1 | Epoch 69] Val Acc 0.7852, Val Precision 0.7039, Val Recall 0.6729, Val F1 0.6821
[2026-03-03 11:44:28,214][mainapp.py][line:187][INFO] [Run 1 | Epoch 69] Train Acc 0.8697, Train Precision 0.8538, Train Recall 0.8212,Train F1 0.8358
[2026-03-03 11:48:25,906][mainapp.py][line:183][INFO] [Run 1 | Epoch 70] Val Acc 0.8037, Val Precision 0.7281, Val Recall 0.6862, Val F1 0.7019
[2026-03-03 11:48:25,907][mainapp.py][line:187][INFO] [Run 1 | Epoch 70] Train Acc 0.8767, Train Precision 0.8895, Train Recall 0.8235,Train F1 0.8509
[2026-03-03 11:52:22,470][mainapp.py][line:183][INFO] [Run 1 | Epoch 71] Val Acc 0.8099, Val Precision 0.7537, Val Recall 0.7001, Val F1 0.7116
[2026-03-03 11:52:22,470][mainapp.py][line:187][INFO] [Run 1 | Epoch 71] Train Acc 0.8740, Train Precision 0.8719, Train Recall 0.8178,Train F1 0.8397
[2026-03-03 11:56:21,863][mainapp.py][line:183][INFO] [Run 1 | Epoch 72] Val Acc 0.8099, Val Precision 0.7255, Val Recall 0.7029, Val F1 0.7093
[2026-03-03 11:56:21,864][mainapp.py][line:187][INFO] [Run 1 | Epoch 72] Train Acc 0.8527, Train Precision 0.8559, Train Recall 0.7874,Train F1 0.8112
[2026-03-03 12:00:20,000][mainapp.py][line:183][INFO] [Run 1 | Epoch 73] Val Acc 0.7938, Val Precision 0.7222, Val Recall 0.6696, Val F1 0.6889
[2026-03-03 12:00:20,000][mainapp.py][line:187][INFO] [Run 1 | Epoch 73] Train Acc 0.8670, Train Precision 0.8828, Train Recall 0.7994,Train F1 0.8331
[2026-03-03 12:04:19,484][mainapp.py][line:183][INFO] [Run 1 | Epoch 74] Val Acc 0.7877, Val Precision 0.6967, Val Recall 0.6573, Val F1 0.6628
[2026-03-03 12:04:19,485][mainapp.py][line:187][INFO] [Run 1 | Epoch 74] Train Acc 0.8740, Train Precision 0.8797, Train Recall 0.8211,Train F1 0.8458
[2026-03-03 12:08:18,873][mainapp.py][line:183][INFO] [Run 1 | Epoch 75] Val Acc 0.8086, Val Precision 0.7453, Val Recall 0.6940, Val F1 0.7020
[2026-03-03 12:08:18,874][mainapp.py][line:187][INFO] [Run 1 | Epoch 75] Train Acc 0.8502, Train Precision 0.8666, Train Recall 0.7850,Train F1 0.8137
[2026-03-03 12:12:17,714][mainapp.py][line:183][INFO] [Run 1 | Epoch 76] Val Acc 0.8025, Val Precision 0.7417, Val Recall 0.7155, Val F1 0.7183
[2026-03-03 12:12:17,715][mainapp.py][line:187][INFO] [Run 1 | Epoch 76] Train Acc 0.8825, Train Precision 0.8886, Train Recall 0.8484,Train F1 0.8659
[2026-03-03 12:16:18,847][mainapp.py][line:183][INFO] [Run 1 | Epoch 77] Val Acc 0.7963, Val Precision 0.7159, Val Recall 0.6876, Val F1 0.6990
[2026-03-03 12:16:18,847][mainapp.py][line:187][INFO] [Run 1 | Epoch 77] Train Acc 0.8901, Train Precision 0.8891, Train Recall 0.8530,Train F1 0.8692
[2026-03-03 12:20:19,699][mainapp.py][line:183][INFO] [Run 1 | Epoch 78] Val Acc 0.8049, Val Precision 0.7422, Val Recall 0.6817, Val F1 0.7047
[2026-03-03 12:20:19,699][mainapp.py][line:187][INFO] [Run 1 | Epoch 78] Train Acc 0.8350, Train Precision 0.8514, Train Recall 0.7654,Train F1 0.7918
[2026-03-03 12:24:16,547][mainapp.py][line:183][INFO] [Run 1 | Epoch 79] Val Acc 0.8000, Val Precision 0.7266, Val Recall 0.6669, Val F1 0.6882
[2026-03-03 12:24:16,547][mainapp.py][line:187][INFO] [Run 1 | Epoch 79] Train Acc 0.8664, Train Precision 0.8802, Train Recall 0.8099,Train F1 0.8368
[2026-03-03 12:28:16,910][mainapp.py][line:183][INFO] [Run 1 | Epoch 80] Val Acc 0.8123, Val Precision 0.7615, Val Recall 0.7018, Val F1 0.7152
[2026-03-03 12:28:16,910][mainapp.py][line:187][INFO] [Run 1 | Epoch 80] Train Acc 0.8648, Train Precision 0.8669, Train Recall 0.8130,Train F1 0.8348
[2026-03-03 12:32:15,647][mainapp.py][line:183][INFO] [Run 1 | Epoch 81] Val Acc 0.7889, Val Precision 0.6837, Val Recall 0.6512, Val F1 0.6592
[2026-03-03 12:32:15,648][mainapp.py][line:187][INFO] [Run 1 | Epoch 81] Train Acc 0.8664, Train Precision 0.8661, Train Recall 0.8085,Train F1 0.8280
[2026-03-03 12:36:17,985][mainapp.py][line:183][INFO] [Run 1 | Epoch 82] Val Acc 0.8074, Val Precision 0.7476, Val Recall 0.7182, Val F1 0.7295
[2026-03-03 12:36:17,985][mainapp.py][line:187][INFO] [Run 1 | Epoch 82] Train Acc 0.8795, Train Precision 0.8713, Train Recall 0.8395,Train F1 0.8536
[2026-03-03 12:40:17,447][mainapp.py][line:183][INFO] [Run 1 | Epoch 83] Val Acc 0.7951, Val Precision 0.7278, Val Recall 0.7304, Val F1 0.7181
[2026-03-03 12:40:17,448][mainapp.py][line:187][INFO] [Run 1 | Epoch 83] Train Acc 0.8508, Train Precision 0.8312, Train Recall 0.8227,Train F1 0.8208
[2026-03-03 12:44:18,420][mainapp.py][line:183][INFO] [Run 1 | Epoch 84] Val Acc 0.7901, Val Precision 0.7187, Val Recall 0.6946, Val F1 0.6959
[2026-03-03 12:44:18,420][mainapp.py][line:187][INFO] [Run 1 | Epoch 84] Train Acc 0.8651, Train Precision 0.8531, Train Recall 0.8237,Train F1 0.8329
[2026-03-03 12:48:17,648][mainapp.py][line:183][INFO] [Run 1 | Epoch 85] Val Acc 0.8173, Val Precision 0.7564, Val Recall 0.7129, Val F1 0.7279
[2026-03-03 12:48:17,648][mainapp.py][line:187][INFO] [Run 1 | Epoch 85] Train Acc 0.8892, Train Precision 0.8958, Train Recall 0.8331,Train F1 0.8603
[2026-03-03 12:52:15,768][mainapp.py][line:183][INFO] [Run 1 | Epoch 86] Val Acc 0.8000, Val Precision 0.7216, Val Recall 0.7048, Val F1 0.7084
[2026-03-03 12:52:15,769][mainapp.py][line:187][INFO] [Run 1 | Epoch 86] Train Acc 0.8779, Train Precision 0.8884, Train Recall 0.8346,Train F1 0.8568
[2026-03-03 12:56:15,788][mainapp.py][line:183][INFO] [Run 1 | Epoch 87] Val Acc 0.7988, Val Precision 0.7158, Val Recall 0.6985, Val F1 0.7042
[2026-03-03 12:56:15,788][mainapp.py][line:187][INFO] [Run 1 | Epoch 87] Train Acc 0.8989, Train Precision 0.9051, Train Recall 0.8646,Train F1 0.8830
[2026-03-03 13:00:14,807][mainapp.py][line:183][INFO] [Run 1 | Epoch 88] Val Acc 0.7975, Val Precision 0.7152, Val Recall 0.7001, Val F1 0.7037
[2026-03-03 13:00:14,808][mainapp.py][line:187][INFO] [Run 1 | Epoch 88] Train Acc 0.8779, Train Precision 0.8681, Train Recall 0.8410,Train F1 0.8522
[2026-03-03 13:04:12,179][mainapp.py][line:183][INFO] [Run 1 | Epoch 89] Val Acc 0.7864, Val Precision 0.7358, Val Recall 0.6540, Val F1 0.6837
[2026-03-03 13:04:12,180][mainapp.py][line:187][INFO] [Run 1 | Epoch 89] Train Acc 0.8478, Train Precision 0.8658, Train Recall 0.7753,Train F1 0.8117
[2026-03-03 13:08:13,522][mainapp.py][line:183][INFO] [Run 1 | Epoch 90] Val Acc 0.8259, Val Precision 0.7681, Val Recall 0.7360, Val F1 0.7502
[2026-03-03 13:08:13,522][mainapp.py][line:187][INFO] [Run 1 | Epoch 90] Train Acc 0.9029, Train Precision 0.9085, Train Recall 0.8583,Train F1 0.8807
[2026-03-03 13:12:12,689][mainapp.py][line:183][INFO] [Run 1 | Epoch 91] Val Acc 0.7975, Val Precision 0.7434, Val Recall 0.7011, Val F1 0.7091
[2026-03-03 13:12:12,690][mainapp.py][line:187][INFO] [Run 1 | Epoch 91] Train Acc 0.8667, Train Precision 0.8578, Train Recall 0.8193,Train F1 0.8315
[2026-03-03 13:16:09,127][mainapp.py][line:183][INFO] [Run 1 | Epoch 92] Val Acc 0.7975, Val Precision 0.7446, Val Recall 0.7009, Val F1 0.7174
[2026-03-03 13:16:09,127][mainapp.py][line:187][INFO] [Run 1 | Epoch 92] Train Acc 0.8752, Train Precision 0.8726, Train Recall 0.8338,Train F1 0.8497
[2026-03-03 13:20:05,018][mainapp.py][line:183][INFO] [Run 1 | Epoch 93] Val Acc 0.8037, Val Precision 0.7487, Val Recall 0.7382, Val F1 0.7256
[2026-03-03 13:20:05,018][mainapp.py][line:187][INFO] [Run 1 | Epoch 93] Train Acc 0.8883, Train Precision 0.8795, Train Recall 0.8729,Train F1 0.8736
[2026-03-03 13:24:04,842][mainapp.py][line:183][INFO] [Run 1 | Epoch 94] Val Acc 0.8062, Val Precision 0.7555, Val Recall 0.6975, Val F1 0.7168
[2026-03-03 13:24:04,842][mainapp.py][line:187][INFO] [Run 1 | Epoch 94] Train Acc 0.8871, Train Precision 0.8948, Train Recall 0.8438,Train F1 0.8634
[2026-03-03 13:28:05,238][mainapp.py][line:183][INFO] [Run 1 | Epoch 95] Val Acc 0.8062, Val Precision 0.7307, Val Recall 0.7382, Val F1 0.7297
[2026-03-03 13:28:05,238][mainapp.py][line:187][INFO] [Run 1 | Epoch 95] Train Acc 0.8980, Train Precision 0.8854, Train Recall 0.8776,Train F1 0.8809
[2026-03-03 13:32:02,954][mainapp.py][line:183][INFO] [Run 1 | Epoch 96] Val Acc 0.7815, Val Precision 0.7138, Val Recall 0.6602, Val F1 0.6788
[2026-03-03 13:32:02,955][mainapp.py][line:187][INFO] [Run 1 | Epoch 96] Train Acc 0.8588, Train Precision 0.8737, Train Recall 0.8022,Train F1 0.8279
[2026-03-03 13:36:03,171][mainapp.py][line:183][INFO] [Run 1 | Epoch 97] Val Acc 0.8111, Val Precision 0.7271, Val Recall 0.7246, Val F1 0.7206
[2026-03-03 13:36:03,171][mainapp.py][line:187][INFO] [Run 1 | Epoch 97] Train Acc 0.9068, Train Precision 0.9127, Train Recall 0.8748,Train F1 0.8917
[2026-03-03 13:40:01,349][mainapp.py][line:183][INFO] [Run 1 | Epoch 98] Val Acc 0.7963, Val Precision 0.7271, Val Recall 0.7211, Val F1 0.7180
[2026-03-03 13:40:01,349][mainapp.py][line:187][INFO] [Run 1 | Epoch 98] Train Acc 0.9059, Train Precision 0.9123, Train Recall 0.8760,Train F1 0.8916
[2026-03-03 13:44:00,053][mainapp.py][line:183][INFO] [Run 1 | Epoch 99] Val Acc 0.7802, Val Precision 0.7213, Val Recall 0.7263, Val F1 0.7062
[2026-03-03 13:44:00,054][mainapp.py][line:187][INFO] [Run 1 | Epoch 99] Train Acc 0.8795, Train Precision 0.8687, Train Recall 0.8558,Train F1 0.8605
[2026-03-03 13:47:57,988][mainapp.py][line:183][INFO] [Run 1 | Epoch 100] Val Acc 0.8000, Val Precision 0.7236, Val Recall 0.6850, Val F1 0.6978
[2026-03-03 13:47:57,988][mainapp.py][line:187][INFO] [Run 1 | Epoch 100] Train Acc 0.8904, Train Precision 0.9109, Train Recall 0.8411,Train F1 0.8682
[2026-03-03 13:51:56,463][mainapp.py][line:183][INFO] [Run 1 | Epoch 101] Val Acc 0.7988, Val Precision 0.7378, Val Recall 0.6973, Val F1 0.7020
[2026-03-03 13:51:56,463][mainapp.py][line:187][INFO] [Run 1 | Epoch 101] Train Acc 0.8822, Train Precision 0.8837, Train Recall 0.8324,Train F1 0.8496
[2026-03-03 13:55:57,268][mainapp.py][line:183][INFO] [Run 1 | Epoch 102] Val Acc 0.8086, Val Precision 0.7240, Val Recall 0.6937, Val F1 0.7022
[2026-03-03 13:55:57,268][mainapp.py][line:187][INFO] [Run 1 | Epoch 102] Train Acc 0.9035, Train Precision 0.9074, Train Recall 0.8654,Train F1 0.8836
[2026-03-03 13:59:53,817][mainapp.py][line:183][INFO] [Run 1 | Epoch 103] Val Acc 0.8198, Val Precision 0.7533, Val Recall 0.7136, Val F1 0.7244
[2026-03-03 13:59:53,817][mainapp.py][line:187][INFO] [Run 1 | Epoch 103] Train Acc 0.9005, Train Precision 0.9177, Train Recall 0.8557,Train F1 0.8819
[2026-03-03 14:03:55,861][mainapp.py][line:183][INFO] [Run 1 | Epoch 104] Val Acc 0.8012, Val Precision 0.7450, Val Recall 0.7006, Val F1 0.7189
[2026-03-03 14:03:55,861][mainapp.py][line:187][INFO] [Run 1 | Epoch 104] Train Acc 0.9026, Train Precision 0.9141, Train Recall 0.8649,Train F1 0.8862
[2026-03-03 14:07:57,261][mainapp.py][line:183][INFO] [Run 1 | Epoch 105] Val Acc 0.7617, Val Precision 0.6665, Val Recall 0.6387, Val F1 0.6383
[2026-03-03 14:07:57,261][mainapp.py][line:187][INFO] [Run 1 | Epoch 105] Train Acc 0.8995, Train Precision 0.9161, Train Recall 0.8596,Train F1 0.8831
[2026-03-03 14:11:29,970][mainapp.py][line:183][INFO] [Run 1 | Epoch 106] Val Acc 0.8012, Val Precision 0.7397, Val Recall 0.6911, Val F1 0.7080
[2026-03-03 14:11:29,970][mainapp.py][line:187][INFO] [Run 1 | Epoch 106] Train Acc 0.9050, Train Precision 0.9179, Train Recall 0.8723,Train F1 0.8918
[2026-03-03 14:15:18,583][mainapp.py][line:183][INFO] [Run 1 | Epoch 107] Val Acc 0.8086, Val Precision 0.7379, Val Recall 0.7076, Val F1 0.7196
[2026-03-03 14:15:18,584][mainapp.py][line:187][INFO] [Run 1 | Epoch 107] Train Acc 0.9044, Train Precision 0.9041, Train Recall 0.8791,Train F1 0.8904
[2026-03-03 14:19:20,741][mainapp.py][line:183][INFO] [Run 1 | Epoch 108] Val Acc 0.8000, Val Precision 0.7493, Val Recall 0.6731, Val F1 0.6964
[2026-03-03 14:19:20,742][mainapp.py][line:187][INFO] [Run 1 | Epoch 108] Train Acc 0.8895, Train Precision 0.9099, Train Recall 0.8298,Train F1 0.8621
[2026-03-03 14:23:21,198][mainapp.py][line:183][INFO] [Run 1 | Epoch 109] Val Acc 0.8259, Val Precision 0.7504, Val Recall 0.7421, Val F1 0.7458
[2026-03-03 14:23:21,198][mainapp.py][line:187][INFO] [Run 1 | Epoch 109] Train Acc 0.8995, Train Precision 0.8927, Train Recall 0.8699,Train F1 0.8792
[2026-03-03 14:27:26,344][mainapp.py][line:183][INFO] [Run 1 | Epoch 110] Val Acc 0.7864, Val Precision 0.7107, Val Recall 0.7072, Val F1 0.7041
[2026-03-03 14:27:26,345][mainapp.py][line:187][INFO] [Run 1 | Epoch 110] Train Acc 0.9139, Train Precision 0.9189, Train Recall 0.8854,Train F1 0.9000
[2026-03-03 14:31:00,574][mainapp.py][line:183][INFO] [Run 1 | Epoch 111] Val Acc 0.8086, Val Precision 0.7342, Val Recall 0.7308, Val F1 0.7243
[2026-03-03 14:31:00,574][mainapp.py][line:187][INFO] [Run 1 | Epoch 111] Train Acc 0.9209, Train Precision 0.9195, Train Recall 0.9057,Train F1 0.9122
[2026-03-03 14:34:33,526][mainapp.py][line:183][INFO] [Run 1 | Epoch 112] Val Acc 0.8062, Val Precision 0.7315, Val Recall 0.7247, Val F1 0.7272
[2026-03-03 14:34:33,527][mainapp.py][line:187][INFO] [Run 1 | Epoch 112] Train Acc 0.9050, Train Precision 0.8952, Train Recall 0.8892,Train F1 0.8920
[2026-03-03 14:38:06,131][mainapp.py][line:183][INFO] [Run 1 | Epoch 113] Val Acc 0.8025, Val Precision 0.7437, Val Recall 0.7139, Val F1 0.7117
[2026-03-03 14:38:06,132][mainapp.py][line:187][INFO] [Run 1 | Epoch 113] Train Acc 0.9017, Train Precision 0.8908, Train Recall 0.8699,Train F1 0.8794
[2026-03-03 14:41:35,533][mainapp.py][line:183][INFO] [Run 1 | Epoch 114] Val Acc 0.8049, Val Precision 0.7434, Val Recall 0.7185, Val F1 0.7229
[2026-03-03 14:41:35,534][mainapp.py][line:187][INFO] [Run 1 | Epoch 114] Train Acc 0.9212, Train Precision 0.9258, Train Recall 0.8914,Train F1 0.9069
[2026-03-03 14:45:07,437][mainapp.py][line:183][INFO] [Run 1 | Epoch 115] Val Acc 0.8136, Val Precision 0.7409, Val Recall 0.7165, Val F1 0.7258
[2026-03-03 14:45:07,438][mainapp.py][line:187][INFO] [Run 1 | Epoch 115] Train Acc 0.8989, Train Precision 0.9008, Train Recall 0.8677,Train F1 0.8828
[2026-03-03 14:48:37,724][mainapp.py][line:183][INFO] [Run 1 | Epoch 116] Val Acc 0.8259, Val Precision 0.7711, Val Recall 0.7347, Val F1 0.7432
[2026-03-03 14:48:37,724][mainapp.py][line:187][INFO] [Run 1 | Epoch 116] Train Acc 0.9148, Train Precision 0.9292, Train Recall 0.8817,Train F1 0.9019
[2026-03-03 14:52:09,147][mainapp.py][line:183][INFO] [Run 1 | Epoch 117] Val Acc 0.8395, Val Precision 0.7741, Val Recall 0.7469, Val F1 0.7577
[2026-03-03 14:52:09,147][mainapp.py][line:187][INFO] [Run 1 | Epoch 117] Train Acc 0.9172, Train Precision 0.9210, Train Recall 0.8915,Train F1 0.9050
[2026-03-03 14:55:45,687][mainapp.py][line:183][INFO] [Run 1 | Epoch 118] Val Acc 0.8198, Val Precision 0.7535, Val Recall 0.7368, Val F1 0.7361
[2026-03-03 14:55:45,687][mainapp.py][line:187][INFO] [Run 1 | Epoch 118] Train Acc 0.9123, Train Precision 0.9151, Train Recall 0.8895,Train F1 0.9011
[2026-03-03 14:59:44,176][mainapp.py][line:183][INFO] [Run 1 | Epoch 119] Val Acc 0.7790, Val Precision 0.7104, Val Recall 0.6810, Val F1 0.6885
[2026-03-03 14:59:44,177][mainapp.py][line:187][INFO] [Run 1 | Epoch 119] Train Acc 0.9117, Train Precision 0.9118, Train Recall 0.8839,Train F1 0.8960
[2026-03-03 15:03:56,593][mainapp.py][line:183][INFO] [Run 1 | Epoch 120] Val Acc 0.8074, Val Precision 0.7335, Val Recall 0.7292, Val F1 0.7210
[2026-03-03 15:03:56,594][mainapp.py][line:187][INFO] [Run 1 | Epoch 120] Train Acc 0.9117, Train Precision 0.9204, Train Recall 0.8833,Train F1 0.8998
[2026-03-03 15:08:12,696][mainapp.py][line:183][INFO] [Run 1 | Epoch 121] Val Acc 0.8160, Val Precision 0.7507, Val Recall 0.7555, Val F1 0.7444
[2026-03-03 15:08:12,697][mainapp.py][line:187][INFO] [Run 1 | Epoch 121] Train Acc 0.9059, Train Precision 0.9059, Train Recall 0.8942,Train F1 0.8995
[2026-03-03 15:12:36,584][mainapp.py][line:183][INFO] [Run 1 | Epoch 122] Val Acc 0.8235, Val Precision 0.7518, Val Recall 0.7253, Val F1 0.7334
[2026-03-03 15:12:36,584][mainapp.py][line:187][INFO] [Run 1 | Epoch 122] Train Acc 0.9163, Train Precision 0.9227, Train Recall 0.8899,Train F1 0.9046
[2026-03-03 15:17:23,959][mainapp.py][line:183][INFO] [Run 1 | Epoch 123] Val Acc 0.8272, Val Precision 0.7544, Val Recall 0.7135, Val F1 0.7236
[2026-03-03 15:17:23,959][mainapp.py][line:187][INFO] [Run 1 | Epoch 123] Train Acc 0.9105, Train Precision 0.9234, Train Recall 0.8720,Train F1 0.8949
[2026-03-03 15:22:09,837][mainapp.py][line:183][INFO] [Run 1 | Epoch 124] Val Acc 0.8086, Val Precision 0.7239, Val Recall 0.7226, Val F1 0.7196
[2026-03-03 15:22:09,838][mainapp.py][line:187][INFO] [Run 1 | Epoch 124] Train Acc 0.9084, Train Precision 0.9053, Train Recall 0.8843,Train F1 0.8942
[2026-03-03 15:26:55,777][mainapp.py][line:183][INFO] [Run 1 | Epoch 125] Val Acc 0.8062, Val Precision 0.7410, Val Recall 0.7169, Val F1 0.7134
[2026-03-03 15:26:55,777][mainapp.py][line:187][INFO] [Run 1 | Epoch 125] Train Acc 0.9251, Train Precision 0.9263, Train Recall 0.8999,Train F1 0.9115
[2026-03-03 15:31:41,716][mainapp.py][line:183][INFO] [Run 1 | Epoch 126] Val Acc 0.7938, Val Precision 0.7249, Val Recall 0.7517, Val F1 0.7222
[2026-03-03 15:31:41,717][mainapp.py][line:187][INFO] [Run 1 | Epoch 126] Train Acc 0.9224, Train Precision 0.9323, Train Recall 0.8939,Train F1 0.9111
[2026-03-03 15:36:29,767][mainapp.py][line:183][INFO] [Run 1 | Epoch 127] Val Acc 0.8185, Val Precision 0.7600, Val Recall 0.7650, Val F1 0.7501
[2026-03-03 15:36:29,768][mainapp.py][line:187][INFO] [Run 1 | Epoch 127] Train Acc 0.9266, Train Precision 0.9274, Train Recall 0.9038,Train F1 0.9130
[2026-03-03 15:41:14,518][mainapp.py][line:183][INFO] [Run 1 | Epoch 128] Val Acc 0.8235, Val Precision 0.7512, Val Recall 0.7221, Val F1 0.7289
[2026-03-03 15:41:14,518][mainapp.py][line:187][INFO] [Run 1 | Epoch 128] Train Acc 0.9251, Train Precision 0.9282, Train Recall 0.8965,Train F1 0.9108
[2026-03-03 15:45:59,830][mainapp.py][line:183][INFO] [Run 1 | Epoch 129] Val Acc 0.8185, Val Precision 0.7632, Val Recall 0.7216, Val F1 0.7385
[2026-03-03 15:45:59,831][mainapp.py][line:187][INFO] [Run 1 | Epoch 129] Train Acc 0.9215, Train Precision 0.9272, Train Recall 0.8916,Train F1 0.9078
[2026-03-03 15:50:44,343][mainapp.py][line:183][INFO] [Run 1 | Epoch 130] Val Acc 0.8148, Val Precision 0.7394, Val Recall 0.7450, Val F1 0.7299
[2026-03-03 15:50:44,343][mainapp.py][line:187][INFO] [Run 1 | Epoch 130] Train Acc 0.9114, Train Precision 0.9148, Train Recall 0.8947,Train F1 0.9018
[2026-03-03 15:55:29,625][mainapp.py][line:183][INFO] [Run 1 | Epoch 131] Val Acc 0.8296, Val Precision 0.7633, Val Recall 0.7346, Val F1 0.7406
[2026-03-03 15:55:29,625][mainapp.py][line:187][INFO] [Run 1 | Epoch 131] Train Acc 0.9254, Train Precision 0.9358, Train Recall 0.8982,Train F1 0.9148
[2026-03-03 15:59:45,451][mainapp.py][line:183][INFO] [Run 1 | Epoch 132] Val Acc 0.8358, Val Precision 0.7722, Val Recall 0.7338, Val F1 0.7413
[2026-03-03 15:59:45,451][mainapp.py][line:187][INFO] [Run 1 | Epoch 132] Train Acc 0.9154, Train Precision 0.9211, Train Recall 0.8876,Train F1 0.9008
[2026-03-03 16:04:00,077][mainapp.py][line:183][INFO] [Run 1 | Epoch 133] Val Acc 0.8309, Val Precision 0.7658, Val Recall 0.7687, Val F1 0.7595
[2026-03-03 16:04:00,078][mainapp.py][line:187][INFO] [Run 1 | Epoch 133] Train Acc 0.9315, Train Precision 0.9361, Train Recall 0.9125,Train F1 0.9237
[2026-03-03 16:08:14,293][mainapp.py][line:183][INFO] [Run 1 | Epoch 134] Val Acc 0.8259, Val Precision 0.7639, Val Recall 0.7288, Val F1 0.7400
[2026-03-03 16:08:14,294][mainapp.py][line:187][INFO] [Run 1 | Epoch 134] Train Acc 0.8956, Train Precision 0.9025, Train Recall 0.8570,Train F1 0.8753
[2026-03-03 16:12:30,098][mainapp.py][line:183][INFO] [Run 1 | Epoch 135] Val Acc 0.7975, Val Precision 0.7346, Val Recall 0.7159, Val F1 0.7082
[2026-03-03 16:12:30,099][mainapp.py][line:187][INFO] [Run 1 | Epoch 135] Train Acc 0.9081, Train Precision 0.9184, Train Recall 0.8696,Train F1 0.8889
[2026-03-03 16:17:16,456][mainapp.py][line:183][INFO] [Run 1 | Epoch 136] Val Acc 0.8481, Val Precision 0.7938, Val Recall 0.7646, Val F1 0.7761
[2026-03-03 16:17:16,457][mainapp.py][line:187][INFO] [Run 1 | Epoch 136] Train Acc 0.9285, Train Precision 0.9262, Train Recall 0.9041,Train F1 0.9141
[2026-03-03 16:22:01,294][mainapp.py][line:183][INFO] [Run 1 | Epoch 137] Val Acc 0.8395, Val Precision 0.7810, Val Recall 0.7569, Val F1 0.7602
[2026-03-03 16:22:01,294][mainapp.py][line:187][INFO] [Run 1 | Epoch 137] Train Acc 0.9330, Train Precision 0.9347, Train Recall 0.9126,Train F1 0.9224
[2026-03-03 16:26:47,721][mainapp.py][line:183][INFO] [Run 1 | Epoch 138] Val Acc 0.8136, Val Precision 0.7669, Val Recall 0.7569, Val F1 0.7535
[2026-03-03 16:26:47,721][mainapp.py][line:187][INFO] [Run 1 | Epoch 138] Train Acc 0.9087, Train Precision 0.9028, Train Recall 0.8842,Train F1 0.8916
[2026-03-03 16:31:34,274][mainapp.py][line:183][INFO] [Run 1 | Epoch 139] Val Acc 0.8000, Val Precision 0.7471, Val Recall 0.7518, Val F1 0.7346
[2026-03-03 16:31:34,275][mainapp.py][line:187][INFO] [Run 1 | Epoch 139] Train Acc 0.9205, Train Precision 0.9163, Train Recall 0.9043,Train F1 0.9088
[2026-03-03 16:36:19,618][mainapp.py][line:183][INFO] [Run 1 | Epoch 140] Val Acc 0.8259, Val Precision 0.7520, Val Recall 0.7048, Val F1 0.7138
[2026-03-03 16:36:19,619][mainapp.py][line:187][INFO] [Run 1 | Epoch 140] Train Acc 0.9175, Train Precision 0.9347, Train Recall 0.8816,Train F1 0.9055
[2026-03-03 16:41:05,684][mainapp.py][line:183][INFO] [Run 1 | Epoch 141] Val Acc 0.8420, Val Precision 0.7888, Val Recall 0.7402, Val F1 0.7600
[2026-03-03 16:41:05,685][mainapp.py][line:187][INFO] [Run 1 | Epoch 141] Train Acc 0.9163, Train Precision 0.9294, Train Recall 0.8856,Train F1 0.9051
[2026-03-03 16:45:50,936][mainapp.py][line:183][INFO] [Run 1 | Epoch 142] Val Acc 0.8173, Val Precision 0.7537, Val Recall 0.7188, Val F1 0.7288
[2026-03-03 16:45:50,936][mainapp.py][line:187][INFO] [Run 1 | Epoch 142] Train Acc 0.9224, Train Precision 0.9276, Train Recall 0.8963,Train F1 0.9105
[2026-03-03 16:50:37,506][mainapp.py][line:183][INFO] [Run 1 | Epoch 143] Val Acc 0.8185, Val Precision 0.7569, Val Recall 0.7226, Val F1 0.7362
[2026-03-03 16:50:37,507][mainapp.py][line:187][INFO] [Run 1 | Epoch 143] Train Acc 0.9275, Train Precision 0.9350, Train Recall 0.8999,Train F1 0.9161
[2026-03-03 16:55:24,390][mainapp.py][line:183][INFO] [Run 1 | Epoch 144] Val Acc 0.8210, Val Precision 0.7660, Val Recall 0.7331, Val F1 0.7411
[2026-03-03 16:55:24,390][mainapp.py][line:187][INFO] [Run 1 | Epoch 144] Train Acc 0.9254, Train Precision 0.9376, Train Recall 0.8989,Train F1 0.9161
[2026-03-03 17:00:11,265][mainapp.py][line:183][INFO] [Run 1 | Epoch 145] Val Acc 0.8099, Val Precision 0.7270, Val Recall 0.7340, Val F1 0.7240
[2026-03-03 17:00:11,265][mainapp.py][line:187][INFO] [Run 1 | Epoch 145] Train Acc 0.9218, Train Precision 0.9211, Train Recall 0.9020,Train F1 0.9103
[2026-03-03 17:04:56,037][mainapp.py][line:183][INFO] [Run 1 | Epoch 146] Val Acc 0.8210, Val Precision 0.7524, Val Recall 0.7505, Val F1 0.7440
[2026-03-03 17:04:56,037][mainapp.py][line:187][INFO] [Run 1 | Epoch 146] Train Acc 0.9358, Train Precision 0.9397, Train Recall 0.9174,Train F1 0.9273
[2026-03-03 17:09:41,988][mainapp.py][line:183][INFO] [Run 1 | Epoch 147] Val Acc 0.8012, Val Precision 0.7163, Val Recall 0.7174, Val F1 0.7112
[2026-03-03 17:09:41,989][mainapp.py][line:187][INFO] [Run 1 | Epoch 147] Train Acc 0.9202, Train Precision 0.9256, Train Recall 0.8915,Train F1 0.9069
[2026-03-03 17:14:26,975][mainapp.py][line:183][INFO] [Run 1 | Epoch 148] Val Acc 0.8358, Val Precision 0.7751, Val Recall 0.7603, Val F1 0.7595
[2026-03-03 17:14:26,975][mainapp.py][line:187][INFO] [Run 1 | Epoch 148] Train Acc 0.9282, Train Precision 0.9244, Train Recall 0.9112,Train F1 0.9173
[2026-03-03 17:19:12,660][mainapp.py][line:183][INFO] [Run 1 | Epoch 149] Val Acc 0.8259, Val Precision 0.7613, Val Recall 0.7250, Val F1 0.7398
[2026-03-03 17:19:12,660][mainapp.py][line:187][INFO] [Run 1 | Epoch 149] Train Acc 0.9288, Train Precision 0.9295, Train Recall 0.9091,Train F1 0.9188
[2026-03-03 17:23:59,546][mainapp.py][line:183][INFO] [Run 1 | Epoch 150] Val Acc 0.8123, Val Precision 0.7638, Val Recall 0.7132, Val F1 0.7307
[2026-03-03 17:23:59,546][mainapp.py][line:187][INFO] [Run 1 | Epoch 150] Train Acc 0.9230, Train Precision 0.9383, Train Recall 0.8899,Train F1 0.9115
[2026-03-03 17:28:46,623][mainapp.py][line:183][INFO] [Run 1 | Epoch 151] Val Acc 0.8259, Val Precision 0.7645, Val Recall 0.7524, Val F1 0.7489
[2026-03-03 17:28:46,624][mainapp.py][line:187][INFO] [Run 1 | Epoch 151] Train Acc 0.9297, Train Precision 0.9411, Train Recall 0.9055,Train F1 0.9219
[2026-03-03 17:33:32,686][mainapp.py][line:183][INFO] [Run 1 | Epoch 152] Val Acc 0.8457, Val Precision 0.7730, Val Recall 0.7823, Val F1 0.7713
[2026-03-03 17:33:32,686][mainapp.py][line:187][INFO] [Run 1 | Epoch 152] Train Acc 0.9300, Train Precision 0.9334, Train Recall 0.9090,Train F1 0.9204
[2026-03-03 17:38:17,179][mainapp.py][line:183][INFO] [Run 1 | Epoch 153] Val Acc 0.8309, Val Precision 0.7660, Val Recall 0.7526, Val F1 0.7516
[2026-03-03 17:38:17,179][mainapp.py][line:187][INFO] [Run 1 | Epoch 153] Train Acc 0.9279, Train Precision 0.9333, Train Recall 0.9090,Train F1 0.9204
[2026-03-03 17:43:02,337][mainapp.py][line:183][INFO] [Run 1 | Epoch 154] Val Acc 0.8519, Val Precision 0.8016, Val Recall 0.7654, Val F1 0.7769
[2026-03-03 17:43:02,337][mainapp.py][line:187][INFO] [Run 1 | Epoch 154] Train Acc 0.9251, Train Precision 0.9242, Train Recall 0.9042,Train F1 0.9131
[2026-03-03 17:47:50,429][mainapp.py][line:183][INFO] [Run 1 | Epoch 155] Val Acc 0.8321, Val Precision 0.7636, Val Recall 0.7303, Val F1 0.7422
[2026-03-03 17:47:50,429][mainapp.py][line:187][INFO] [Run 1 | Epoch 155] Train Acc 0.9349, Train Precision 0.9453, Train Recall 0.9123,Train F1 0.9269
[2026-03-03 17:52:35,861][mainapp.py][line:183][INFO] [Run 1 | Epoch 156] Val Acc 0.8272, Val Precision 0.7572, Val Recall 0.7239, Val F1 0.7344
[2026-03-03 17:52:35,861][mainapp.py][line:187][INFO] [Run 1 | Epoch 156] Train Acc 0.9336, Train Precision 0.9432, Train Recall 0.9120,Train F1 0.9261
[2026-03-03 17:57:22,048][mainapp.py][line:183][INFO] [Run 1 | Epoch 157] Val Acc 0.8321, Val Precision 0.7546, Val Recall 0.7322, Val F1 0.7387
[2026-03-03 17:57:22,048][mainapp.py][line:187][INFO] [Run 1 | Epoch 157] Train Acc 0.9272, Train Precision 0.9413, Train Recall 0.9009,Train F1 0.9196
[2026-03-03 18:02:04,266][mainapp.py][line:183][INFO] [Run 1 | Epoch 158] Val Acc 0.8370, Val Precision 0.7705, Val Recall 0.7484, Val F1 0.7521
[2026-03-03 18:02:04,266][mainapp.py][line:187][INFO] [Run 1 | Epoch 158] Train Acc 0.9275, Train Precision 0.9377, Train Recall 0.9012,Train F1 0.9180
[2026-03-03 18:06:50,589][mainapp.py][line:183][INFO] [Run 1 | Epoch 159] Val Acc 0.8370, Val Precision 0.7870, Val Recall 0.7488, Val F1 0.7625
[2026-03-03 18:06:50,589][mainapp.py][line:187][INFO] [Run 1 | Epoch 159] Train Acc 0.9297, Train Precision 0.9446, Train Recall 0.8986,Train F1 0.9195
[2026-03-03 18:11:37,007][mainapp.py][line:183][INFO] [Run 1 | Epoch 160] Val Acc 0.8580, Val Precision 0.8036, Val Recall 0.7819, Val F1 0.7864
[2026-03-03 18:11:37,008][mainapp.py][line:187][INFO] [Run 1 | Epoch 160] Train Acc 0.9306, Train Precision 0.9353, Train Recall 0.9097,Train F1 0.9217
[2026-03-03 18:16:23,901][mainapp.py][line:183][INFO] [Run 1 | Epoch 161] Val Acc 0.8259, Val Precision 0.7508, Val Recall 0.7514, Val F1 0.7469
[2026-03-03 18:16:23,901][mainapp.py][line:187][INFO] [Run 1 | Epoch 161] Train Acc 0.9309, Train Precision 0.9285, Train Recall 0.9090,Train F1 0.9182
[2026-03-03 18:20:57,264][mainapp.py][line:183][INFO] [Run 1 | Epoch 162] Val Acc 0.8383, Val Precision 0.7659, Val Recall 0.7605, Val F1 0.7598
[2026-03-03 18:20:57,265][mainapp.py][line:187][INFO] [Run 1 | Epoch 162] Train Acc 0.9324, Train Precision 0.9396, Train Recall 0.9113,Train F1 0.9247
[2026-03-03 18:25:08,562][mainapp.py][line:183][INFO] [Run 1 | Epoch 163] Val Acc 0.8259, Val Precision 0.7578, Val Recall 0.7348, Val F1 0.7331
[2026-03-03 18:25:08,563][mainapp.py][line:187][INFO] [Run 1 | Epoch 163] Train Acc 0.9275, Train Precision 0.9384, Train Recall 0.9013,Train F1 0.9183
[2026-03-03 18:29:22,179][mainapp.py][line:183][INFO] [Run 1 | Epoch 164] Val Acc 0.8062, Val Precision 0.7420, Val Recall 0.7387, Val F1 0.7299
[2026-03-03 18:29:22,179][mainapp.py][line:187][INFO] [Run 1 | Epoch 164] Train Acc 0.9263, Train Precision 0.9366, Train Recall 0.9030,Train F1 0.9179
[2026-03-03 18:33:35,979][mainapp.py][line:183][INFO] [Run 1 | Epoch 165] Val Acc 0.8309, Val Precision 0.7659, Val Recall 0.7507, Val F1 0.7518
[2026-03-03 18:33:35,980][mainapp.py][line:187][INFO] [Run 1 | Epoch 165] Train Acc 0.9275, Train Precision 0.9216, Train Recall 0.9093,Train F1 0.9150
[2026-03-03 18:37:48,129][mainapp.py][line:183][INFO] [Run 1 | Epoch 166] Val Acc 0.8222, Val Precision 0.7629, Val Recall 0.7292, Val F1 0.7397
[2026-03-03 18:37:48,130][mainapp.py][line:187][INFO] [Run 1 | Epoch 166] Train Acc 0.9364, Train Precision 0.9458, Train Recall 0.9186,Train F1 0.9313
[2026-03-03 18:42:02,505][mainapp.py][line:183][INFO] [Run 1 | Epoch 167] Val Acc 0.8296, Val Precision 0.7633, Val Recall 0.7703, Val F1 0.7554
[2026-03-03 18:42:02,505][mainapp.py][line:187][INFO] [Run 1 | Epoch 167] Train Acc 0.9297, Train Precision 0.9313, Train Recall 0.9132,Train F1 0.9213
[2026-03-03 18:46:17,011][mainapp.py][line:183][INFO] [Run 1 | Epoch 168] Val Acc 0.8407, Val Precision 0.7656, Val Recall 0.7652, Val F1 0.7576
[2026-03-03 18:46:17,012][mainapp.py][line:187][INFO] [Run 1 | Epoch 168] Train Acc 0.9263, Train Precision 0.9301, Train Recall 0.9067,Train F1 0.9169
[2026-03-03 18:50:29,367][mainapp.py][line:183][INFO] [Run 1 | Epoch 169] Val Acc 0.8358, Val Precision 0.7674, Val Recall 0.7581, Val F1 0.7530
[2026-03-03 18:50:29,368][mainapp.py][line:187][INFO] [Run 1 | Epoch 169] Train Acc 0.9333, Train Precision 0.9402, Train Recall 0.9113,Train F1 0.9249
[2026-03-03 18:54:42,044][mainapp.py][line:183][INFO] [Run 1 | Epoch 170] Val Acc 0.8210, Val Precision 0.7566, Val Recall 0.7445, Val F1 0.7378
[2026-03-03 18:54:42,044][mainapp.py][line:187][INFO] [Run 1 | Epoch 170] Train Acc 0.9300, Train Precision 0.9321, Train Recall 0.9122,Train F1 0.9211
[2026-03-03 18:58:54,805][mainapp.py][line:183][INFO] [Run 1 | Epoch 171] Val Acc 0.8296, Val Precision 0.7727, Val Recall 0.7214, Val F1 0.7409
[2026-03-03 18:58:54,805][mainapp.py][line:187][INFO] [Run 1 | Epoch 171] Train Acc 0.9406, Train Precision 0.9508, Train Recall 0.9223,Train F1 0.9353
[2026-03-03 19:03:08,381][mainapp.py][line:183][INFO] [Run 1 | Epoch 172] Val Acc 0.8185, Val Precision 0.7428, Val Recall 0.7102, Val F1 0.7190
[2026-03-03 19:03:08,381][mainapp.py][line:187][INFO] [Run 1 | Epoch 172] Train Acc 0.9364, Train Precision 0.9405, Train Recall 0.9070,Train F1 0.9220
[2026-03-03 19:07:20,594][mainapp.py][line:183][INFO] [Run 1 | Epoch 173] Val Acc 0.8160, Val Precision 0.7510, Val Recall 0.7552, Val F1 0.7392
[2026-03-03 19:07:20,594][mainapp.py][line:187][INFO] [Run 1 | Epoch 173] Train Acc 0.9148, Train Precision 0.9103, Train Recall 0.8963,Train F1 0.9004
[2026-03-03 19:11:32,286][mainapp.py][line:183][INFO] [Run 1 | Epoch 174] Val Acc 0.8333, Val Precision 0.7624, Val Recall 0.7340, Val F1 0.7419
[2026-03-03 19:11:32,286][mainapp.py][line:187][INFO] [Run 1 | Epoch 174] Train Acc 0.9486, Train Precision 0.9500, Train Recall 0.9327,Train F1 0.9409
[2026-03-03 19:15:45,063][mainapp.py][line:183][INFO] [Run 1 | Epoch 175] Val Acc 0.8346, Val Precision 0.7657, Val Recall 0.7283, Val F1 0.7411
[2026-03-03 19:15:45,063][mainapp.py][line:187][INFO] [Run 1 | Epoch 175] Train Acc 0.9376, Train Precision 0.9475, Train Recall 0.9159,Train F1 0.9308
[2026-03-03 19:19:58,588][mainapp.py][line:183][INFO] [Run 1 | Epoch 176] Val Acc 0.8358, Val Precision 0.7704, Val Recall 0.7514, Val F1 0.7512
[2026-03-03 19:19:58,589][mainapp.py][line:187][INFO] [Run 1 | Epoch 176] Train Acc 0.9476, Train Precision 0.9536, Train Recall 0.9315,Train F1 0.9421
[2026-03-03 19:24:10,197][mainapp.py][line:183][INFO] [Run 1 | Epoch 177] Val Acc 0.8309, Val Precision 0.7710, Val Recall 0.7390, Val F1 0.7501
[2026-03-03 19:24:10,198][mainapp.py][line:187][INFO] [Run 1 | Epoch 177] Train Acc 0.9425, Train Precision 0.9479, Train Recall 0.9247,Train F1 0.9358
[2026-03-03 19:28:25,093][mainapp.py][line:183][INFO] [Run 1 | Epoch 178] Val Acc 0.8259, Val Precision 0.7734, Val Recall 0.7377, Val F1 0.7437
[2026-03-03 19:28:25,093][mainapp.py][line:187][INFO] [Run 1 | Epoch 178] Train Acc 0.9482, Train Precision 0.9525, Train Recall 0.9229,Train F1 0.9363
[2026-03-03 19:32:37,455][mainapp.py][line:183][INFO] [Run 1 | Epoch 179] Val Acc 0.8395, Val Precision 0.7786, Val Recall 0.7740, Val F1 0.7661
[2026-03-03 19:32:37,455][mainapp.py][line:187][INFO] [Run 1 | Epoch 179] Train Acc 0.9333, Train Precision 0.9335, Train Recall 0.9180,Train F1 0.9247
[2026-03-03 19:37:19,842][mainapp.py][line:183][INFO] [Run 1 | Epoch 180] Val Acc 0.8432, Val Precision 0.7799, Val Recall 0.7685, Val F1 0.7692
[2026-03-03 19:37:19,842][mainapp.py][line:187][INFO] [Run 1 | Epoch 180] Train Acc 0.9504, Train Precision 0.9535, Train Recall 0.9377,Train F1 0.9453
[2026-03-03 19:42:04,632][mainapp.py][line:183][INFO] [Run 1 | Epoch 181] Val Acc 0.8519, Val Precision 0.7831, Val Recall 0.7723, Val F1 0.7725
[2026-03-03 19:42:04,633][mainapp.py][line:187][INFO] [Run 1 | Epoch 181] Train Acc 0.9428, Train Precision 0.9420, Train Recall 0.9286,Train F1 0.9350
[2026-03-03 19:46:17,759][mainapp.py][line:183][INFO] [Run 1 | Epoch 182] Val Acc 0.8395, Val Precision 0.7784, Val Recall 0.7463, Val F1 0.7491
[2026-03-03 19:46:17,759][mainapp.py][line:187][INFO] [Run 1 | Epoch 182] Train Acc 0.9367, Train Precision 0.9419, Train Recall 0.9152,Train F1 0.9274
[2026-03-03 19:50:30,488][mainapp.py][line:183][INFO] [Run 1 | Epoch 183] Val Acc 0.8494, Val Precision 0.7870, Val Recall 0.7693, Val F1 0.7696
[2026-03-03 19:50:30,488][mainapp.py][line:187][INFO] [Run 1 | Epoch 183] Train Acc 0.9339, Train Precision 0.9339, Train Recall 0.9158,Train F1 0.9234
[2026-03-03 19:54:44,201][mainapp.py][line:183][INFO] [Run 1 | Epoch 184] Val Acc 0.8333, Val Precision 0.7599, Val Recall 0.7521, Val F1 0.7471
[2026-03-03 19:54:44,201][mainapp.py][line:187][INFO] [Run 1 | Epoch 184] Train Acc 0.9486, Train Precision 0.9535, Train Recall 0.9344,Train F1 0.9433
[2026-03-03 19:58:59,484][mainapp.py][line:183][INFO] [Run 1 | Epoch 185] Val Acc 0.8420, Val Precision 0.7659, Val Recall 0.7550, Val F1 0.7566
[2026-03-03 19:58:59,484][mainapp.py][line:187][INFO] [Run 1 | Epoch 185] Train Acc 0.9446, Train Precision 0.9510, Train Recall 0.9283,Train F1 0.9391
[2026-03-03 20:03:12,554][mainapp.py][line:183][INFO] [Run 1 | Epoch 186] Val Acc 0.8284, Val Precision 0.7575, Val Recall 0.7355, Val F1 0.7434
[2026-03-03 20:03:12,554][mainapp.py][line:187][INFO] [Run 1 | Epoch 186] Train Acc 0.9394, Train Precision 0.9416, Train Recall 0.9256,Train F1 0.9329
[2026-03-03 20:07:27,578][mainapp.py][line:183][INFO] [Run 1 | Epoch 187] Val Acc 0.8321, Val Precision 0.7593, Val Recall 0.7577, Val F1 0.7491
[2026-03-03 20:07:27,579][mainapp.py][line:187][INFO] [Run 1 | Epoch 187] Train Acc 0.9428, Train Precision 0.9396, Train Recall 0.9310,Train F1 0.9351
[2026-03-03 20:11:39,248][mainapp.py][line:183][INFO] [Run 1 | Epoch 188] Val Acc 0.8432, Val Precision 0.7834, Val Recall 0.7392, Val F1 0.7545
[2026-03-03 20:11:39,249][mainapp.py][line:187][INFO] [Run 1 | Epoch 188] Train Acc 0.9385, Train Precision 0.9455, Train Recall 0.9178,Train F1 0.9305
[2026-03-03 20:16:00,087][mainapp.py][line:183][INFO] [Run 1 | Epoch 189] Val Acc 0.8185, Val Precision 0.7640, Val Recall 0.7221, Val F1 0.7282
[2026-03-03 20:16:00,088][mainapp.py][line:187][INFO] [Run 1 | Epoch 189] Train Acc 0.9412, Train Precision 0.9515, Train Recall 0.9232,Train F1 0.9366
[2026-03-03 20:19:42,880][mainapp.py][line:183][INFO] [Run 1 | Epoch 190] Val Acc 0.8309, Val Precision 0.7614, Val Recall 0.7377, Val F1 0.7443
[2026-03-03 20:19:42,880][mainapp.py][line:187][INFO] [Run 1 | Epoch 190] Train Acc 0.9449, Train Precision 0.9463, Train Recall 0.9261,Train F1 0.9353
[2026-03-03 20:23:25,433][mainapp.py][line:183][INFO] [Run 1 | Epoch 191] Val Acc 0.8333, Val Precision 0.7647, Val Recall 0.7501, Val F1 0.7457
[2026-03-03 20:23:25,434][mainapp.py][line:187][INFO] [Run 1 | Epoch 191] Train Acc 0.9294, Train Precision 0.9244, Train Recall 0.9193,Train F1 0.9210
[2026-03-03 20:27:03,530][mainapp.py][line:183][INFO] [Run 1 | Epoch 192] Val Acc 0.8420, Val Precision 0.7789, Val Recall 0.7412, Val F1 0.7540
[2026-03-03 20:27:03,531][mainapp.py][line:187][INFO] [Run 1 | Epoch 192] Train Acc 0.9492, Train Precision 0.9541, Train Recall 0.9289,Train F1 0.9406
[2026-03-03 20:30:37,580][mainapp.py][line:183][INFO] [Run 1 | Epoch 193] Val Acc 0.8235, Val Precision 0.7588, Val Recall 0.7237, Val F1 0.7370
[2026-03-03 20:30:37,581][mainapp.py][line:187][INFO] [Run 1 | Epoch 193] Train Acc 0.9406, Train Precision 0.9522, Train Recall 0.9231,Train F1 0.9366
[2026-03-03 20:34:14,235][mainapp.py][line:183][INFO] [Run 1 | Epoch 194] Val Acc 0.8333, Val Precision 0.7594, Val Recall 0.7415, Val F1 0.7437
[2026-03-03 20:34:14,235][mainapp.py][line:187][INFO] [Run 1 | Epoch 194] Train Acc 0.9422, Train Precision 0.9425, Train Recall 0.9295,Train F1 0.9358
[2026-03-03 20:37:44,171][mainapp.py][line:183][INFO] [Run 1 | Epoch 195] Val Acc 0.8469, Val Precision 0.7748, Val Recall 0.7599, Val F1 0.7622
[2026-03-03 20:37:44,171][mainapp.py][line:187][INFO] [Run 1 | Epoch 195] Train Acc 0.9388, Train Precision 0.9384, Train Recall 0.9208,Train F1 0.9292
[2026-03-03 20:41:18,870][mainapp.py][line:183][INFO] [Run 1 | Epoch 196] Val Acc 0.8358, Val Precision 0.7717, Val Recall 0.7409, Val F1 0.7474
[2026-03-03 20:41:18,871][mainapp.py][line:187][INFO] [Run 1 | Epoch 196] Train Acc 0.9467, Train Precision 0.9566, Train Recall 0.9276,Train F1 0.9410
[2026-03-03 20:44:50,322][mainapp.py][line:183][INFO] [Run 1 | Epoch 197] Val Acc 0.8309, Val Precision 0.7673, Val Recall 0.7351, Val F1 0.7454
[2026-03-03 20:44:50,322][mainapp.py][line:187][INFO] [Run 1 | Epoch 197] Train Acc 0.9498, Train Precision 0.9639, Train Recall 0.9329,Train F1 0.9474
[2026-03-03 20:48:20,404][mainapp.py][line:183][INFO] [Run 1 | Epoch 198] Val Acc 0.8346, Val Precision 0.7789, Val Recall 0.7365, Val F1 0.7523
[2026-03-03 20:48:20,404][mainapp.py][line:187][INFO] [Run 1 | Epoch 198] Train Acc 0.9437, Train Precision 0.9500, Train Recall 0.9250,Train F1 0.9369
[2026-03-03 20:51:55,397][mainapp.py][line:183][INFO] [Run 1 | Epoch 199] Val Acc 0.8481, Val Precision 0.7933, Val Recall 0.7574, Val F1 0.7709
[2026-03-03 20:51:55,398][mainapp.py][line:187][INFO] [Run 1 | Epoch 199] Train Acc 0.9473, Train Precision 0.9514, Train Recall 0.9300,Train F1 0.9401
[2026-03-03 20:55:24,181][mainapp.py][line:183][INFO] [Run 1 | Epoch 200] Val Acc 0.8309, Val Precision 0.7632, Val Recall 0.7745, Val F1 0.7583
[2026-03-03 20:55:24,182][mainapp.py][line:187][INFO] [Run 1 | Epoch 200] Train Acc 0.9498, Train Precision 0.9527, Train Recall 0.9337,Train F1 0.9427
[2026-03-03 20:58:52,373][mainapp.py][line:183][INFO] [Run 1 | Epoch 201] Val Acc 0.8531, Val Precision 0.7933, Val Recall 0.7824, Val F1 0.7816
[2026-03-03 20:58:52,374][mainapp.py][line:187][INFO] [Run 1 | Epoch 201] Train Acc 0.9428, Train Precision 0.9443, Train Recall 0.9241,Train F1 0.9336
[2026-03-03 21:02:26,535][mainapp.py][line:183][INFO] [Run 1 | Epoch 202] Val Acc 0.8457, Val Precision 0.7802, Val Recall 0.7453, Val F1 0.7556
[2026-03-03 21:02:26,535][mainapp.py][line:187][INFO] [Run 1 | Epoch 202] Train Acc 0.9482, Train Precision 0.9539, Train Recall 0.9297,Train F1 0.9411
[2026-03-03 21:05:57,686][mainapp.py][line:183][INFO] [Run 1 | Epoch 203] Val Acc 0.8494, Val Precision 0.7818, Val Recall 0.7630, Val F1 0.7673
[2026-03-03 21:05:57,687][mainapp.py][line:187][INFO] [Run 1 | Epoch 203] Train Acc 0.9501, Train Precision 0.9547, Train Recall 0.9322,Train F1 0.9430
[2026-03-03 21:09:31,290][mainapp.py][line:183][INFO] [Run 1 | Epoch 204] Val Acc 0.8160, Val Precision 0.7476, Val Recall 0.7203, Val F1 0.7304
[2026-03-03 21:09:31,290][mainapp.py][line:187][INFO] [Run 1 | Epoch 204] Train Acc 0.9464, Train Precision 0.9430, Train Recall 0.9396,Train F1 0.9411
[2026-03-03 21:13:03,200][mainapp.py][line:183][INFO] [Run 1 | Epoch 205] Val Acc 0.8333, Val Precision 0.7616, Val Recall 0.7738, Val F1 0.7617
[2026-03-03 21:13:03,200][mainapp.py][line:187][INFO] [Run 1 | Epoch 205] Train Acc 0.9437, Train Precision 0.9371, Train Recall 0.9334,Train F1 0.9350
[2026-03-03 21:16:34,164][mainapp.py][line:183][INFO] [Run 1 | Epoch 206] Val Acc 0.8383, Val Precision 0.7717, Val Recall 0.7609, Val F1 0.7612
[2026-03-03 21:16:34,165][mainapp.py][line:187][INFO] [Run 1 | Epoch 206] Train Acc 0.9507, Train Precision 0.9514, Train Recall 0.9426,Train F1 0.9468
[2026-03-03 21:19:56,326][mainapp.py][line:183][INFO] [Run 1 | Epoch 207] Val Acc 0.8198, Val Precision 0.7548, Val Recall 0.7442, Val F1 0.7344
[2026-03-03 21:19:56,326][mainapp.py][line:187][INFO] [Run 1 | Epoch 207] Train Acc 0.9498, Train Precision 0.9550, Train Recall 0.9349,Train F1 0.9443
[2026-03-03 21:23:26,020][mainapp.py][line:183][INFO] [Run 1 | Epoch 208] Val Acc 0.8543, Val Precision 0.7954, Val Recall 0.7718, Val F1 0.7774
[2026-03-03 21:23:26,021][mainapp.py][line:187][INFO] [Run 1 | Epoch 208] Train Acc 0.9440, Train Precision 0.9474, Train Recall 0.9326,Train F1 0.9396
[2026-03-03 21:26:51,548][mainapp.py][line:183][INFO] [Run 1 | Epoch 209] Val Acc 0.8259, Val Precision 0.7678, Val Recall 0.7665, Val F1 0.7497
[2026-03-03 21:26:51,548][mainapp.py][line:187][INFO] [Run 1 | Epoch 209] Train Acc 0.9440, Train Precision 0.9442, Train Recall 0.9319,Train F1 0.9376
[2026-03-03 21:30:19,865][mainapp.py][line:183][INFO] [Run 1 | Epoch 210] Val Acc 0.8432, Val Precision 0.7669, Val Recall 0.7646, Val F1 0.7597
[2026-03-03 21:30:19,865][mainapp.py][line:187][INFO] [Run 1 | Epoch 210] Train Acc 0.9516, Train Precision 0.9478, Train Recall 0.9381,Train F1 0.9427
[2026-03-03 21:33:46,828][mainapp.py][line:183][INFO] [Run 1 | Epoch 211] Val Acc 0.8235, Val Precision 0.7576, Val Recall 0.7439, Val F1 0.7348
[2026-03-03 21:33:46,829][mainapp.py][line:187][INFO] [Run 1 | Epoch 211] Train Acc 0.9376, Train Precision 0.9384, Train Recall 0.9228,Train F1 0.9300
[2026-03-03 21:37:10,615][mainapp.py][line:183][INFO] [Run 1 | Epoch 212] Val Acc 0.8346, Val Precision 0.7731, Val Recall 0.7545, Val F1 0.7482
[2026-03-03 21:37:10,616][mainapp.py][line:187][INFO] [Run 1 | Epoch 212] Train Acc 0.9467, Train Precision 0.9468, Train Recall 0.9323,Train F1 0.9389
[2026-03-03 21:40:38,708][mainapp.py][line:183][INFO] [Run 1 | Epoch 213] Val Acc 0.8346, Val Precision 0.7616, Val Recall 0.7567, Val F1 0.7491
[2026-03-03 21:40:38,709][mainapp.py][line:187][INFO] [Run 1 | Epoch 213] Train Acc 0.9479, Train Precision 0.9513, Train Recall 0.9314,Train F1 0.9409
[2026-03-03 21:44:03,156][mainapp.py][line:183][INFO] [Run 1 | Epoch 214] Val Acc 0.8420, Val Precision 0.7711, Val Recall 0.7578, Val F1 0.7563
[2026-03-03 21:44:03,156][mainapp.py][line:187][INFO] [Run 1 | Epoch 214] Train Acc 0.9504, Train Precision 0.9559, Train Recall 0.9381,Train F1 0.9463
[2026-03-03 21:47:30,743][mainapp.py][line:183][INFO] [Run 1 | Epoch 215] Val Acc 0.8284, Val Precision 0.7618, Val Recall 0.7645, Val F1 0.7518
[2026-03-03 21:47:30,743][mainapp.py][line:187][INFO] [Run 1 | Epoch 215] Train Acc 0.9510, Train Precision 0.9478, Train Recall 0.9394,Train F1 0.9434
[2026-03-03 21:51:03,546][mainapp.py][line:183][INFO] [Run 1 | Epoch 216] Val Acc 0.8407, Val Precision 0.7725, Val Recall 0.7520, Val F1 0.7541
[2026-03-03 21:51:03,546][mainapp.py][line:187][INFO] [Run 1 | Epoch 216] Train Acc 0.9525, Train Precision 0.9597, Train Recall 0.9371,Train F1 0.9476
[2026-03-03 21:54:34,507][mainapp.py][line:183][INFO] [Run 1 | Epoch 217] Val Acc 0.8469, Val Precision 0.7813, Val Recall 0.7580, Val F1 0.7662
[2026-03-03 21:54:34,507][mainapp.py][line:187][INFO] [Run 1 | Epoch 217] Train Acc 0.9495, Train Precision 0.9557, Train Recall 0.9335,Train F1 0.9441
[2026-03-03 21:58:06,134][mainapp.py][line:183][INFO] [Run 1 | Epoch 218] Val Acc 0.8481, Val Precision 0.7864, Val Recall 0.7824, Val F1 0.7777
[2026-03-03 21:58:06,135][mainapp.py][line:187][INFO] [Run 1 | Epoch 218] Train Acc 0.9470, Train Precision 0.9459, Train Recall 0.9329,Train F1 0.9390
[2026-03-03 22:01:43,943][mainapp.py][line:183][INFO] [Run 1 | Epoch 219] Val Acc 0.8321, Val Precision 0.7596, Val Recall 0.7421, Val F1 0.7427
[2026-03-03 22:01:43,943][mainapp.py][line:187][INFO] [Run 1 | Epoch 219] Train Acc 0.9549, Train Precision 0.9633, Train Recall 0.9422,Train F1 0.9524
[2026-03-03 22:05:21,212][mainapp.py][line:183][INFO] [Run 1 | Epoch 220] Val Acc 0.8481, Val Precision 0.7825, Val Recall 0.7669, Val F1 0.7691
[2026-03-03 22:05:21,213][mainapp.py][line:187][INFO] [Run 1 | Epoch 220] Train Acc 0.9486, Train Precision 0.9504, Train Recall 0.9347,Train F1 0.9422
[2026-03-03 22:08:58,352][mainapp.py][line:183][INFO] [Run 1 | Epoch 221] Val Acc 0.8309, Val Precision 0.7610, Val Recall 0.7419, Val F1 0.7414
[2026-03-03 22:08:58,352][mainapp.py][line:187][INFO] [Run 1 | Epoch 221] Train Acc 0.9458, Train Precision 0.9478, Train Recall 0.9304,Train F1 0.9386
[2026-03-03 22:12:33,067][mainapp.py][line:183][INFO] [Run 1 | Epoch 222] Val Acc 0.8321, Val Precision 0.7516, Val Recall 0.7555, Val F1 0.7452
[2026-03-03 22:12:33,067][mainapp.py][line:187][INFO] [Run 1 | Epoch 222] Train Acc 0.9507, Train Precision 0.9507, Train Recall 0.9341,Train F1 0.9420
[2026-03-03 22:16:06,519][mainapp.py][line:183][INFO] [Run 1 | Epoch 223] Val Acc 0.8358, Val Precision 0.7661, Val Recall 0.7571, Val F1 0.7537
[2026-03-03 22:16:06,519][mainapp.py][line:187][INFO] [Run 1 | Epoch 223] Train Acc 0.9489, Train Precision 0.9561, Train Recall 0.9324,Train F1 0.9434
[2026-03-03 22:19:42,036][mainapp.py][line:183][INFO] [Run 1 | Epoch 224] Val Acc 0.8284, Val Precision 0.7540, Val Recall 0.7418, Val F1 0.7382
[2026-03-03 22:19:42,036][mainapp.py][line:187][INFO] [Run 1 | Epoch 224] Train Acc 0.9476, Train Precision 0.9517, Train Recall 0.9337,Train F1 0.9423
[2026-03-03 22:23:13,439][mainapp.py][line:183][INFO] [Run 1 | Epoch 225] Val Acc 0.8457, Val Precision 0.7744, Val Recall 0.7694, Val F1 0.7636
[2026-03-03 22:23:13,440][mainapp.py][line:187][INFO] [Run 1 | Epoch 225] Train Acc 0.9458, Train Precision 0.9465, Train Recall 0.9350,Train F1 0.9404
[2026-03-03 22:26:55,041][mainapp.py][line:183][INFO] [Run 1 | Epoch 226] Val Acc 0.8432, Val Precision 0.7706, Val Recall 0.7604, Val F1 0.7594
[2026-03-03 22:26:55,041][mainapp.py][line:187][INFO] [Run 1 | Epoch 226] Train Acc 0.9489, Train Precision 0.9589, Train Recall 0.9349,Train F1 0.9464
[2026-03-03 22:30:52,505][mainapp.py][line:183][INFO] [Run 1 | Epoch 227] Val Acc 0.8481, Val Precision 0.7785, Val Recall 0.7778, Val F1 0.7722
[2026-03-03 22:30:52,506][mainapp.py][line:187][INFO] [Run 1 | Epoch 227] Train Acc 0.9437, Train Precision 0.9457, Train Recall 0.9278,Train F1 0.9364
[2026-03-03 22:34:48,245][mainapp.py][line:183][INFO] [Run 1 | Epoch 228] Val Acc 0.8272, Val Precision 0.7541, Val Recall 0.7593, Val F1 0.7437
[2026-03-03 22:34:48,249][mainapp.py][line:187][INFO] [Run 1 | Epoch 228] Train Acc 0.9461, Train Precision 0.9460, Train Recall 0.9306,Train F1 0.9376
[2026-03-03 22:38:48,724][mainapp.py][line:183][INFO] [Run 1 | Epoch 229] Val Acc 0.8259, Val Precision 0.7592, Val Recall 0.7533, Val F1 0.7436
[2026-03-03 22:38:48,725][mainapp.py][line:187][INFO] [Run 1 | Epoch 229] Train Acc 0.9510, Train Precision 0.9515, Train Recall 0.9380,Train F1 0.9445
[2026-03-03 22:42:50,698][mainapp.py][line:183][INFO] [Run 1 | Epoch 230] Val Acc 0.8259, Val Precision 0.7528, Val Recall 0.7359, Val F1 0.7350
[2026-03-03 22:42:50,698][mainapp.py][line:187][INFO] [Run 1 | Epoch 230] Train Acc 0.9452, Train Precision 0.9502, Train Recall 0.9253,Train F1 0.9372
[2026-03-03 22:46:46,435][mainapp.py][line:183][INFO] [Run 1 | Epoch 231] Val Acc 0.8296, Val Precision 0.7569, Val Recall 0.7569, Val F1 0.7499
[2026-03-03 22:46:46,436][mainapp.py][line:187][INFO] [Run 1 | Epoch 231] Train Acc 0.9522, Train Precision 0.9464, Train Recall 0.9442,Train F1 0.9450
[2026-03-03 22:50:40,334][mainapp.py][line:183][INFO] [Run 1 | Epoch 232] Val Acc 0.8432, Val Precision 0.7761, Val Recall 0.7674, Val F1 0.7675
[2026-03-03 22:50:40,334][mainapp.py][line:187][INFO] [Run 1 | Epoch 232] Train Acc 0.9543, Train Precision 0.9516, Train Recall 0.9414,Train F1 0.9463
[2026-03-03 22:54:42,585][mainapp.py][line:183][INFO] [Run 1 | Epoch 233] Val Acc 0.8333, Val Precision 0.7653, Val Recall 0.7489, Val F1 0.7509
[2026-03-03 22:54:42,585][mainapp.py][line:187][INFO] [Run 1 | Epoch 233] Train Acc 0.9504, Train Precision 0.9500, Train Recall 0.9380,Train F1 0.9437
[2026-03-03 22:58:36,416][mainapp.py][line:183][INFO] [Run 1 | Epoch 234] Val Acc 0.8420, Val Precision 0.7708, Val Recall 0.7744, Val F1 0.7628
[2026-03-03 22:58:36,417][mainapp.py][line:187][INFO] [Run 1 | Epoch 234] Train Acc 0.9495, Train Precision 0.9515, Train Recall 0.9392,Train F1 0.9451
[2026-03-03 23:02:31,968][mainapp.py][line:183][INFO] [Run 1 | Epoch 235] Val Acc 0.8407, Val Precision 0.7724, Val Recall 0.7616, Val F1 0.7569
[2026-03-03 23:02:31,968][mainapp.py][line:187][INFO] [Run 1 | Epoch 235] Train Acc 0.9522, Train Precision 0.9496, Train Recall 0.9378,Train F1 0.9431
[2026-03-03 23:06:25,862][mainapp.py][line:183][INFO] [Run 1 | Epoch 236] Val Acc 0.8444, Val Precision 0.7744, Val Recall 0.7649, Val F1 0.7626
[2026-03-03 23:06:25,863][mainapp.py][line:187][INFO] [Run 1 | Epoch 236] Train Acc 0.9522, Train Precision 0.9515, Train Recall 0.9423,Train F1 0.9468
[2026-03-03 23:10:21,253][mainapp.py][line:183][INFO] [Run 1 | Epoch 237] Val Acc 0.8383, Val Precision 0.7665, Val Recall 0.7565, Val F1 0.7529
[2026-03-03 23:10:21,254][mainapp.py][line:187][INFO] [Run 1 | Epoch 237] Train Acc 0.9492, Train Precision 0.9486, Train Recall 0.9373,Train F1 0.9426
[2026-03-03 23:14:18,971][mainapp.py][line:183][INFO] [Run 1 | Epoch 238] Val Acc 0.8321, Val Precision 0.7632, Val Recall 0.7640, Val F1 0.7546
[2026-03-03 23:14:18,972][mainapp.py][line:187][INFO] [Run 1 | Epoch 238] Train Acc 0.9574, Train Precision 0.9587, Train Recall 0.9462,Train F1 0.9521
[2026-03-03 23:18:13,600][mainapp.py][line:183][INFO] [Run 1 | Epoch 239] Val Acc 0.8358, Val Precision 0.7573, Val Recall 0.7440, Val F1 0.7408
[2026-03-03 23:18:13,600][mainapp.py][line:187][INFO] [Run 1 | Epoch 239] Train Acc 0.9492, Train Precision 0.9530, Train Recall 0.9384,Train F1 0.9454
[2026-03-03 23:22:09,231][mainapp.py][line:183][INFO] [Run 1 | Epoch 240] Val Acc 0.8519, Val Precision 0.7778, Val Recall 0.7668, Val F1 0.7664
[2026-03-03 23:22:09,231][mainapp.py][line:187][INFO] [Run 1 | Epoch 240] Train Acc 0.9549, Train Precision 0.9554, Train Recall 0.9336,Train F1 0.9440
[2026-03-03 23:26:02,979][mainapp.py][line:183][INFO] [Run 1 | Epoch 241] Val Acc 0.8333, Val Precision 0.7528, Val Recall 0.7462, Val F1 0.7411
[2026-03-03 23:26:02,979][mainapp.py][line:187][INFO] [Run 1 | Epoch 241] Train Acc 0.9546, Train Precision 0.9565, Train Recall 0.9425,Train F1 0.9493
[2026-03-03 23:30:01,262][mainapp.py][line:183][INFO] [Run 1 | Epoch 242] Val Acc 0.8395, Val Precision 0.7642, Val Recall 0.7501, Val F1 0.7497
[2026-03-03 23:30:01,263][mainapp.py][line:187][INFO] [Run 1 | Epoch 242] Train Acc 0.9482, Train Precision 0.9523, Train Recall 0.9336,Train F1 0.9425
[2026-03-03 23:33:55,874][mainapp.py][line:183][INFO] [Run 1 | Epoch 243] Val Acc 0.8407, Val Precision 0.7707, Val Recall 0.7464, Val F1 0.7547
[2026-03-03 23:33:55,874][mainapp.py][line:187][INFO] [Run 1 | Epoch 243] Train Acc 0.9501, Train Precision 0.9487, Train Recall 0.9364,Train F1 0.9424
[2026-03-03 23:37:51,400][mainapp.py][line:183][INFO] [Run 1 | Epoch 244] Val Acc 0.8370, Val Precision 0.7598, Val Recall 0.7567, Val F1 0.7491
[2026-03-03 23:37:51,400][mainapp.py][line:187][INFO] [Run 1 | Epoch 244] Train Acc 0.9492, Train Precision 0.9524, Train Recall 0.9328,Train F1 0.9417
[2026-03-03 23:41:46,878][mainapp.py][line:183][INFO] [Run 1 | Epoch 245] Val Acc 0.8395, Val Precision 0.7625, Val Recall 0.7555, Val F1 0.7514
[2026-03-03 23:41:46,879][mainapp.py][line:187][INFO] [Run 1 | Epoch 245] Train Acc 0.9522, Train Precision 0.9561, Train Recall 0.9380,Train F1 0.9466
[2026-03-03 23:45:43,127][mainapp.py][line:183][INFO] [Run 1 | Epoch 246] Val Acc 0.8506, Val Precision 0.7751, Val Recall 0.7716, Val F1 0.7656
[2026-03-03 23:45:43,128][mainapp.py][line:187][INFO] [Run 1 | Epoch 246] Train Acc 0.9543, Train Precision 0.9545, Train Recall 0.9393,Train F1 0.9466
[2026-03-03 23:49:40,401][mainapp.py][line:183][INFO] [Run 1 | Epoch 247] Val Acc 0.8370, Val Precision 0.7594, Val Recall 0.7600, Val F1 0.7510
[2026-03-03 23:49:40,402][mainapp.py][line:187][INFO] [Run 1 | Epoch 247] Train Acc 0.9540, Train Precision 0.9567, Train Recall 0.9412,Train F1 0.9485
[2026-03-03 23:53:34,498][mainapp.py][line:183][INFO] [Run 1 | Epoch 248] Val Acc 0.8457, Val Precision 0.7689, Val Recall 0.7657, Val F1 0.7622
[2026-03-03 23:53:34,499][mainapp.py][line:187][INFO] [Run 1 | Epoch 248] Train Acc 0.9568, Train Precision 0.9521, Train Recall 0.9504,Train F1 0.9513
[2026-03-03 23:57:32,325][mainapp.py][line:183][INFO] [Run 1 | Epoch 249] Val Acc 0.8370, Val Precision 0.7643, Val Recall 0.7519, Val F1 0.7519
[2026-03-03 23:57:32,325][mainapp.py][line:187][INFO] [Run 1 | Epoch 249] Train Acc 0.9516, Train Precision 0.9560, Train Recall 0.9369,Train F1 0.9460
[2026-03-04 00:01:16,737][mainapp.py][line:183][INFO] [Run 1 | Epoch 250] Val Acc 0.8395, Val Precision 0.7640, Val Recall 0.7691, Val F1 0.7568
[2026-03-04 00:01:16,738][mainapp.py][line:187][INFO] [Run 1 | Epoch 250] Train Acc 0.9528, Train Precision 0.9534, Train Recall 0.9380,Train F1 0.9452
[2026-03-04 00:04:39,101][mainapp.py][line:183][INFO] [Run 1 | Epoch 251] Val Acc 0.8494, Val Precision 0.7793, Val Recall 0.7700, Val F1 0.7670
[2026-03-04 00:04:39,101][mainapp.py][line:187][INFO] [Run 1 | Epoch 251] Train Acc 0.9540, Train Precision 0.9545, Train Recall 0.9399,Train F1 0.9468
[2026-03-04 00:08:04,084][mainapp.py][line:183][INFO] [Run 1 | Epoch 252] Val Acc 0.8531, Val Precision 0.7850, Val Recall 0.7759, Val F1 0.7744
[2026-03-04 00:08:04,084][mainapp.py][line:187][INFO] [Run 1 | Epoch 252] Train Acc 0.9519, Train Precision 0.9501, Train Recall 0.9380,Train F1 0.9438
[2026-03-04 00:11:25,167][mainapp.py][line:183][INFO] [Run 1 | Epoch 253] Val Acc 0.8370, Val Precision 0.7608, Val Recall 0.7479, Val F1 0.7447
[2026-03-04 00:11:25,167][mainapp.py][line:187][INFO] [Run 1 | Epoch 253] Train Acc 0.9601, Train Precision 0.9633, Train Recall 0.9464,Train F1 0.9543
[2026-03-04 00:14:53,054][mainapp.py][line:183][INFO] [Run 1 | Epoch 254] Val Acc 0.8432, Val Precision 0.7731, Val Recall 0.7593, Val F1 0.7603
[2026-03-04 00:14:53,054][mainapp.py][line:187][INFO] [Run 1 | Epoch 254] Train Acc 0.9574, Train Precision 0.9613, Train Recall 0.9443,Train F1 0.9524
[2026-03-04 00:18:21,300][mainapp.py][line:183][INFO] [Run 1 | Epoch 255] Val Acc 0.8420, Val Precision 0.7799, Val Recall 0.7477, Val F1 0.7552
[2026-03-04 00:18:21,301][mainapp.py][line:187][INFO] [Run 1 | Epoch 255] Train Acc 0.9565, Train Precision 0.9579, Train Recall 0.9387,Train F1 0.9479
[2026-03-04 00:21:54,281][mainapp.py][line:183][INFO] [Run 1 | Epoch 256] Val Acc 0.8383, Val Precision 0.7653, Val Recall 0.7529, Val F1 0.7480
[2026-03-04 00:21:54,281][mainapp.py][line:187][INFO] [Run 1 | Epoch 256] Train Acc 0.9589, Train Precision 0.9615, Train Recall 0.9440,Train F1 0.9524
[2026-03-04 00:25:24,970][mainapp.py][line:183][INFO] [Run 1 | Epoch 257] Val Acc 0.8395, Val Precision 0.7702, Val Recall 0.7489, Val F1 0.7517
[2026-03-04 00:25:24,970][mainapp.py][line:187][INFO] [Run 1 | Epoch 257] Train Acc 0.9504, Train Precision 0.9530, Train Recall 0.9347,Train F1 0.9433
[2026-03-04 00:28:54,625][mainapp.py][line:183][INFO] [Run 1 | Epoch 258] Val Acc 0.8370, Val Precision 0.7601, Val Recall 0.7466, Val F1 0.7468
[2026-03-04 00:28:54,625][mainapp.py][line:187][INFO] [Run 1 | Epoch 258] Train Acc 0.9580, Train Precision 0.9596, Train Recall 0.9469,Train F1 0.9531
[2026-03-04 00:32:23,571][mainapp.py][line:183][INFO] [Run 1 | Epoch 259] Val Acc 0.8370, Val Precision 0.7642, Val Recall 0.7470, Val F1 0.7495
[2026-03-04 00:32:23,571][mainapp.py][line:187][INFO] [Run 1 | Epoch 259] Train Acc 0.9568, Train Precision 0.9606, Train Recall 0.9406,Train F1 0.9500
[2026-03-04 00:35:51,549][mainapp.py][line:183][INFO] [Run 1 | Epoch 260] Val Acc 0.8407, Val Precision 0.7710, Val Recall 0.7559, Val F1 0.7575
[2026-03-04 00:35:51,550][mainapp.py][line:187][INFO] [Run 1 | Epoch 260] Train Acc 0.9589, Train Precision 0.9626, Train Recall 0.9484,Train F1 0.9552
[2026-03-04 00:39:22,681][mainapp.py][line:183][INFO] [Run 1 | Epoch 261] Val Acc 0.8247, Val Precision 0.7505, Val Recall 0.7470, Val F1 0.7382
[2026-03-04 00:39:22,682][mainapp.py][line:187][INFO] [Run 1 | Epoch 261] Train Acc 0.9537, Train Precision 0.9555, Train Recall 0.9382,Train F1 0.9463
[2026-03-04 00:42:51,409][mainapp.py][line:183][INFO] [Run 1 | Epoch 262] Val Acc 0.8383, Val Precision 0.7645, Val Recall 0.7637, Val F1 0.7568
[2026-03-04 00:42:51,410][mainapp.py][line:187][INFO] [Run 1 | Epoch 262] Train Acc 0.9583, Train Precision 0.9634, Train Recall 0.9467,Train F1 0.9547
[2026-03-04 00:46:22,138][mainapp.py][line:183][INFO] [Run 1 | Epoch 263] Val Acc 0.8407, Val Precision 0.7665, Val Recall 0.7678, Val F1 0.7599
[2026-03-04 00:46:22,139][mainapp.py][line:187][INFO] [Run 1 | Epoch 263] Train Acc 0.9607, Train Precision 0.9645, Train Recall 0.9501,Train F1 0.9571
[2026-03-04 00:49:48,673][mainapp.py][line:183][INFO] [Run 1 | Epoch 264] Val Acc 0.8333, Val Precision 0.7553, Val Recall 0.7531, Val F1 0.7473
[2026-03-04 00:49:48,673][mainapp.py][line:187][INFO] [Run 1 | Epoch 264] Train Acc 0.9546, Train Precision 0.9563, Train Recall 0.9424,Train F1 0.9491
[2026-03-04 00:53:17,110][mainapp.py][line:183][INFO] [Run 1 | Epoch 265] Val Acc 0.8420, Val Precision 0.7674, Val Recall 0.7616, Val F1 0.7592
[2026-03-04 00:53:17,111][mainapp.py][line:187][INFO] [Run 1 | Epoch 265] Train Acc 0.9574, Train Precision 0.9645, Train Recall 0.9462,Train F1 0.9549
[2026-03-04 00:56:46,774][mainapp.py][line:183][INFO] [Run 1 | Epoch 266] Val Acc 0.8407, Val Precision 0.7650, Val Recall 0.7611, Val F1 0.7571
[2026-03-04 00:56:46,774][mainapp.py][line:187][INFO] [Run 1 | Epoch 266] Train Acc 0.9543, Train Precision 0.9567, Train Recall 0.9419,Train F1 0.9491
[2026-03-04 01:00:11,221][mainapp.py][line:183][INFO] [Run 1 | Epoch 267] Val Acc 0.8432, Val Precision 0.7713, Val Recall 0.7611, Val F1 0.7597
[2026-03-04 01:00:11,222][mainapp.py][line:187][INFO] [Run 1 | Epoch 267] Train Acc 0.9531, Train Precision 0.9580, Train Recall 0.9371,Train F1 0.9470
[2026-03-04 01:03:38,807][mainapp.py][line:183][INFO] [Run 1 | Epoch 268] Val Acc 0.8432, Val Precision 0.7685, Val Recall 0.7660, Val F1 0.7594
[2026-03-04 01:03:38,807][mainapp.py][line:187][INFO] [Run 1 | Epoch 268] Train Acc 0.9595, Train Precision 0.9609, Train Recall 0.9525,Train F1 0.9566
[2026-03-04 01:07:04,632][mainapp.py][line:183][INFO] [Run 1 | Epoch 269] Val Acc 0.8444, Val Precision 0.7713, Val Recall 0.7684, Val F1 0.7602
[2026-03-04 01:07:04,633][mainapp.py][line:187][INFO] [Run 1 | Epoch 269] Train Acc 0.9610, Train Precision 0.9638, Train Recall 0.9442,Train F1 0.9535
[2026-03-04 01:10:21,549][mainapp.py][line:183][INFO] [Run 1 | Epoch 270] Val Acc 0.8395, Val Precision 0.7661, Val Recall 0.7675, Val F1 0.7599
[2026-03-04 01:10:21,550][mainapp.py][line:187][INFO] [Run 1 | Epoch 270] Train Acc 0.9583, Train Precision 0.9578, Train Recall 0.9482,Train F1 0.9529
[2026-03-04 01:13:01,558][mainapp.py][line:183][INFO] [Run 1 | Epoch 271] Val Acc 0.8420, Val Precision 0.7649, Val Recall 0.7634, Val F1 0.7578
[2026-03-04 01:13:01,558][mainapp.py][line:187][INFO] [Run 1 | Epoch 271] Train Acc 0.9583, Train Precision 0.9568, Train Recall 0.9469,Train F1 0.9516
[2026-03-04 01:15:45,534][mainapp.py][line:183][INFO] [Run 1 | Epoch 272] Val Acc 0.8358, Val Precision 0.7600, Val Recall 0.7578, Val F1 0.7529
[2026-03-04 01:15:45,535][mainapp.py][line:187][INFO] [Run 1 | Epoch 272] Train Acc 0.9553, Train Precision 0.9580, Train Recall 0.9410,Train F1 0.9490
[2026-03-04 01:18:25,254][mainapp.py][line:183][INFO] [Run 1 | Epoch 273] Val Acc 0.8333, Val Precision 0.7577, Val Recall 0.7558, Val F1 0.7513
[2026-03-04 01:18:25,254][mainapp.py][line:187][INFO] [Run 1 | Epoch 273] Train Acc 0.9562, Train Precision 0.9574, Train Recall 0.9392,Train F1 0.9478
[2026-03-04 01:21:08,988][mainapp.py][line:183][INFO] [Run 1 | Epoch 274] Val Acc 0.8358, Val Precision 0.7621, Val Recall 0.7583, Val F1 0.7542
[2026-03-04 01:21:08,989][mainapp.py][line:187][INFO] [Run 1 | Epoch 274] Train Acc 0.9537, Train Precision 0.9588, Train Recall 0.9400,Train F1 0.9490
[2026-03-04 01:23:56,123][mainapp.py][line:183][INFO] [Run 1 | Epoch 275] Val Acc 0.8370, Val Precision 0.7636, Val Recall 0.7544, Val F1 0.7549
[2026-03-04 01:23:56,124][mainapp.py][line:187][INFO] [Run 1 | Epoch 275] Train Acc 0.9577, Train Precision 0.9620, Train Recall 0.9437,Train F1 0.9526
[2026-03-04 01:26:38,414][mainapp.py][line:183][INFO] [Run 1 | Epoch 276] Val Acc 0.8333, Val Precision 0.7589, Val Recall 0.7587, Val F1 0.7531
[2026-03-04 01:26:38,415][mainapp.py][line:187][INFO] [Run 1 | Epoch 276] Train Acc 0.9626, Train Precision 0.9625, Train Recall 0.9466,Train F1 0.9542
[2026-03-04 01:29:27,572][mainapp.py][line:183][INFO] [Run 1 | Epoch 277] Val Acc 0.8346, Val Precision 0.7597, Val Recall 0.7578, Val F1 0.7529
[2026-03-04 01:29:27,573][mainapp.py][line:187][INFO] [Run 1 | Epoch 277] Train Acc 0.9601, Train Precision 0.9637, Train Recall 0.9476,Train F1 0.9553
[2026-03-04 01:32:09,224][mainapp.py][line:183][INFO] [Run 1 | Epoch 278] Val Acc 0.8346, Val Precision 0.7604, Val Recall 0.7619, Val F1 0.7552
[2026-03-04 01:32:09,224][mainapp.py][line:187][INFO] [Run 1 | Epoch 278] Train Acc 0.9531, Train Precision 0.9489, Train Recall 0.9439,Train F1 0.9463
[2026-03-04 01:34:52,439][mainapp.py][line:183][INFO] [Run 1 | Epoch 279] Val Acc 0.8383, Val Precision 0.7634, Val Recall 0.7619, Val F1 0.7565
[2026-03-04 01:34:52,440][mainapp.py][line:187][INFO] [Run 1 | Epoch 279] Train Acc 0.9610, Train Precision 0.9607, Train Recall 0.9463,Train F1 0.9533
[2026-03-04 01:37:35,278][mainapp.py][line:183][INFO] [Run 1 | Epoch 280] Val Acc 0.8370, Val Precision 0.7591, Val Recall 0.7572, Val F1 0.7513
[2026-03-04 01:37:35,279][mainapp.py][line:187][INFO] [Run 1 | Epoch 280] Train Acc 0.9586, Train Precision 0.9611, Train Recall 0.9475,Train F1 0.9540
[2026-03-04 01:40:18,049][mainapp.py][line:183][INFO] [Run 1 | Epoch 281] Val Acc 0.8420, Val Precision 0.7684, Val Recall 0.7720, Val F1 0.7623
[2026-03-04 01:40:18,049][mainapp.py][line:187][INFO] [Run 1 | Epoch 281] Train Acc 0.9568, Train Precision 0.9589, Train Recall 0.9433,Train F1 0.9509
[2026-03-04 01:43:04,123][mainapp.py][line:183][INFO] [Run 1 | Epoch 282] Val Acc 0.8420, Val Precision 0.7667, Val Recall 0.7678, Val F1 0.7592
[2026-03-04 01:43:04,123][mainapp.py][line:187][INFO] [Run 1 | Epoch 282] Train Acc 0.9638, Train Precision 0.9668, Train Recall 0.9534,Train F1 0.9599
[2026-03-04 01:45:46,185][mainapp.py][line:183][INFO] [Run 1 | Epoch 283] Val Acc 0.8420, Val Precision 0.7647, Val Recall 0.7657, Val F1 0.7574
[2026-03-04 01:45:46,186][mainapp.py][line:187][INFO] [Run 1 | Epoch 283] Train Acc 0.9616, Train Precision 0.9641, Train Recall 0.9514,Train F1 0.9575
[2026-03-04 01:48:27,230][mainapp.py][line:183][INFO] [Run 1 | Epoch 284] Val Acc 0.8370, Val Precision 0.7621, Val Recall 0.7581, Val F1 0.7532
[2026-03-04 01:48:27,230][mainapp.py][line:187][INFO] [Run 1 | Epoch 284] Train Acc 0.9568, Train Precision 0.9603, Train Recall 0.9407,Train F1 0.9500
[2026-03-04 01:51:06,579][mainapp.py][line:183][INFO] [Run 1 | Epoch 285] Val Acc 0.8432, Val Precision 0.7696, Val Recall 0.7658, Val F1 0.7615
[2026-03-04 01:51:06,579][mainapp.py][line:187][INFO] [Run 1 | Epoch 285] Train Acc 0.9632, Train Precision 0.9640, Train Recall 0.9561,Train F1 0.9600
[2026-03-04 01:53:47,581][mainapp.py][line:183][INFO] [Run 1 | Epoch 286] Val Acc 0.8395, Val Precision 0.7627, Val Recall 0.7580, Val F1 0.7539
[2026-03-04 01:53:47,581][mainapp.py][line:187][INFO] [Run 1 | Epoch 286] Train Acc 0.9586, Train Precision 0.9624, Train Recall 0.9452,Train F1 0.9535
[2026-03-04 01:56:29,048][mainapp.py][line:183][INFO] [Run 1 | Epoch 287] Val Acc 0.8395, Val Precision 0.7635, Val Recall 0.7642, Val F1 0.7563
[2026-03-04 01:56:29,049][mainapp.py][line:187][INFO] [Run 1 | Epoch 287] Train Acc 0.9598, Train Precision 0.9606, Train Recall 0.9490,Train F1 0.9546
[2026-03-04 01:59:13,382][mainapp.py][line:183][INFO] [Run 1 | Epoch 288] Val Acc 0.8370, Val Precision 0.7593, Val Recall 0.7597, Val F1 0.7522
[2026-03-04 01:59:13,382][mainapp.py][line:187][INFO] [Run 1 | Epoch 288] Train Acc 0.9568, Train Precision 0.9569, Train Recall 0.9470,Train F1 0.9519
[2026-03-04 02:01:52,979][mainapp.py][line:183][INFO] [Run 1 | Epoch 289] Val Acc 0.8395, Val Precision 0.7627, Val Recall 0.7631, Val F1 0.7547
[2026-03-04 02:01:52,980][mainapp.py][line:187][INFO] [Run 1 | Epoch 289] Train Acc 0.9540, Train Precision 0.9583, Train Recall 0.9389,Train F1 0.9482
[2026-03-04 02:04:33,095][mainapp.py][line:183][INFO] [Run 1 | Epoch 290] Val Acc 0.8346, Val Precision 0.7598, Val Recall 0.7596, Val F1 0.7516
[2026-03-04 02:04:33,095][mainapp.py][line:187][INFO] [Run 1 | Epoch 290] Train Acc 0.9574, Train Precision 0.9593, Train Recall 0.9449,Train F1 0.9518
[2026-03-04 02:07:14,392][mainapp.py][line:183][INFO] [Run 1 | Epoch 291] Val Acc 0.8383, Val Precision 0.7627, Val Recall 0.7616, Val F1 0.7542
[2026-03-04 02:07:14,393][mainapp.py][line:187][INFO] [Run 1 | Epoch 291] Train Acc 0.9553, Train Precision 0.9552, Train Recall 0.9457,Train F1 0.9503
[2026-03-04 02:09:56,475][mainapp.py][line:183][INFO] [Run 1 | Epoch 292] Val Acc 0.8383, Val Precision 0.7636, Val Recall 0.7596, Val F1 0.7547
[2026-03-04 02:09:56,476][mainapp.py][line:187][INFO] [Run 1 | Epoch 292] Train Acc 0.9601, Train Precision 0.9596, Train Recall 0.9501,Train F1 0.9547
[2026-03-04 02:12:41,861][mainapp.py][line:183][INFO] [Run 1 | Epoch 293] Val Acc 0.8370, Val Precision 0.7629, Val Recall 0.7565, Val F1 0.7527
[2026-03-04 02:12:41,861][mainapp.py][line:187][INFO] [Run 1 | Epoch 293] Train Acc 0.9577, Train Precision 0.9563, Train Recall 0.9444,Train F1 0.9502
[2026-03-04 02:15:28,091][mainapp.py][line:183][INFO] [Run 1 | Epoch 294] Val Acc 0.8395, Val Precision 0.7643, Val Recall 0.7580, Val F1 0.7543
[2026-03-04 02:15:28,092][mainapp.py][line:187][INFO] [Run 1 | Epoch 294] Train Acc 0.9589, Train Precision 0.9615, Train Recall 0.9505,Train F1 0.9559
[2026-03-04 02:18:15,864][mainapp.py][line:183][INFO] [Run 1 | Epoch 295] Val Acc 0.8321, Val Precision 0.7553, Val Recall 0.7544, Val F1 0.7467
[2026-03-04 02:18:15,865][mainapp.py][line:187][INFO] [Run 1 | Epoch 295] Train Acc 0.9537, Train Precision 0.9513, Train Recall 0.9393,Train F1 0.9451
[2026-03-04 02:21:03,890][mainapp.py][line:183][INFO] [Run 1 | Epoch 296] Val Acc 0.8358, Val Precision 0.7593, Val Recall 0.7560, Val F1 0.7501
[2026-03-04 02:21:03,890][mainapp.py][line:187][INFO] [Run 1 | Epoch 296] Train Acc 0.9583, Train Precision 0.9604, Train Recall 0.9436,Train F1 0.9516
[2026-03-04 02:23:45,570][mainapp.py][line:183][INFO] [Run 1 | Epoch 297] Val Acc 0.8370, Val Precision 0.7626, Val Recall 0.7565, Val F1 0.7527
[2026-03-04 02:23:45,570][mainapp.py][line:187][INFO] [Run 1 | Epoch 297] Train Acc 0.9623, Train Precision 0.9652, Train Recall 0.9498,Train F1 0.9572
[2026-03-04 02:26:31,221][mainapp.py][line:183][INFO] [Run 1 | Epoch 298] Val Acc 0.8358, Val Precision 0.7616, Val Recall 0.7560, Val F1 0.7518
[2026-03-04 02:26:31,221][mainapp.py][line:187][INFO] [Run 1 | Epoch 298] Train Acc 0.9583, Train Precision 0.9548, Train Recall 0.9495,Train F1 0.9520
[2026-03-04 02:29:10,072][mainapp.py][line:183][INFO] [Run 1 | Epoch 299] Val Acc 0.8321, Val Precision 0.7517, Val Recall 0.7531, Val F1 0.7447
[2026-03-04 02:29:10,072][mainapp.py][line:187][INFO] [Run 1 | Epoch 299] Train Acc 0.9601, Train Precision 0.9645, Train Recall 0.9442,Train F1 0.9538
